Archive member included to satisfy reference by file (symbol)

/Applications/STM32CubeIDE.app/Contents/Eclipse/plugins/com.st.stm32cube.ide.mcu.externaltools.gnu-tools-for-stm32.12.3.rel1.macos64_1.1.0.202410301201/tools/bin/../lib/gcc/arm-none-eabi/12.3.1/../../../../arm-none-eabi/lib/thumb/v7e-m+fp/hard/libc_nano.a(libc_a-assert.o)
                              ./Core/Src/cayenne_lpp.o (__assert_func)
/Applications/STM32CubeIDE.app/Contents/Eclipse/plugins/com.st.stm32cube.ide.mcu.externaltools.gnu-tools-for-stm32.12.3.rel1.macos64_1.1.0.202410301201/tools/bin/../lib/gcc/arm-none-eabi/12.3.1/../../../../arm-none-eabi/lib/thumb/v7e-m+fp/hard/libc_nano.a(libc_a-exit.o)
                              /Applications/STM32CubeIDE.app/Contents/Eclipse/plugins/com.st.stm32cube.ide.mcu.externaltools.gnu-tools-for-stm32.12.3.rel1.macos64_1.1.0.202410301201/tools/bin/../lib/gcc/arm-none-eabi/12.3.1/../../../../arm-none-eabi/lib/thumb/v7e-m+fp/hard/crt0.o (exit)
/Applications/STM32CubeIDE.app/Contents/Eclipse/plugins/com.st.stm32cube.ide.mcu.externaltools.gnu-tools-for-stm32.12.3.rel1.macos64_1.1.0.202410301201/tools/bin/../lib/gcc/arm-none-eabi/12.3.1/../../../../arm-none-eabi/lib/thumb/v7e-m+fp/hard/libc_nano.a(libc_a-findfp.o)
                              /Applications/STM32CubeIDE.app/Contents/Eclipse/plugins/com.st.stm32cube.ide.mcu.externaltools.gnu-tools-for-stm32.12.3.rel1.macos64_1.1.0.202410301201/tools/bin/../lib/gcc/arm-none-eabi/12.3.1/../../../../arm-none-eabi/lib/thumb/v7e-m+fp/hard/libc_nano.a(libc_a-exit.o) (__stdio_exit_handler)
/Applications/STM32CubeIDE.app/Contents/Eclipse/plugins/com.st.stm32cube.ide.mcu.externaltools.gnu-tools-for-stm32.12.3.rel1.macos64_1.1.0.202410301201/tools/bin/../lib/gcc/arm-none-eabi/12.3.1/../../../../arm-none-eabi/lib/thumb/v7e-m+fp/hard/libc_nano.a(libc_a-fprintf.o)
                              /Applications/STM32CubeIDE.app/Contents/Eclipse/plugins/com.st.stm32cube.ide.mcu.externaltools.gnu-tools-for-stm32.12.3.rel1.macos64_1.1.0.202410301201/tools/bin/../lib/gcc/arm-none-eabi/12.3.1/../../../../arm-none-eabi/lib/thumb/v7e-m+fp/hard/libc_nano.a(libc_a-assert.o) (fiprintf)
/Applications/STM32CubeIDE.app/Contents/Eclipse/plugins/com.st.stm32cube.ide.mcu.externaltools.gnu-tools-for-stm32.12.3.rel1.macos64_1.1.0.202410301201/tools/bin/../lib/gcc/arm-none-eabi/12.3.1/../../../../arm-none-eabi/lib/thumb/v7e-m+fp/hard/libc_nano.a(libc_a-fwalk.o)
                              /Applications/STM32CubeIDE.app/Contents/Eclipse/plugins/com.st.stm32cube.ide.mcu.externaltools.gnu-tools-for-stm32.12.3.rel1.macos64_1.1.0.202410301201/tools/bin/../lib/gcc/arm-none-eabi/12.3.1/../../../../arm-none-eabi/lib/thumb/v7e-m+fp/hard/libc_nano.a(libc_a-findfp.o) (_fwalk_sglue)
/Applications/STM32CubeIDE.app/Contents/Eclipse/plugins/com.st.stm32cube.ide.mcu.externaltools.gnu-tools-for-stm32.12.3.rel1.macos64_1.1.0.202410301201/tools/bin/../lib/gcc/arm-none-eabi/12.3.1/../../../../arm-none-eabi/lib/thumb/v7e-m+fp/hard/libc_nano.a(libc_a-memset.o)
                              /Applications/STM32CubeIDE.app/Contents/Eclipse/plugins/com.st.stm32cube.ide.mcu.externaltools.gnu-tools-for-stm32.12.3.rel1.macos64_1.1.0.202410301201/tools/bin/../lib/gcc/arm-none-eabi/12.3.1/../../../../arm-none-eabi/lib/thumb/v7e-m+fp/hard/crt0.o (memset)
/Applications/STM32CubeIDE.app/Contents/Eclipse/plugins/com.st.stm32cube.ide.mcu.externaltools.gnu-tools-for-stm32.12.3.rel1.macos64_1.1.0.202410301201/tools/bin/../lib/gcc/arm-none-eabi/12.3.1/../../../../arm-none-eabi/lib/thumb/v7e-m+fp/hard/libc_nano.a(libc_a-impure.o)
                              /Applications/STM32CubeIDE.app/Contents/Eclipse/plugins/com.st.stm32cube.ide.mcu.externaltools.gnu-tools-for-stm32.12.3.rel1.macos64_1.1.0.202410301201/tools/bin/../lib/gcc/arm-none-eabi/12.3.1/../../../../arm-none-eabi/lib/thumb/v7e-m+fp/hard/libc_nano.a(libc_a-assert.o) (_impure_ptr)
/Applications/STM32CubeIDE.app/Contents/Eclipse/plugins/com.st.stm32cube.ide.mcu.externaltools.gnu-tools-for-stm32.12.3.rel1.macos64_1.1.0.202410301201/tools/bin/../lib/gcc/arm-none-eabi/12.3.1/../../../../arm-none-eabi/lib/thumb/v7e-m+fp/hard/libc_nano.a(libc_a-errno.o)
                              ./Core/Src/syscalls.o (__errno)
/Applications/STM32CubeIDE.app/Contents/Eclipse/plugins/com.st.stm32cube.ide.mcu.externaltools.gnu-tools-for-stm32.12.3.rel1.macos64_1.1.0.202410301201/tools/bin/../lib/gcc/arm-none-eabi/12.3.1/../../../../arm-none-eabi/lib/thumb/v7e-m+fp/hard/libc_nano.a(libc_a-init.o)
                              /Applications/STM32CubeIDE.app/Contents/Eclipse/plugins/com.st.stm32cube.ide.mcu.externaltools.gnu-tools-for-stm32.12.3.rel1.macos64_1.1.0.202410301201/tools/bin/../lib/gcc/arm-none-eabi/12.3.1/../../../../arm-none-eabi/lib/thumb/v7e-m+fp/hard/crt0.o (__libc_init_array)
[...]
Memory Configuration

Name             Origin             Length             Attributes
RAM              0x20000000         0x0000c000         xrw
RAM2             0x10000000         0x00004000         xrw
FLASH            0x08000000         0x00040000         xr
*default*        0x00000000         0xffffffff

Linker script and memory map

LOAD /Applications/STM32CubeIDE.app/Contents/Eclipse/plugins/com.st.stm32cube.ide.mcu.externaltools.gnu-tools-for-stm32.12.3.rel1.macos64_1.1.0.202410301201/tools/bin/../lib/gcc/arm-none-eabi/12.3.1/thumb/v7e-m+fp/hard/crti.o
LOAD /Applications/STM32CubeIDE.app/Contents/Eclipse/plugins/com.st.stm32cube.ide.mcu.externaltools.gnu-tools-for-stm32.12.3.rel1.macos64_1.1.0.202410301201/tools/bin/../lib/gcc/arm-none-eabi/12.3.1/thumb/v7e-m+fp/hard/crtbegin.o
LOAD /Applications/STM32CubeIDE.app/Contents/Eclipse/plugins/com.st.stm32cube.ide.mcu.externaltools.gnu-tools-for-stm32.12.3.rel1.macos64_1.1.0.202410301201/tools/bin/../lib/gcc/arm-none-eabi/12.3.1/../../../../arm-none-eabi/lib/thumb/v7e-m+fp/hard/crt0.o
LOAD ./Core/Src/adc.o
LOAD ./Core/Src/aes.o
LOAD ./Core/Src/bme68x.o
LOAD ./Core/Src/bme68x_necessary_functions.o
LOAD ./Core/Src/cayenne_lpp.o
LOAD ./Core/Src/debug.o
LOAD ./Core/Src/gpio.o
LOAD ./Core/Src/hal.o
LOAD ./Core/Src/i2c.o
LOAD ./Core/Src/lmic.o
LOAD ./Core/Src/main.o
LOAD ./Core/Src/oslmic.o
LOAD ./Core/Src/radio.o
LOAD ./Core/Src/spi.o
LOAD ./Core/Src/stm32l4xx_hal_msp.o
LOAD ./Core/Src/stm32l4xx_it.o
LOAD ./Core/Src/syscalls.o
LOAD ./Core/Src/sysmem.o
LOAD ./Core/Src/system_stm32l4xx.o
LOAD ./Core/Src/tim.o
LOAD ./Core/Src/usart.o
LOAD ./Core/Startup/startup_stm32l432kcux.o
LOAD ./Drivers/STM32L4xx_HAL_Driver/Src/stm32l4xx_hal.o
LOAD ./Drivers/STM32L4xx_HAL_Driver/Src/stm32l4xx_hal_adc.o
LOAD ./Drivers/STM32L4xx_HAL_Driver/Src/stm32l4xx_hal_adc_ex.o
LOAD ./Drivers/STM32L4xx_HAL_Driver/Src/stm32l4xx_hal_cortex.o
LOAD ./Drivers/STM32L4xx_HAL_Driver/Src/stm32l4xx_hal_dma.o
LOAD ./Drivers/STM32L4xx_HAL_Driver/Src/stm32l4xx_hal_dma_ex.o
LOAD ./Drivers/STM32L4xx_HAL_Driver/Src/stm32l4xx_hal_exti.o
LOAD ./Drivers/STM32L4xx_HAL_Driver/Src/stm32l4xx_hal_flash.o
LOAD ./Drivers/STM32L4xx_HAL_Driver/Src/stm32l4xx_hal_flash_ex.o
LOAD ./Drivers/STM32L4xx_HAL_Driver/Src/stm32l4xx_hal_flash_ramfunc.o
LOAD ./Drivers/STM32L4xx_HAL_Driver/Src/stm32l4xx_hal_gpio.o
LOAD ./Drivers/STM32L4xx_HAL_Driver/Src/stm32l4xx_hal_i2c.o
LOAD ./Drivers/STM32L4xx_HAL_Driver/Src/stm32l4xx_hal_i2c_ex.o
LOAD ./Drivers/STM32L4xx_HAL_Driver/Src/stm32l4xx_hal_pwr.o
LOAD ./Drivers/STM32L4xx_HAL_Driver/Src/stm32l4xx_hal_pwr_ex.o
LOAD ./Drivers/STM32L4xx_HAL_Driver/Src/stm32l4xx_hal_rcc.o
LOAD ./Drivers/STM32L4xx_HAL_Driver/Src/stm32l4xx_hal_rcc_ex.o
LOAD ./Drivers/STM32L4xx_HAL_Driver/Src/stm32l4xx_hal_spi.o
LOAD ./Drivers/STM32L4xx_HAL_Driver/Src/stm32l4xx_hal_spi_ex.o
LOAD ./Drivers/STM32L4xx_HAL_Driver/Src/stm32l4xx_hal_tim.o
LOAD ./Drivers/STM32L4xx_HAL_Driver/Src/stm32l4xx_hal_tim_ex.o
LOAD ./Drivers/STM32L4xx_HAL_Driver/Src/stm32l4xx_hal_uart.o
LOAD ./Drivers/STM32L4xx_HAL_Driver/Src/stm32l4xx_hal_uart_ex.o
START GROUP
LOAD /Applications/STM32CubeIDE.app/Contents/Eclipse/plugins/com.st.stm32cube.ide.mcu.externaltools.gnu-tools-for-stm32.12.3.rel1.macos64_1.1.0.202410301201/tools/bin/../lib/gcc/arm-none-eabi/12.3.1/../../../../arm-none-eabi/lib/thumb/v7e-m+fp/hard/libc_nano.a
LOAD /Applications/STM32CubeIDE.app/Contents/Eclipse/plugins/com.st.stm32cube.ide.mcu.externaltools.gnu-tools-for-stm32.12.3.rel1.macos64_1.1.0.202410301201/tools/bin/../lib/gcc/arm-none-eabi/12.3.1/../../../../arm-none-eabi/lib/thumb/v7e-m+fp/hard/libm.a
END GROUP
START GROUP
LOAD /Applications/STM32CubeIDE.app/Contents/Eclipse/plugins/com.st.stm32cube.ide.mcu.externaltools.gnu-tools-for-stm32.12.3.rel1.macos64_1.1.0.202410301201/tools/bin/../lib/gcc/arm-none-eabi/12.3.1/thumb/v7e-m+fp/hard/libgcc.a
LOAD /Applications/STM32CubeIDE.app/Contents/Eclipse/plugins/com.st.stm32cube.ide.mcu.externaltools.gnu-tools-for-stm32.12.3.rel1.macos64_1.1.0.202410301201/tools/bin/../lib/gcc/arm-none-eabi/12.3.1/../../../../arm-none-eabi/lib/thumb/v7e-m+fp/hard/libc_nano.a
END GROUP
START GROUP
LOAD /Applications/STM32CubeIDE.app/Contents/Eclipse/plugins/com.st.stm32cube.ide.mcu.externaltools.gnu-tools-for-stm32.12.3.rel1.macos64_1.1.0.202410301201/tools/bin/../lib/gcc/arm-none-eabi/12.3.1/thumb/v7e-m+fp/hard/libgcc.a
LOAD /Applications/STM32CubeIDE.app/Contents/Eclipse/plugins/com.st.stm32cube.ide.mcu.externaltools.gnu-tools-for-stm32.12.3.rel1.macos64_1.1.0.202410301201/tools/bin/../lib/gcc/arm-none-eabi/12.3.1/../../../../arm-none-eabi/lib/thumb/v7e-m+fp/hard/libc_nano.a
LOAD /Applications/STM32CubeIDE.app/Contents/Eclipse/plugins/com.st.stm32cube.ide.mcu.externaltools.gnu-tools-for-stm32.12.3.rel1.macos64_1.1.0.202410301201/tools/bin/../lib/gcc/arm-none-eabi/12.3.1/../../../../arm-none-eabi/lib/thumb/v7e-m+fp/hard/libnosys.a
END GROUP
START GROUP
LOAD /Applications/STM32CubeIDE.app/Contents/Eclipse/plugins/com.st.stm32cube.ide.mcu.externaltools.gnu-tools-for-stm32.12.3.rel1.macos64_1.1.0.202410301201/tools/bin/../lib/gcc/arm-none-eabi/12.3.1/thumb/v7e-m+fp/hard/libgcc.a
LOAD /Applications/STM32CubeIDE.app/Contents/Eclipse/plugins/com.st.stm32cube.ide.mcu.externaltools.gnu-tools-for-stm32.12.3.rel1.macos64_1.1.0.202410301201/tools/bin/../lib/gcc/arm-none-eabi/12.3.1/../../../../arm-none-eabi/lib/thumb/v7e-m+fp/hard/libc_nano.a
LOAD /Applications/STM32CubeIDE.app/Contents/Eclipse/plugins/com.st.stm32cube.ide.mcu.externaltools.gnu-tools-for-stm32.12.3.rel1.macos64_1.1.0.202410301201/tools/bin/../lib/gcc/arm-none-eabi/12.3.1/../../../../arm-none-eabi/lib/thumb/v7e-m+fp/hard/libnosys.a
END GROUP
LOAD /Applications/STM32CubeIDE.app/Contents/Eclipse/plugins/com.st.stm32cube.ide.mcu.externaltools.gnu-tools-for-stm32.12.3.rel1.macos64_1.1.0.202410301201/tools/bin/../lib/gcc/arm-none-eabi/12.3.1/thumb/v7e-m+fp/hard/crtend.o
LOAD /Applications/STM32CubeIDE.app/Contents/Eclipse/plugins/com.st.stm32cube.ide.mcu.externaltools.gnu-tools-for-stm32.12.3.rel1.macos64_1.1.0.202410301201/tools/bin/../lib/gcc/arm-none-eabi/12.3.1/thumb/v7e-m+fp/hard/crtn.o
                0x2000c000                        _estack = (ORIGIN (RAM) + LENGTH (RAM))
                0x00000200                        _Min_Heap_Size = 0x200
                0x00000400                        _Min_Stack_Size = 0x400

.isr_vector     0x08000000      0x18c
                0x08000000                        . = ALIGN (0x4)
 *(.isr_vector)
 .isr_vector    0x08000000      0x18c ./Core/Startup/startup_stm32l432kcux.o
                0x08000000                g_pfnVectors
                0x0800018c                        . = ALIGN (0x4)

.text           0x0800018c     0xaae4
                0x0800018c                        . = ALIGN (0x4)
 *(.text)
 .text          0x0800018c       0x40 /Applications/STM32CubeIDE.app/Contents/Eclipse/plugins/com.st.stm32cube.ide.mcu.externaltools.gnu-tools-for-stm32.12.3.rel1.macos64_1.1.0.202410301201/tools/bin/../lib/gcc/arm-none-eabi/12.3.1/thumb/v7e-m+fp/hard/crtbegin.o
 .text          0x080001cc       0xa0 /Applications/STM32CubeIDE.app/Contents/Eclipse/plugins/com.st.stm32cube.ide.mcu.externaltools.gnu-tools-for-stm32.12.3.rel1.macos64_1.1.0.202410301201/tools/bin/../lib/gcc/arm-none-eabi/12.3.1/thumb/v7e-m+fp/hard/libgcc.a(_aeabi_ldivmod.o)
                0x080001cc                __aeabi_ldivmod
 .text          0x0800026c       0x30 /Applications/STM32CubeIDE.app/Contents/Eclipse/plugins/com.st.stm32cube.ide.mcu.externaltools.gnu-tools-for-stm32.12.3.rel1.macos64_1.1.0.202410301201/tools/bin/../lib/gcc/arm-none-eabi/12.3.1/thumb/v7e-m+fp/hard/libgcc.a(_aeabi_uldivmod.o)
                0x0800026c                __aeabi_uldivmod
 .text          0x0800029c      0x2bc /Applications/STM32CubeIDE.app/Contents/Eclipse/plugins/com.st.stm32cube.ide.mcu.externaltools.gnu-tools-for-stm32.12.3.rel1.macos64_1.1.0.202410301201/tools/bin/../lib/gcc/arm-none-eabi/12.3.1/thumb/v7e-m+fp/hard/libgcc.a(_udivmoddi4.o)
                0x0800029c                __udivmoddi4
 .text          0x08000558        0x4 /Applications/STM32CubeIDE.app/Contents/Eclipse/plugins/com.st.stm32cube.ide.mcu.externaltools.gnu-tools-for-stm32.12.3.rel1.macos64_1.1.0.202410301201/tools/bin/../lib/gcc/arm-none-eabi/12.3.1/thumb/v7e-m+fp/hard/libgcc.a(_dvmd_tls.o)
                0x08000558                __aeabi_ldiv0
                0x08000558                __aeabi_idiv0
 *(.text*)
 .text.MX_ADC1_Init
                0x0800055c       0xc8 ./Core/Src/adc.o
                0x0800055c                MX_ADC1_Init
 .text.HAL_ADC_MspInit
                0x08000624       0xdc ./Core/Src/adc.o
                0x08000624                HAL_ADC_MspInit
 .text.aesroundkeys
                0x08000700       0xf8 ./Core/Src/aes.o
 .text.os_aes   0x080007f8      0x988 ./Core/Src/aes.o
                0x080007f8                os_aes
 .text.debug_init
                0x08001180       0x14 ./Core/Src/debug.o
                0x08001180                debug_init
 .text.debug_led
                0x08001194       0x24 ./Core/Src/debug.o
                0x08001194                debug_led
 .text.debug_char
                0x080011b8       0x30 ./Core/Src/debug.o
                0x080011b8                debug_char
 .text.debug_hex
                0x080011e8       0x38 ./Core/Src/debug.o
                0x080011e8                debug_hex
 .text.debug_uint
                0x08001220       0x3a ./Core/Src/debug.o
                0x08001220                debug_uint
 .text.debug_int
                0x0800125a       0x4a ./Core/Src/debug.o
                0x0800125a                debug_int
 .text.debug_str
                0x080012a4       0x2a ./Core/Src/debug.o
                0x080012a4                debug_str
 .text.debug_val
                0x080012ce       0x2a ./Core/Src/debug.o
                0x080012ce                debug_val
 .text.debug_valdec
                0x080012f8       0x2a ./Core/Src/debug.o
                0x080012f8                debug_valdec
 .text.debug_fmt
                0x08001322       0xf0 ./Core/Src/debug.o
                0x08001322                debug_fmt
 *fill*         0x08001412        0x2 
 .text.debug_event
                0x08001414       0x3c ./Core/Src/debug.o
                0x08001414                debug_event
 .text.MX_GPIO_Init
                0x08001450       0xec ./Core/Src/gpio.o
                0x08001450                MX_GPIO_Init
 .text.hal_io_init
                0x0800153c        0xe ./Core/Src/hal.o
 .text.hal_pin_rxtx
                0x0800154a       0x16 ./Core/Src/hal.o
                0x0800154a                hal_pin_rxtx
 .text.hal_pin_nss
                0x08001560       0x22 ./Core/Src/hal.o
                0x08001560                hal_pin_nss
 .text.hal_pin_rst
                0x08001582       0x6a ./Core/Src/hal.o
                0x08001582                hal_pin_rst
 .text.HAL_GPIO_EXTI_Callback
                0x080015ec       0x2a ./Core/Src/hal.o
                0x080015ec                HAL_GPIO_EXTI_Callback
 .text.hal_spi_init
                0x08001616        0xe ./Core/Src/hal.o
                0x08001616                hal_spi_init
 .text.hal_spi  0x08001624       0x3c ./Core/Src/hal.o
                0x08001624                hal_spi
 .text.hal_time_init
                0x08001660        0xe ./Core/Src/hal.o
 *fill*         0x0800166e        0x2 
 .text.hal_ticks
                0x08001670       0x60 ./Core/Src/hal.o
                0x08001670                hal_ticks
 .text.hal_ticksplusplus
                0x080016d0       0x1c ./Core/Src/hal.o
                0x080016d0                hal_ticksplusplus
 .text.deltaticks
                0x080016ec       0x3a ./Core/Src/hal.o
 .text.hal_waitUntil
                0x08001726       0x20 ./Core/Src/hal.o
                0x08001726                hal_waitUntil
 *fill*         0x08001746        0x2 
 .text.hal_checkTimer
                0x08001748       0x7c ./Core/Src/hal.o
                0x08001748                hal_checkTimer
 .text.hal_disableIRQs
                0x080017c4       0x20 ./Core/Src/hal.o
                0x080017c4                hal_disableIRQs
 .text.hal_enableIRQs
                0x080017e4       0x28 ./Core/Src/hal.o
                0x080017e4                hal_enableIRQs
 .text.hal_sleep
                0x0800180c       0x10 ./Core/Src/hal.o
                0x0800180c                hal_sleep
 .text.hal_init
                0x0800181c       0x2c ./Core/Src/hal.o
                0x0800181c                hal_init
 .text.hal_failed
                0x08001848       0x10 ./Core/Src/hal.o
                0x08001848                hal_failed
 .text.MX_I2C1_Init
                0x08001858       0x80 ./Core/Src/i2c.o
                0x08001858                MX_I2C1_Init
 .text.HAL_I2C_MspInit
                0x080018d8       0xb0 ./Core/Src/i2c.o
                0x080018d8                HAL_I2C_MspInit
 .text.getSf    0x08001988       0x20 ./Core/Src/lmic.o
                0x08001988                getSf
 .text.getBw    0x080019a8       0x24 ./Core/Src/lmic.o
                0x080019a8                getBw
 .text.getCr    0x080019cc       0x24 ./Core/Src/lmic.o
                0x080019cc                getCr
 .text.setCr    0x080019f0       0x32 ./Core/Src/lmic.o
                0x080019f0                setCr
 .text.getNocrc
                0x08001a22       0x20 ./Core/Src/lmic.o
                0x08001a22                getNocrc
 .text.setNocrc
                0x08001a42       0x2e ./Core/Src/lmic.o
                0x08001a42                setNocrc
 .text.getIh    0x08001a70       0x1e ./Core/Src/lmic.o
                0x08001a70                getIh
 .text.setIh    0x08001a8e       0x2c ./Core/Src/lmic.o
                0x08001a8e                setIh
 *fill*         0x08001aba        0x2 
 .text.updr2rps
                0x08001abc       0x24 ./Core/Src/lmic.o
                0x08001abc                updr2rps
 .text.dndr2rps
                0x08001ae0       0x26 ./Core/Src/lmic.o
                0x08001ae0                dndr2rps
 *fill*         0x08001b06        0x2 
 .text.decDR    0x08001b08       0x30 ./Core/Src/lmic.o
                0x08001b08                decDR
 .text.validDR  0x08001b38       0x2c ./Core/Src/lmic.o
                0x08001b38                validDR
 .text.lowerDR  0x08001b64       0x32 ./Core/Src/lmic.o
                0x08001b64                lowerDR
 .text.os_rlsbf2
                0x08001b96       0x2a ./Core/Src/lmic.o
                0x08001b96                os_rlsbf2
 .text.os_rlsbf4
                0x08001bc0       0x3a ./Core/Src/lmic.o
                0x08001bc0                os_rlsbf4
 .text.os_rmsbf4
                0x08001bfa       0x3a ./Core/Src/lmic.o
                0x08001bfa                os_rmsbf4
 .text.os_wlsbf2
                0x08001c34       0x2e ./Core/Src/lmic.o
                0x08001c34                os_wlsbf2
 .text.os_wlsbf4
                0x08001c62       0x42 ./Core/Src/lmic.o
                0x08001c62                os_wlsbf4
 .text.os_wmsbf4
                0x08001ca4       0x42 ./Core/Src/lmic.o
                0x08001ca4                os_wmsbf4
 .text.os_getBattLevel
                0x08001ce6       0x10 ./Core/Src/lmic.o
                0x08001ce6                os_getBattLevel
 .text.os_crc16
                0x08001cf6       0x7e ./Core/Src/lmic.o
                0x08001cf6                os_crc16
 .text.micB0    0x08001d74       0x68 ./Core/Src/lmic.o
 .text.aes_verifyMic
                0x08001ddc       0x58 ./Core/Src/lmic.o
 .text.aes_appendMic
                0x08001e34       0x50 ./Core/Src/lmic.o
 .text.aes_appendMic0
                0x08001e84       0x3c ./Core/Src/lmic.o
 .text.aes_verifyMic0
                0x08001ec0       0x44 ./Core/Src/lmic.o
 .text.aes_encrypt
                0x08001f04       0x2c ./Core/Src/lmic.o
 .text.aes_cipher
                0x08001f30       0x88 ./Core/Src/lmic.o
 .text.aes_sessKeys
                0x08001fb8       0x78 ./Core/Src/lmic.o
 .text.getSensitivity
                0x08002030       0x40 ./Core/Src/lmic.o
                0x08002030                getSensitivity
 .text.calcAirTime
                0x08002070      0x130 ./Core/Src/lmic.o
                0x08002070                calcAirTime
 .text.calcRxWindow
                0x080021a0       0xa8 ./Core/Src/lmic.o
 .text.calcBcnRxWindowFromMillis
                0x08002248      0x10c ./Core/Src/lmic.o
 .text.rxschedInit
                0x08002354       0xdc ./Core/Src/lmic.o
 .text.rxschedNext
                0x08002430       0x9c ./Core/Src/lmic.o
 .text.rndDelay
                0x080024cc       0x7c ./Core/Src/lmic.o
 .text.txDelay  0x08002548       0x5c ./Core/Src/lmic.o
 .text.setDrJoin
                0x080025a4       0x28 ./Core/Src/lmic.o
 .text.setDrTxpow
                0x080025cc       0x5c ./Core/Src/lmic.o
 .text.initDefaultChannels
                0x08002628      0x10c ./Core/Src/lmic.o
 .text.LMIC_setupChannel
                0x08002734       0xf4 ./Core/Src/lmic.o
                0x08002734                LMIC_setupChannel
 .text.convFreq
                0x08002828       0x44 ./Core/Src/lmic.o
 .text.mapChannels
                0x0800286c       0x94 ./Core/Src/lmic.o
 .text.updateTx
                0x08002900       0x94 ./Core/Src/lmic.o
 .text.nextTx   0x08002994      0x138 ./Core/Src/lmic.o
 .text.setBcnRxParams
                0x08002acc       0x4c ./Core/Src/lmic.o
 .text.initJoinLoop
                0x08002b18       0x6c ./Core/Src/lmic.o
 .text.nextJoinState
                0x08002b84       0xd0 ./Core/Src/lmic.o
 .text.runEngineUpdate
                0x08002c54       0x14 ./Core/Src/lmic.o
 .text.reportEvent
                0x08002c68       0x1e ./Core/Src/lmic.o
 .text.runReset
                0x08002c86       0x1e ./Core/Src/lmic.o
 .text.stateJustJoined
                0x08002ca4       0xcc ./Core/Src/lmic.o
 .text.decodeBeacon
                0x08002d70      0x128 ./Core/Src/lmic.o
 .text.decodeFrame
                0x08002e98      0x66c ./Core/Src/lmic.o
 .text.setupRx2
                0x08003504       0x40 ./Core/Src/lmic.o
 .text.schedRx2
                0x08003544       0x50 ./Core/Src/lmic.o
 .text.setupRx1
                0x08003594       0x44 ./Core/Src/lmic.o
 .text.txDone   0x080035d8       0xa4 ./Core/Src/lmic.o
 .text.onJoinFailed
                0x0800367c       0x16 ./Core/Src/lmic.o
 *fill*         0x08003692        0x2 
 .text.processJoinAccept
                0x08003694      0x294 ./Core/Src/lmic.o
 .text.processRx2Jacc
                0x08003928       0x2c ./Core/Src/lmic.o
 .text.setupRx2Jacc
                0x08003954       0x24 ./Core/Src/lmic.o
 .text.processRx1Jacc
                0x08003978       0x38 ./Core/Src/lmic.o
 .text.setupRx1Jacc
                0x080039b0       0x1c ./Core/Src/lmic.o
 .text.jreqDone
                0x080039cc       0x20 ./Core/Src/lmic.o
 .text.processRx2DnDataDelay
                0x080039ec       0x14 ./Core/Src/lmic.o
 .text.processRx2DnData
                0x08003a00       0x54 ./Core/Src/lmic.o
 .text.setupRx2DnData
                0x08003a54       0x24 ./Core/Src/lmic.o
 .text.processRx1DnData
                0x08003a78       0x48 ./Core/Src/lmic.o
 .text.setupRx1DnData
                0x08003ac0       0x1c ./Core/Src/lmic.o
 .text.updataDone
                0x08003adc       0x30 ./Core/Src/lmic.o
 .text.buildDataFrame
                0x08003b0c      0x3cc ./Core/Src/lmic.o
 .text.onBcnRx  0x08003ed8       0xa8 ./Core/Src/lmic.o
 .text.startScan
                0x08003f80       0xb0 ./Core/Src/lmic.o
 .text.buildJoinRequest
                0x08004030       0x6c ./Core/Src/lmic.o
 .text.startJoining
                0x0800409c       0x16 ./Core/Src/lmic.o
 *fill*         0x080040b2        0x2 
 .text.LMIC_startJoining
                0x080040b4       0x94 ./Core/Src/lmic.o
                0x080040b4                LMIC_startJoining
 .text.processPingRx
                0x08004148       0x3c ./Core/Src/lmic.o
 .text.processDnData
                0x08004184      0x1e8 ./Core/Src/lmic.o
 .text.processBeacon
                0x0800436c      0x218 ./Core/Src/lmic.o
 .text.startRxBcn
                0x08004584       0x24 ./Core/Src/lmic.o
 .text.startRxPing
                0x080045a8       0x24 ./Core/Src/lmic.o
 .text.engineUpdate
                0x080045cc      0x394 ./Core/Src/lmic.o
 .text.LMIC_reset
                0x08004960       0x9c ./Core/Src/lmic.o
                0x08004960                LMIC_reset
 .text.LMIC_init
                0x080049fc       0x1c ./Core/Src/lmic.o
                0x080049fc                LMIC_init
 .text.LMIC_setTxData
                0x08004a18       0x38 ./Core/Src/lmic.o
                0x08004a18                LMIC_setTxData
 .text.LMIC_setTxData2
                0x08004a50       0x64 ./Core/Src/lmic.o
                0x08004a50                LMIC_setTxData2
 .text.os_getArtEui
                0x08004ab4       0x28 ./Core/Src/main.o
                0x08004ab4                os_getArtEui
 .text.os_getDevEui
                0x08004adc       0x28 ./Core/Src/main.o
                0x08004adc                os_getDevEui
 .text.os_getDevKey
                0x08004b04       0x28 ./Core/Src/main.o
                0x08004b04                os_getDevKey
 .text.initsensor
                0x08004b2c       0x14 ./Core/Src/main.o
                0x08004b2c                initsensor
 .text.initfunc
                0x08004b40       0x1c ./Core/Src/main.o
                0x08004b40                initfunc
 .text.readsensor
                0x08004b5c       0x20 ./Core/Src/main.o
                0x08004b5c                readsensor
 .text.reportfunc
                0x08004b7c       0x90 ./Core/Src/main.o
 .text.blinkfunc
                0x08004c0c       0x4c ./Core/Src/main.o
 .text.onEvent  0x08004c58      0x1a8 ./Core/Src/main.o
                0x08004c58                onEvent
 .text.main     0x08004e00       0x84 ./Core/Src/main.o
                0x08004e00                main
 .text.SystemClock_Config
                0x08004e84       0xa2 ./Core/Src/main.o
                0x08004e84                SystemClock_Config
 *fill*         0x08004f26        0x2 
 .text.HAL_TIM_PeriodElapsedCallback
                0x08004f28       0x3c ./Core/Src/main.o
                0x08004f28                HAL_TIM_PeriodElapsedCallback
 .text.HAL_ADC_ConvCpltCallback
                0x08004f64       0x48 ./Core/Src/main.o
                0x08004f64                HAL_ADC_ConvCpltCallback
 .text.Error_Handler
                0x08004fac        0xc ./Core/Src/main.o
                0x08004fac                Error_Handler
 .text.os_init  0x08004fb8       0x24 ./Core/Src/oslmic.o
                0x08004fb8                os_init
 .text.os_getTime
                0x08004fdc        0xe ./Core/Src/oslmic.o
                0x08004fdc                os_getTime
 .text.unlinkjob
                0x08004fea       0x3e ./Core/Src/oslmic.o
 .text.os_clearCallback
                0x08005028       0x3c ./Core/Src/oslmic.o
                0x08005028                os_clearCallback
 .text.os_setCallback
                0x08005064       0x4c ./Core/Src/oslmic.o
                0x08005064                os_setCallback
 .text.os_setTimedCallback
                0x080050b0       0x6c ./Core/Src/oslmic.o
                0x080050b0                os_setTimedCallback
 .text.os_runloop
                0x0800511c       0x6c ./Core/Src/oslmic.o
                0x0800511c                os_runloop
 .text.writeReg
                0x08005188       0x3a ./Core/Src/radio.o
 .text.readReg  0x080051c2       0x38 ./Core/Src/radio.o
 .text.writeBuf
                0x080051fa       0x54 ./Core/Src/radio.o
 .text.readBuf  0x0800524e       0x56 ./Core/Src/radio.o
 .text.opmode   0x080052a4       0x34 ./Core/Src/radio.o
 .text.opmodeLora
                0x080052d8       0x24 ./Core/Src/radio.o
 .text.opmodeFSK
                0x080052fc       0x24 ./Core/Src/radio.o
 .text.configLoraModem
                0x08005320      0x15c ./Core/Src/radio.o
 .text.configChannel
                0x0800547c       0x7c ./Core/Src/radio.o
 .text.configPower
                0x080054f8       0x60 ./Core/Src/radio.o
 .text.txfsk    0x08005558       0xdc ./Core/Src/radio.o
 .text.txlora   0x08005634       0xb4 ./Core/Src/radio.o
 .text.starttx  0x080056e8       0x3c ./Core/Src/radio.o
 .text.rxlora   0x08005724       0xf8 ./Core/Src/radio.o
 .text.rxfsk    0x0800581c       0xe0 ./Core/Src/radio.o
 .text.startrx  0x080058fc       0x4c ./Core/Src/radio.o
 .text.radio_init
                0x08005948       0xe8 ./Core/Src/radio.o
                0x08005948                radio_init
 .text.radio_rand1
                0x08005a30       0x4c ./Core/Src/radio.o
                0x08005a30                radio_rand1
 .text.radio_irq_handler
                0x08005a7c      0x1ac ./Core/Src/radio.o
                0x08005a7c                radio_irq_handler
 .text.os_radio
                0x08005c28       0x58 ./Core/Src/radio.o
                0x08005c28                os_radio
 .text.MX_SPI3_Init
                0x08005c80       0x7c ./Core/Src/spi.o
                0x08005c80                MX_SPI3_Init
 .text.HAL_SPI_MspInit
                0x08005cfc       0x88 ./Core/Src/spi.o
                0x08005cfc                HAL_SPI_MspInit
 .text.HAL_MspInit
                0x08005d84       0x48 ./Core/Src/stm32l4xx_hal_msp.o
                0x08005d84                HAL_MspInit
 .text.NMI_Handler
                0x08005dcc        0x8 ./Core/Src/stm32l4xx_it.o
                0x08005dcc                NMI_Handler
 .text.HardFault_Handler
                0x08005dd4        0x8 ./Core/Src/stm32l4xx_it.o
                0x08005dd4                HardFault_Handler
 .text.MemManage_Handler
                0x08005ddc        0x8 ./Core/Src/stm32l4xx_it.o
                0x08005ddc                MemManage_Handler
 .text.BusFault_Handler
                0x08005de4        0x8 ./Core/Src/stm32l4xx_it.o
                0x08005de4                BusFault_Handler
 .text.UsageFault_Handler
                0x08005dec        0x8 ./Core/Src/stm32l4xx_it.o
                0x08005dec                UsageFault_Handler
 .text.SVC_Handler
                0x08005df4        0xe ./Core/Src/stm32l4xx_it.o
                0x08005df4                SVC_Handler
 .text.DebugMon_Handler
                0x08005e02        0xe ./Core/Src/stm32l4xx_it.o
                0x08005e02                DebugMon_Handler
 .text.PendSV_Handler
                0x08005e10        0xe ./Core/Src/stm32l4xx_it.o
                0x08005e10                PendSV_Handler
 .text.SysTick_Handler
                0x08005e1e        0xc ./Core/Src/stm32l4xx_it.o
                0x08005e1e                SysTick_Handler
 *fill*         0x08005e2a        0x2 
 .text.ADC1_IRQHandler
                0x08005e2c       0x14 ./Core/Src/stm32l4xx_it.o
                0x08005e2c                ADC1_IRQHandler
 .text.EXTI9_5_IRQHandler
                0x08005e40       0x14 ./Core/Src/stm32l4xx_it.o
                0x08005e40                EXTI9_5_IRQHandler
 .text.TIM6_DAC_IRQHandler
                0x08005e54       0x14 ./Core/Src/stm32l4xx_it.o
                0x08005e54                TIM6_DAC_IRQHandler
 .text.TIM7_IRQHandler
                0x08005e68       0x14 ./Core/Src/stm32l4xx_it.o
                0x08005e68                TIM7_IRQHandler
 .text.SystemInit
                0x08005e7c       0x24 ./Core/Src/system_stm32l4xx.o
                0x08005e7c                SystemInit
 .text.MX_TIM6_Init
                0x08005ea0       0x70 ./Core/Src/tim.o
                0x08005ea0                MX_TIM6_Init
 .text.MX_TIM7_Init
                0x08005f10       0x70 ./Core/Src/tim.o
                0x08005f10                MX_TIM7_Init
 .text.HAL_TIM_Base_MspInit
                0x08005f80       0x84 ./Core/Src/tim.o
                0x08005f80                HAL_TIM_Base_MspInit
 .text.MX_USART2_UART_Init
                0x08006004       0x60 ./Core/Src/usart.o
                0x08006004                MX_USART2_UART_Init
 .text.HAL_UART_MspInit
                0x08006064       0xb0 ./Core/Src/usart.o
                0x08006064                HAL_UART_MspInit
 .text.Reset_Handler
                0x08006114       0x50 ./Core/Startup/startup_stm32l432kcux.o
                0x08006114                Reset_Handler
 .text.Default_Handler
                0x08006164        0x2 ./Core/Startup/startup_stm32l432kcux.o
                0x08006164                TIM1_BRK_TIM15_IRQHandler
                0x08006164                EXTI2_IRQHandler
                0x08006164                TIM1_CC_IRQHandler
                0x08006164                TSC_IRQHandler
                0x08006164                TAMP_STAMP_IRQHandler
                0x08006164                EXTI3_IRQHandler
                0x08006164                LPTIM2_IRQHandler
                0x08006164                I2C3_ER_IRQHandler
                0x08006164                EXTI0_IRQHandler
                0x08006164                CAN1_RX0_IRQHandler
                0x08006164                FPU_IRQHandler
                0x08006164                TIM1_UP_TIM16_IRQHandler
                0x08006164                SPI1_IRQHandler
                0x08006164                DMA2_Channel2_IRQHandler
                0x08006164                DMA1_Channel4_IRQHandler
                0x08006164                DMA1_Channel7_IRQHandler
                0x08006164                CAN1_RX1_IRQHandler
                0x08006164                DMA2_Channel1_IRQHandler
                0x08006164                QUADSPI_IRQHandler
                0x08006164                I2C1_EV_IRQHandler
                0x08006164                DMA1_Channel6_IRQHandler
                0x08006164                DMA2_Channel4_IRQHandler
                0x08006164                RCC_IRQHandler
                0x08006164                TIM1_TRG_COM_IRQHandler
                0x08006164                DMA1_Channel1_IRQHandler
                0x08006164                Default_Handler
                0x08006164                DMA2_Channel7_IRQHandler
                0x08006164                EXTI15_10_IRQHandler
                0x08006164                I2C3_EV_IRQHandler
                0x08006164                USB_IRQHandler
                0x08006164                RTC_WKUP_IRQHandler
                0x08006164                PVD_PVM_IRQHandler
                0x08006164                CAN1_TX_IRQHandler
                0x08006164                DMA2_Channel5_IRQHandler
                0x08006164                CRS_IRQHandler
                0x08006164                DMA1_Channel5_IRQHandler
                0x08006164                EXTI4_IRQHandler
                0x08006164                RNG_IRQHandler
                0x08006164                DMA1_Channel3_IRQHandler
                0x08006164                COMP_IRQHandler
                0x08006164                WWDG_IRQHandler
                0x08006164                LPUART1_IRQHandler
                0x08006164                DMA2_Channel6_IRQHandler
                0x08006164                TIM2_IRQHandler
                0x08006164                EXTI1_IRQHandler
                0x08006164                USART2_IRQHandler
                0x08006164                DMA1_Channel2_IRQHandler
                0x08006164                CAN1_SCE_IRQHandler
                0x08006164                FLASH_IRQHandler
                0x08006164                USART1_IRQHandler
                0x08006164                SPI3_IRQHandler
                0x08006164                I2C1_ER_IRQHandler
                0x08006164                SWPMI1_IRQHandler
                0x08006164                LPTIM1_IRQHandler
                0x08006164                SAI1_IRQHandler
                0x08006164                DMA2_Channel3_IRQHandler
                0x08006164                RTC_Alarm_IRQHandler
 .text.HAL_Init
                0x08006166       0x30 ./Drivers/STM32L4xx_HAL_Driver/Src/stm32l4xx_hal.o
                0x08006166                HAL_Init
 *fill*         0x08006196        0x2 
 .text.HAL_InitTick
                0x08006198       0x78 ./Drivers/STM32L4xx_HAL_Driver/Src/stm32l4xx_hal.o
                0x08006198                HAL_InitTick
 .text.HAL_IncTick
                0x08006210       0x28 ./Drivers/STM32L4xx_HAL_Driver/Src/stm32l4xx_hal.o
                0x08006210                HAL_IncTick
 .text.HAL_GetTick
                0x08006238       0x18 ./Drivers/STM32L4xx_HAL_Driver/Src/stm32l4xx_hal.o
                0x08006238                HAL_GetTick
 .text.LL_ADC_SetCommonClock
                0x08006250       0x26 ./Drivers/STM32L4xx_HAL_Driver/Src/stm32l4xx_hal_adc.o
 .text.LL_ADC_SetCommonPathInternalCh
                0x08006276       0x26 ./Drivers/STM32L4xx_HAL_Driver/Src/stm32l4xx_hal_adc.o
 .text.LL_ADC_GetCommonPathInternalCh
                0x0800629c       0x1c ./Drivers/STM32L4xx_HAL_Driver/Src/stm32l4xx_hal_adc.o
 .text.LL_ADC_SetOffset
                0x080062b8       0x48 ./Drivers/STM32L4xx_HAL_Driver/Src/stm32l4xx_hal_adc.o
 .text.LL_ADC_GetOffsetChannel
                0x08006300       0x2c ./Drivers/STM32L4xx_HAL_Driver/Src/stm32l4xx_hal_adc.o
 .text.LL_ADC_SetOffsetState
                0x0800632c       0x36 ./Drivers/STM32L4xx_HAL_Driver/Src/stm32l4xx_hal_adc.o
 .text.LL_ADC_REG_IsTriggerSourceSWStart
                0x08006362       0x26 ./Drivers/STM32L4xx_HAL_Driver/Src/stm32l4xx_hal_adc.o
 .text.LL_ADC_REG_SetSequencerRanks
                0x08006388       0x58 ./Drivers/STM32L4xx_HAL_Driver/Src/stm32l4xx_hal_adc.o
 .text.LL_ADC_INJ_IsTriggerSourceSWStart
                0x080063e0       0x26 ./Drivers/STM32L4xx_HAL_Driver/Src/stm32l4xx_hal_adc.o
 .text.LL_ADC_SetChannelSamplingTime
                0x08006406       0x56 ./Drivers/STM32L4xx_HAL_Driver/Src/stm32l4xx_hal_adc.o
 .text.LL_ADC_SetChannelSingleDiff
                0x0800645c       0x48 ./Drivers/STM32L4xx_HAL_Driver/Src/stm32l4xx_hal_adc.o
 .text.LL_ADC_DisableDeepPowerDown
                0x080064a4       0x24 ./Drivers/STM32L4xx_HAL_Driver/Src/stm32l4xx_hal_adc.o
 .text.LL_ADC_IsDeepPowerDownEnabled
                0x080064c8       0x28 ./Drivers/STM32L4xx_HAL_Driver/Src/stm32l4xx_hal_adc.o
 .text.LL_ADC_EnableInternalRegulator
                0x080064f0       0x28 ./Drivers/STM32L4xx_HAL_Driver/Src/stm32l4xx_hal_adc.o
 .text.LL_ADC_IsInternalRegulatorEnabled
                0x08006518       0x28 ./Drivers/STM32L4xx_HAL_Driver/Src/stm32l4xx_hal_adc.o
 .text.LL_ADC_Enable
                0x08006540       0x28 ./Drivers/STM32L4xx_HAL_Driver/Src/stm32l4xx_hal_adc.o
 .text.LL_ADC_Disable
                0x08006568       0x28 ./Drivers/STM32L4xx_HAL_Driver/Src/stm32l4xx_hal_adc.o
 .text.LL_ADC_IsEnabled
                0x08006590       0x26 ./Drivers/STM32L4xx_HAL_Driver/Src/stm32l4xx_hal_adc.o
 .text.LL_ADC_IsDisableOngoing
                0x080065b6       0x26 ./Drivers/STM32L4xx_HAL_Driver/Src/stm32l4xx_hal_adc.o
 .text.LL_ADC_REG_StartConversion
                0x080065dc       0x28 ./Drivers/STM32L4xx_HAL_Driver/Src/stm32l4xx_hal_adc.o
 .text.LL_ADC_REG_IsConversionOngoing
                0x08006604       0x26 ./Drivers/STM32L4xx_HAL_Driver/Src/stm32l4xx_hal_adc.o
 .text.LL_ADC_INJ_IsConversionOngoing
                0x0800662a       0x26 ./Drivers/STM32L4xx_HAL_Driver/Src/stm32l4xx_hal_adc.o
 .text.HAL_ADC_Init
                0x08006650      0x284 ./Drivers/STM32L4xx_HAL_Driver/Src/stm32l4xx_hal_adc.o
                0x08006650                HAL_ADC_Init
 .text.HAL_ADC_Start_IT
                0x080068d4      0x168 ./Drivers/STM32L4xx_HAL_Driver/Src/stm32l4xx_hal_adc.o
                0x080068d4                HAL_ADC_Start_IT
 .text.HAL_ADC_GetValue
                0x08006a3c       0x1a ./Drivers/STM32L4xx_HAL_Driver/Src/stm32l4xx_hal_adc.o
                0x08006a3c                HAL_ADC_GetValue
 .text.HAL_ADC_IRQHandler
                0x08006a56      0x368 ./Drivers/STM32L4xx_HAL_Driver/Src/stm32l4xx_hal_adc.o
                0x08006a56                HAL_ADC_IRQHandler
 .text.HAL_ADC_LevelOutOfWindowCallback
                0x08006dbe       0x14 ./Drivers/STM32L4xx_HAL_Driver/Src/stm32l4xx_hal_adc.o
                0x08006dbe                HAL_ADC_LevelOutOfWindowCallback
 .text.HAL_ADC_ErrorCallback
                0x08006dd2       0x14 ./Drivers/STM32L4xx_HAL_Driver/Src/stm32l4xx_hal_adc.o
                0x08006dd2                HAL_ADC_ErrorCallback
 *fill*         0x08006de6        0x2 
 .text.HAL_ADC_ConfigChannel
                0x08006de8      0x7c4 ./Drivers/STM32L4xx_HAL_Driver/Src/stm32l4xx_hal_adc.o
                0x08006de8                HAL_ADC_ConfigChannel
 .text.ADC_Enable
                0x080075ac      0x10c ./Drivers/STM32L4xx_HAL_Driver/Src/stm32l4xx_hal_adc.o
                0x080075ac                ADC_Enable
 .text.ADC_Disable
                0x080076b8       0xbe ./Drivers/STM32L4xx_HAL_Driver/Src/stm32l4xx_hal_adc.o
                0x080076b8                ADC_Disable
 .text.LL_ADC_StartCalibration
                0x08007776       0x32 ./Drivers/STM32L4xx_HAL_Driver/Src/stm32l4xx_hal_adc_ex.o
 .text.LL_ADC_IsCalibrationOnGoing
                0x080077a8       0x28 ./Drivers/STM32L4xx_HAL_Driver/Src/stm32l4xx_hal_adc_ex.o
 .text.HAL_ADCEx_Calibration_Start
                0x080077d0       0xc0 ./Drivers/STM32L4xx_HAL_Driver/Src/stm32l4xx_hal_adc_ex.o
                0x080077d0                HAL_ADCEx_Calibration_Start
 .text.HAL_ADCEx_InjectedConvCpltCallback
                0x08007890       0x14 ./Drivers/STM32L4xx_HAL_Driver/Src/stm32l4xx_hal_adc_ex.o
                0x08007890                HAL_ADCEx_InjectedConvCpltCallback
 .text.HAL_ADCEx_InjectedQueueOverflowCallback
                0x080078a4       0x14 ./Drivers/STM32L4xx_HAL_Driver/Src/stm32l4xx_hal_adc_ex.o
                0x080078a4                HAL_ADCEx_InjectedQueueOverflowCallback
 .text.HAL_ADCEx_LevelOutOfWindow2Callback
                0x080078b8       0x14 ./Drivers/STM32L4xx_HAL_Driver/Src/stm32l4xx_hal_adc_ex.o
                0x080078b8                HAL_ADCEx_LevelOutOfWindow2Callback
 .text.HAL_ADCEx_LevelOutOfWindow3Callback
                0x080078cc       0x14 ./Drivers/STM32L4xx_HAL_Driver/Src/stm32l4xx_hal_adc_ex.o
                0x080078cc                HAL_ADCEx_LevelOutOfWindow3Callback
 .text.HAL_ADCEx_EndOfSamplingCallback
                0x080078e0       0x14 ./Drivers/STM32L4xx_HAL_Driver/Src/stm32l4xx_hal_adc_ex.o
                0x080078e0                HAL_ADCEx_EndOfSamplingCallback
 .text.__NVIC_SetPriorityGrouping
                0x080078f4       0x48 ./Drivers/STM32L4xx_HAL_Driver/Src/stm32l4xx_hal_cortex.o
 .text.__NVIC_GetPriorityGrouping
                0x0800793c       0x1c ./Drivers/STM32L4xx_HAL_Driver/Src/stm32l4xx_hal_cortex.o
 .text.__NVIC_EnableIRQ
                0x08007958       0x3c ./Drivers/STM32L4xx_HAL_Driver/Src/stm32l4xx_hal_cortex.o
 .text.__NVIC_SetPriority
                0x08007994       0x54 ./Drivers/STM32L4xx_HAL_Driver/Src/stm32l4xx_hal_cortex.o
 .text.NVIC_EncodePriority
                0x080079e8       0x66 ./Drivers/STM32L4xx_HAL_Driver/Src/stm32l4xx_hal_cortex.o
 *fill*         0x08007a4e        0x2 
 .text.SysTick_Config
                0x08007a50       0x44 ./Drivers/STM32L4xx_HAL_Driver/Src/stm32l4xx_hal_cortex.o
 .text.HAL_NVIC_SetPriorityGrouping
                0x08007a94       0x16 ./Drivers/STM32L4xx_HAL_Driver/Src/stm32l4xx_hal_cortex.o
                0x08007a94                HAL_NVIC_SetPriorityGrouping
 .text.HAL_NVIC_SetPriority
                0x08007aaa       0x38 ./Drivers/STM32L4xx_HAL_Driver/Src/stm32l4xx_hal_cortex.o
                0x08007aaa                HAL_NVIC_SetPriority
 .text.HAL_NVIC_EnableIRQ
                0x08007ae2       0x1c ./Drivers/STM32L4xx_HAL_Driver/Src/stm32l4xx_hal_cortex.o
                0x08007ae2                HAL_NVIC_EnableIRQ
 .text.HAL_SYSTICK_Config
                0x08007afe       0x18 ./Drivers/STM32L4xx_HAL_Driver/Src/stm32l4xx_hal_cortex.o
                0x08007afe                HAL_SYSTICK_Config
 *fill*         0x08007b16        0x2 
 .text.HAL_GPIO_Init
                0x08007b18      0x2d4 ./Drivers/STM32L4xx_HAL_Driver/Src/stm32l4xx_hal_gpio.o
                0x08007b18                HAL_GPIO_Init
 .text.HAL_GPIO_WritePin
                0x08007dec       0x30 ./Drivers/STM32L4xx_HAL_Driver/Src/stm32l4xx_hal_gpio.o
                0x08007dec                HAL_GPIO_WritePin
 .text.HAL_GPIO_EXTI_IRQHandler
                0x08007e1c       0x30 ./Drivers/STM32L4xx_HAL_Driver/Src/stm32l4xx_hal_gpio.o
                0x08007e1c                HAL_GPIO_EXTI_IRQHandler
 .text.HAL_I2C_Init
                0x08007e4c      0x136 ./Drivers/STM32L4xx_HAL_Driver/Src/stm32l4xx_hal_i2c.o
                0x08007e4c                HAL_I2C_Init
 .text.HAL_I2CEx_ConfigAnalogFilter
                0x08007f82       0x96 ./Drivers/STM32L4xx_HAL_Driver/Src/stm32l4xx_hal_i2c_ex.o
                0x08007f82                HAL_I2CEx_ConfigAnalogFilter
 .text.HAL_I2CEx_ConfigDigitalFilter
                0x08008018       0x98 ./Drivers/STM32L4xx_HAL_Driver/Src/stm32l4xx_hal_i2c_ex.o
                0x08008018                HAL_I2CEx_ConfigDigitalFilter
 .text.HAL_PWREx_GetVoltageRange
                0x080080b0       0x1c ./Drivers/STM32L4xx_HAL_Driver/Src/stm32l4xx_hal_pwr_ex.o
                0x080080b0                HAL_PWREx_GetVoltageRange
 .text.HAL_PWREx_ControlVoltageScaling
                0x080080cc       0xac ./Drivers/STM32L4xx_HAL_Driver/Src/stm32l4xx_hal_pwr_ex.o
                0x080080cc                HAL_PWREx_ControlVoltageScaling
 .text.HAL_RCC_OscConfig
                0x08008178      0x828 ./Drivers/STM32L4xx_HAL_Driver/Src/stm32l4xx_hal_rcc.o
                0x08008178                HAL_RCC_OscConfig
 .text.HAL_RCC_ClockConfig
                0x080089a0      0x200 ./Drivers/STM32L4xx_HAL_Driver/Src/stm32l4xx_hal_rcc.o
                0x080089a0                HAL_RCC_ClockConfig
 .text.HAL_RCC_GetSysClockFreq
                0x08008ba0      0x118 ./Drivers/STM32L4xx_HAL_Driver/Src/stm32l4xx_hal_rcc.o
                0x08008ba0                HAL_RCC_GetSysClockFreq
 .text.HAL_RCC_GetHCLKFreq
                0x08008cb8       0x18 ./Drivers/STM32L4xx_HAL_Driver/Src/stm32l4xx_hal_rcc.o
                0x08008cb8                HAL_RCC_GetHCLKFreq
 .text.HAL_RCC_GetPCLK1Freq
                0x08008cd0       0x2c ./Drivers/STM32L4xx_HAL_Driver/Src/stm32l4xx_hal_rcc.o
                0x08008cd0                HAL_RCC_GetPCLK1Freq
 .text.HAL_RCC_GetPCLK2Freq
                0x08008cfc       0x2c ./Drivers/STM32L4xx_HAL_Driver/Src/stm32l4xx_hal_rcc.o
                0x08008cfc                HAL_RCC_GetPCLK2Freq
 .text.RCC_SetFlashLatencyFromMSIRange
                0x08008d28       0xc0 ./Drivers/STM32L4xx_HAL_Driver/Src/stm32l4xx_hal_rcc.o
 .text.HAL_RCCEx_PeriphCLKConfig
                0x08008de8      0x3ec ./Drivers/STM32L4xx_HAL_Driver/Src/stm32l4xx_hal_rcc_ex.o
                0x08008de8                HAL_RCCEx_PeriphCLKConfig
 .text.RCCEx_PLLSAI1_Config
                0x080091d4      0x1e4 ./Drivers/STM32L4xx_HAL_Driver/Src/stm32l4xx_hal_rcc_ex.o
 .text.HAL_SPI_Init
                0x080093b8      0x146 ./Drivers/STM32L4xx_HAL_Driver/Src/stm32l4xx_hal_spi.o
                0x080093b8                HAL_SPI_Init
 .text.HAL_SPI_TransmitReceive
                0x080094fe      0x43e ./Drivers/STM32L4xx_HAL_Driver/Src/stm32l4xx_hal_spi.o
                0x080094fe                HAL_SPI_TransmitReceive
 .text.SPI_WaitFlagStateUntilTimeout
                0x0800993c      0x110 ./Drivers/STM32L4xx_HAL_Driver/Src/stm32l4xx_hal_spi.o
 .text.SPI_WaitFifoStateUntilTimeout
                0x08009a4c      0x12c ./Drivers/STM32L4xx_HAL_Driver/Src/stm32l4xx_hal_spi.o
 .text.SPI_EndRxTxTransaction
                0x08009b78       0x8c ./Drivers/STM32L4xx_HAL_Driver/Src/stm32l4xx_hal_spi.o
 .text.HAL_TIM_Base_Init
                0x08009c04       0xae ./Drivers/STM32L4xx_HAL_Driver/Src/stm32l4xx_hal_tim.o
                0x08009c04                HAL_TIM_Base_Init
 *fill*         0x08009cb2        0x2 
 .text.HAL_TIM_Base_Start_IT
                0x08009cb4       0xa8 ./Drivers/STM32L4xx_HAL_Driver/Src/stm32l4xx_hal_tim.o
                0x08009cb4                HAL_TIM_Base_Start_IT
 .text.HAL_TIM_IRQHandler
                0x08009d5c      0x20e ./Drivers/STM32L4xx_HAL_Driver/Src/stm32l4xx_hal_tim.o
                0x08009d5c                HAL_TIM_IRQHandler
 .text.HAL_TIM_OC_DelayElapsedCallback
                0x08009f6a       0x14 ./Drivers/STM32L4xx_HAL_Driver/Src/stm32l4xx_hal_tim.o
                0x08009f6a                HAL_TIM_OC_DelayElapsedCallback
 .text.HAL_TIM_IC_CaptureCallback
                0x08009f7e       0x14 ./Drivers/STM32L4xx_HAL_Driver/Src/stm32l4xx_hal_tim.o
                0x08009f7e                HAL_TIM_IC_CaptureCallback
 .text.HAL_TIM_PWM_PulseFinishedCallback
                0x08009f92       0x14 ./Drivers/STM32L4xx_HAL_Driver/Src/stm32l4xx_hal_tim.o
                0x08009f92                HAL_TIM_PWM_PulseFinishedCallback
 .text.HAL_TIM_TriggerCallback
                0x08009fa6       0x14 ./Drivers/STM32L4xx_HAL_Driver/Src/stm32l4xx_hal_tim.o
                0x08009fa6                HAL_TIM_TriggerCallback
 *fill*         0x08009fba        0x2 
 .text.TIM_Base_SetConfig
                0x08009fbc       0xe0 ./Drivers/STM32L4xx_HAL_Driver/Src/stm32l4xx_hal_tim.o
                0x08009fbc                TIM_Base_SetConfig
 .text.HAL_TIMEx_MasterConfigSynchronization
                0x0800a09c       0xcc ./Drivers/STM32L4xx_HAL_Driver/Src/stm32l4xx_hal_tim_ex.o
                0x0800a09c                HAL_TIMEx_MasterConfigSynchronization
 .text.HAL_TIMEx_CommutCallback
                0x0800a168       0x14 ./Drivers/STM32L4xx_HAL_Driver/Src/stm32l4xx_hal_tim_ex.o
                0x0800a168                HAL_TIMEx_CommutCallback
 .text.HAL_TIMEx_BreakCallback
                0x0800a17c       0x14 ./Drivers/STM32L4xx_HAL_Driver/Src/stm32l4xx_hal_tim_ex.o
                0x0800a17c                HAL_TIMEx_BreakCallback
 .text.HAL_TIMEx_Break2Callback
                0x0800a190       0x14 ./Drivers/STM32L4xx_HAL_Driver/Src/stm32l4xx_hal_tim_ex.o
                0x0800a190                HAL_TIMEx_Break2Callback
 .text.HAL_UART_Init
                0x0800a1a4       0x9c ./Drivers/STM32L4xx_HAL_Driver/Src/stm32l4xx_hal_uart.o
                0x0800a1a4                HAL_UART_Init
 .text.HAL_UART_Transmit
                0x0800a240      0x112 ./Drivers/STM32L4xx_HAL_Driver/Src/stm32l4xx_hal_uart.o
                0x0800a240                HAL_UART_Transmit
 *fill*         0x0800a352        0x2 
 .text.UART_SetConfig
                0x0800a354      0x458 ./Drivers/STM32L4xx_HAL_Driver/Src/stm32l4xx_hal_uart.o
                0x0800a354                UART_SetConfig
 .text.UART_AdvFeatureConfig
                0x0800a7ac      0x144 ./Drivers/STM32L4xx_HAL_Driver/Src/stm32l4xx_hal_uart.o
                0x0800a7ac                UART_AdvFeatureConfig
 .text.UART_CheckIdleState
                0x0800a8f0      0x150 ./Drivers/STM32L4xx_HAL_Driver/Src/stm32l4xx_hal_uart.o
                0x0800a8f0                UART_CheckIdleState
 .text.UART_WaitOnFlagUntilTimeout
                0x0800aa40       0xda ./Drivers/STM32L4xx_HAL_Driver/Src/stm32l4xx_hal_uart.o
                0x0800aa40                UART_WaitOnFlagUntilTimeout
 .text.UART_EndRxTransfer
                0x0800ab1a       0xc8 ./Drivers/STM32L4xx_HAL_Driver/Src/stm32l4xx_hal_uart.o
 .text.memset   0x0800abe2       0x10 /Applications/STM32CubeIDE.app/Contents/Eclipse/plugins/com.st.stm32cube.ide.mcu.externaltools.gnu-tools-for-stm32.12.3.rel1.macos64_1.1.0.202410301201/tools/bin/../lib/gcc/arm-none-eabi/12.3.1/../../../../arm-none-eabi/lib/thumb/v7e-m+fp/hard/libc_nano.a(libc_a-memset.o)
                0x0800abe2                memset
 *fill*         0x0800abf2        0x2 
 .text.__libc_init_array
                0x0800abf4       0x48 /Applications/STM32CubeIDE.app/Contents/Eclipse/plugins/com.st.stm32cube.ide.mcu.externaltools.gnu-tools-for-stm32.12.3.rel1.macos64_1.1.0.202410301201/tools/bin/../lib/gcc/arm-none-eabi/12.3.1/../../../../arm-none-eabi/lib/thumb/v7e-m+fp/hard/libc_nano.a(libc_a-init.o)
                0x0800abf4                __libc_init_array
 .text.memcpy   0x0800ac3c       0x1c /Applications/STM32CubeIDE.app/Contents/Eclipse/plugins/com.st.stm32cube.ide.mcu.externaltools.gnu-tools-for-stm32.12.3.rel1.macos64_1.1.0.202410301201/tools/bin/../lib/gcc/arm-none-eabi/12.3.1/../../../../arm-none-eabi/lib/thumb/v7e-m+fp/hard/libc_nano.a(libc_a-memcpy-stub.o)
                0x0800ac3c                memcpy
 *(.glue_7)
 .glue_7        0x0800ac58        0x0 linker stubs
 *(.glue_7t)
 .glue_7t       0x0800ac58        0x0 linker stubs
 *(.eh_frame)
 .eh_frame      0x0800ac58        0x0 /Applications/STM32CubeIDE.app/Contents/Eclipse/plugins/com.st.stm32cube.ide.mcu.externaltools.gnu-tools-for-stm32.12.3.rel1.macos64_1.1.0.202410301201/tools/bin/../lib/gcc/arm-none-eabi/12.3.1/thumb/v7e-m+fp/hard/crtbegin.o
 *(.init)
 .init          0x0800ac58        0x4 /Applications/STM32CubeIDE.app/Contents/Eclipse/plugins/com.st.stm32cube.ide.mcu.externaltools.gnu-tools-for-stm32.12.3.rel1.macos64_1.1.0.202410301201/tools/bin/../lib/gcc/arm-none-eabi/12.3.1/thumb/v7e-m+fp/hard/crti.o
                0x0800ac58                _init
 .init          0x0800ac5c        0x8 /Applications/STM32CubeIDE.app/Contents/Eclipse/plugins/com.st.stm32cube.ide.mcu.externaltools.gnu-tools-for-stm32.12.3.rel1.macos64_1.1.0.202410301201/tools/bin/../lib/gcc/arm-none-eabi/12.3.1/thumb/v7e-m+fp/hard/crtn.o
 *(.fini)
 .fini          0x0800ac64        0x4 /Applications/STM32CubeIDE.app/Contents/Eclipse/plugins/com.st.stm32cube.ide.mcu.externaltools.gnu-tools-for-stm32.12.3.rel1.macos64_1.1.0.202410301201/tools/bin/../lib/gcc/arm-none-eabi/12.3.1/thumb/v7e-m+fp/hard/crti.o
                0x0800ac64                _fini
 .fini          0x0800ac68        0x8 /Applications/STM32CubeIDE.app/Contents/Eclipse/plugins/com.st.stm32cube.ide.mcu.externaltools.gnu-tools-for-stm32.12.3.rel1.macos64_1.1.0.202410301201/tools/bin/../lib/gcc/arm-none-eabi/12.3.1/thumb/v7e-m+fp/hard/crtn.o
                0x0800ac70                        . = ALIGN (0x4)
                0x0800ac70                        _etext = .

.vfp11_veneer   0x0800ac70        0x0
 .vfp11_veneer  0x0800ac70        0x0 linker stubs

.v4_bx          0x0800ac70        0x0
 .v4_bx         0x0800ac70        0x0 linker stubs

.iplt           0x0800ac70        0x0
 .iplt          0x0800ac70        0x0 /Applications/STM32CubeIDE.app/Contents/Eclipse/plugins/com.st.stm32cube.ide.mcu.externaltools.gnu-tools-for-stm32.12.3.rel1.macos64_1.1.0.202410301201/tools/bin/../lib/gcc/arm-none-eabi/12.3.1/thumb/v7e-m+fp/hard/crtbegin.o

.rodata         0x0800ac70     0x14d0
                0x0800ac70                        . = ALIGN (0x4)
 *(.rodata)
 .rodata        0x0800ac70      0x11f ./Core/Src/debug.o
 *fill*         0x0800ad8f        0x1 
 .rodata        0x0800ad90      0x17c ./Core/Src/main.o
 *(.rodata*)
 .rodata.AES_RCON
                0x0800af0c       0x28 ./Core/Src/aes.o
 .rodata.AES_S  0x0800af34      0x100 ./Core/Src/aes.o
 .rodata.AES_E1
                0x0800b034      0x400 ./Core/Src/aes.o
 .rodata.AES_E2
                0x0800b434      0x400 ./Core/Src/aes.o
 .rodata.AES_E3
                0x0800b834      0x400 ./Core/Src/aes.o
 .rodata.AES_E4
                0x0800bc34      0x400 ./Core/Src/aes.o
 .rodata._DR2RPS_CRC
                0x0800c034        0xa ./Core/Src/lmic.o
                0x0800c034                _DR2RPS_CRC
 *fill*         0x0800c03e        0x2 
 .rodata.TXPOWLEVELS
                0x0800c040       0x10 ./Core/Src/lmic.o
 .rodata.SENSITIVITY
                0x0800c050       0x15 ./Core/Src/lmic.o
 *fill*         0x0800c065        0x3 
 .rodata.DRADJUST
                0x0800c068        0xa ./Core/Src/lmic.o
 *fill*         0x0800c072        0x2 
 .rodata.DR2HSYM_osticks
                0x0800c074       0x20 ./Core/Src/lmic.o
 .rodata.iniChannelFreq
                0x0800c094       0x30 ./Core/Src/lmic.o
 .rodata.APPEUI
                0x0800c0c4        0x8 ./Core/Src/main.o
 .rodata.DEVEUI
                0x0800c0cc        0x8 ./Core/Src/main.o
 .rodata.DEVKEY
                0x0800c0d4       0x10 ./Core/Src/main.o
 .rodata.rxlorairqmask
                0x0800c0e4        0x3 ./Core/Src/radio.o
 *fill*         0x0800c0e7        0x1 
 .rodata.LORA_RXDONE_FIXUP
                0x0800c0e8        0xe ./Core/Src/radio.o
 *fill*         0x0800c0f6        0x2 
 .rodata.AHBPrescTable
                0x0800c0f8       0x10 ./Core/Src/system_stm32l4xx.o
                0x0800c0f8                AHBPrescTable
 .rodata.APBPrescTable
                0x0800c108        0x8 ./Core/Src/system_stm32l4xx.o
                0x0800c108                APBPrescTable
 .rodata.MSIRangeTable
                0x0800c110       0x30 ./Core/Src/system_stm32l4xx.o
                0x0800c110                MSIRangeTable
                0x0800c140                        . = ALIGN (0x4)

.ARM.extab      0x0800c140        0x0
                0x0800c140                        . = ALIGN (0x4)
 *(.ARM.extab* .gnu.linkonce.armextab.*)
                0x0800c140                        . = ALIGN (0x4)

.ARM            0x0800c140        0x8
                0x0800c140                        . = ALIGN (0x4)
                0x0800c140                        __exidx_start = .
 *(.ARM.exidx*)
 .ARM.exidx     0x0800c140        0x8 /Applications/STM32CubeIDE.app/Contents/Eclipse/plugins/com.st.stm32cube.ide.mcu.externaltools.gnu-tools-for-stm32.12.3.rel1.macos64_1.1.0.202410301201/tools/bin/../lib/gcc/arm-none-eabi/12.3.1/thumb/v7e-m+fp/hard/libgcc.a(_udivmoddi4.o)
                0x0800c148                        __exidx_end = .
                0x0800c148                        . = ALIGN (0x4)

.preinit_array  0x0800c148        0x0
                0x0800c148                        . = ALIGN (0x4)
                0x0800c148                        PROVIDE (__preinit_array_start = .)
 *(.preinit_array*)
                0x0800c148                        PROVIDE (__preinit_array_end = .)
                0x0800c148                        . = ALIGN (0x4)

.init_array     0x0800c148        0x4
                0x0800c148                        . = ALIGN (0x4)
                0x0800c148                        PROVIDE (__init_array_start = .)
 *(SORT_BY_NAME(.init_array.*))
 *(.init_array*)
 .init_array    0x0800c148        0x4 /Applications/STM32CubeIDE.app/Contents/Eclipse/plugins/com.st.stm32cube.ide.mcu.externaltools.gnu-tools-for-stm32.12.3.rel1.macos64_1.1.0.202410301201/tools/bin/../lib/gcc/arm-none-eabi/12.3.1/thumb/v7e-m+fp/hard/crtbegin.o
                0x0800c14c                        PROVIDE (__init_array_end = .)
                0x0800c14c                        . = ALIGN (0x4)

.fini_array     0x0800c14c        0x4
                0x0800c14c                        . = ALIGN (0x4)
                [!provide]                        PROVIDE (__fini_array_start = .)
 *(SORT_BY_NAME(.fini_array.*))
 *(.fini_array*)
 .fini_array    0x0800c14c        0x4 /Applications/STM32CubeIDE.app/Contents/Eclipse/plugins/com.st.stm32cube.ide.mcu.externaltools.gnu-tools-for-stm32.12.3.rel1.macos64_1.1.0.202410301201/tools/bin/../lib/gcc/arm-none-eabi/12.3.1/thumb/v7e-m+fp/hard/crtbegin.o
                [!provide]                        PROVIDE (__fini_array_end = .)
                0x0800c150                        . = ALIGN (0x4)
                0x0800c150                        _sidata = LOADADDR (.data)

.rel.dyn        0x0800c150        0x0
 .rel.iplt      0x0800c150        0x0 /Applications/STM32CubeIDE.app/Contents/Eclipse/plugins/com.st.stm32cube.ide.mcu.externaltools.gnu-tools-for-stm32.12.3.rel1.macos64_1.1.0.202410301201/tools/bin/../lib/gcc/arm-none-eabi/12.3.1/thumb/v7e-m+fp/hard/crtbegin.o

.data           0x20000000       0x54 load address 0x0800c150
                0x20000000                        . = ALIGN (0x4)
                0x20000000                        _sdata = .
 *(.data)
 *(.data*)
 .data.evnames.0
                0x20000000       0x48 ./Core/Src/debug.o
 .data.SystemCoreClock
                0x20000048        0x4 ./Core/Src/system_stm32l4xx.o
                0x20000048                SystemCoreClock
 .data.uwTickPrio
                0x2000004c        0x4 ./Drivers/STM32L4xx_HAL_Driver/Src/stm32l4xx_hal.o
                0x2000004c                uwTickPrio
 .data.uwTickFreq
                0x20000050        0x1 ./Drivers/STM32L4xx_HAL_Driver/Src/stm32l4xx_hal.o
                0x20000050                uwTickFreq
 *(.RamFunc)
 *(.RamFunc*)
                0x20000054                        . = ALIGN (0x4)
 *fill*         0x20000051        0x3 
                0x20000054                        _edata = .

.igot.plt       0x20000054        0x0 load address 0x0800c1a4
 .igot.plt      0x20000054        0x0 /Applications/STM32CubeIDE.app/Contents/Eclipse/plugins/com.st.stm32cube.ide.mcu.externaltools.gnu-tools-for-stm32.12.3.rel1.macos64_1.1.0.202410301201/tools/bin/../lib/gcc/arm-none-eabi/12.3.1/thumb/v7e-m+fp/hard/crtbegin.o
                0x20000054                        . = ALIGN (0x4)

.bss            0x20000054      0x50c load address 0x0800c1a4
                0x20000054                        _sbss = .
                0x20000054                        __bss_start__ = _sbss
 *(.bss)
 .bss           0x20000054       0x1c /Applications/STM32CubeIDE.app/Contents/Eclipse/plugins/com.st.stm32cube.ide.mcu.externaltools.gnu-tools-for-stm32.12.3.rel1.macos64_1.1.0.202410301201/tools/bin/../lib/gcc/arm-none-eabi/12.3.1/thumb/v7e-m+fp/hard/crtbegin.o
 *(.bss*)
 .bss.hadc1     0x20000070       0x64 ./Core/Src/adc.o
                0x20000070                hadc1
 .bss.AESAUX    0x200000d4       0x10 ./Core/Src/aes.o
                0x200000d4                AESAUX
 .bss.AESKEY    0x200000e4       0xb0 ./Core/Src/aes.o
                0x200000e4                AESKEY
 .bss.HAL       0x20000194        0x8 ./Core/Src/hal.o
 .bss.hi2c1     0x2000019c       0x54 ./Core/Src/i2c.o
                0x2000019c                hi2c1
 .bss.LMIC      0x200001f0      0x1ac ./Core/Src/lmic.o
                0x200001f0                LMIC
 .bss.n_temp    0x2000039c        0x4 ./Core/Src/main.o
                0x2000039c                n_temp
 .bss.temp      0x200003a0        0x4 ./Core/Src/main.o
                0x200003a0                temp
 .bss.reportjob
                0x200003a4        0xc ./Core/Src/main.o
 .bss.blinkjob  0x200003b0        0xc ./Core/Src/main.o
 .bss.ledstate  0x200003bc        0x1 ./Core/Src/main.o
 *fill*         0x200003bd        0x3 
 .bss.OS        0x200003c0        0x8 ./Core/Src/oslmic.o
 .bss.randbuf   0x200003c8       0x10 ./Core/Src/radio.o
 .bss.hspi3     0x200003d8       0x64 ./Core/Src/spi.o
                0x200003d8                hspi3
 .bss.htim6     0x2000043c       0x4c ./Core/Src/tim.o
                0x2000043c                htim6
 .bss.htim7     0x20000488       0x4c ./Core/Src/tim.o
                0x20000488                htim7
 .bss.huart2    0x200004d4       0x88 ./Core/Src/usart.o
                0x200004d4                huart2
 .bss.uwTick    0x2000055c        0x4 ./Drivers/STM32L4xx_HAL_Driver/Src/stm32l4xx_hal.o
                0x2000055c                uwTick
 *(COMMON)
                0x20000560                        . = ALIGN (0x4)
                0x20000560                        _ebss = .
                0x20000560                        __bss_end__ = _ebss

._user_heap_stack
                0x20000560      0x600 load address 0x0800c1a4
                0x20000560                        . = ALIGN (0x8)
                [!provide]                        PROVIDE (end = .)
                0x20000560                        PROVIDE (_end = .)
                0x20000760                        . = (. + _Min_Heap_Size)
 *fill*         0x20000560      0x200 
                0x20000b60                        . = (. + _Min_Stack_Size)
 *fill*         0x20000760      0x400 
                0x20000b60                        . = ALIGN (0x8)

/DISCARD/
 libc.a(*)
 libm.a(*)
 libgcc.a(*)

.ARM.attributes
                0x00000000       0x30
 *(.ARM.attributes)
 .ARM.attributes
                0x00000000       0x22 /Applications/STM32CubeIDE.app/Contents/Eclipse/plugins/com.st.stm32cube.ide.mcu.externaltools.gnu-tools-for-stm32.12.3.rel1.macos64_1.1.0.202410301201/tools/bin/../lib/gcc/arm-none-eabi/12.3.1/thumb/v7e-m+fp/hard/crti.o
 .ARM.attributes
                0x00000022       0x34 /Applications/STM32CubeIDE.app/Contents/Eclipse/plugins/com.st.stm32cube.ide.mcu.externaltools.gnu-tools-for-stm32.12.3.rel1.macos64_1.1.0.202410301201/tools/bin/../lib/gcc/arm-none-eabi/12.3.1/thumb/v7e-m+fp/hard/crtbegin.o
 .ARM.attributes
                0x00000056       0x34 ./Core/Src/adc.o
 .ARM.attributes
                0x0000008a       0x34 ./Core/Src/aes.o
 .ARM.attributes
                0x000000be       0x34 ./Core/Src/debug.o
 .ARM.attributes
                0x000000f2       0x34 ./Core/Src/gpio.o
 .ARM.attributes
                0x00000126       0x34 ./Core/Src/hal.o
 .ARM.attributes
                0x0000015a       0x34 ./Core/Src/i2c.o
 .ARM.attributes
                0x0000018e       0x34 ./Core/Src/lmic.o
 .ARM.attributes
                0x000001c2       0x34 ./Core/Src/main.o
 .ARM.attributes
                0x000001f6       0x34 ./Core/Src/oslmic.o
 .ARM.attributes
                0x0000022a       0x34 ./Core/Src/radio.o
 .ARM.attributes
                0x0000025e       0x34 ./Core/Src/spi.o
 .ARM.attributes
                0x00000292       0x34 ./Core/Src/stm32l4xx_hal_msp.o
 .ARM.attributes
                0x000002c6       0x34 ./Core/Src/stm32l4xx_it.o
 .ARM.attributes
                0x000002fa       0x34 ./Core/Src/system_stm32l4xx.o
 .ARM.attributes
                0x0000032e       0x34 ./Core/Src/tim.o
 .ARM.attributes
                0x00000362       0x34 ./Core/Src/usart.o
 .ARM.attributes
                0x00000396       0x21 ./Core/Startup/startup_stm32l432kcux.o
 .ARM.attributes
                0x000003b7       0x34 ./Drivers/STM32L4xx_HAL_Driver/Src/stm32l4xx_hal.o
 .ARM.attributes
                0x000003eb       0x34 ./Drivers/STM32L4xx_HAL_Driver/Src/stm32l4xx_hal_adc.o
 .ARM.attributes
                0x0000041f       0x34 ./Drivers/STM32L4xx_HAL_Driver/Src/stm32l4xx_hal_adc_ex.o
 .ARM.attributes
                0x00000453       0x34 ./Drivers/STM32L4xx_HAL_Driver/Src/stm32l4xx_hal_cortex.o
 .ARM.attributes
                0x00000487       0x34 ./Drivers/STM32L4xx_HAL_Driver/Src/stm32l4xx_hal_gpio.o
 .ARM.attributes
                0x000004bb       0x34 ./Drivers/STM32L4xx_HAL_Driver/Src/stm32l4xx_hal_i2c.o
 .ARM.attributes
                0x000004ef       0x34 ./Drivers/STM32L4xx_HAL_Driver/Src/stm32l4xx_hal_i2c_ex.o
 .ARM.attributes
                0x00000523       0x34 ./Drivers/STM32L4xx_HAL_Driver/Src/stm32l4xx_hal_pwr_ex.o
 .ARM.attributes
                0x00000557       0x34 ./Drivers/STM32L4xx_HAL_Driver/Src/stm32l4xx_hal_rcc.o
 .ARM.attributes
                0x0000058b       0x34 ./Drivers/STM32L4xx_HAL_Driver/Src/stm32l4xx_hal_rcc_ex.o
 .ARM.attributes
                0x000005bf       0x34 ./Drivers/STM32L4xx_HAL_Driver/Src/stm32l4xx_hal_spi.o
 .ARM.attributes
                0x000005f3       0x34 ./Drivers/STM32L4xx_HAL_Driver/Src/stm32l4xx_hal_tim.o
 .ARM.attributes
                0x00000627       0x34 ./Drivers/STM32L4xx_HAL_Driver/Src/stm32l4xx_hal_tim_ex.o
 .ARM.attributes
                0x0000065b       0x34 ./Drivers/STM32L4xx_HAL_Driver/Src/stm32l4xx_hal_uart.o
 .ARM.attributes
                0x0000068f       0x34 /Applications/STM32CubeIDE.app/Contents/Eclipse/plugins/com.st.stm32cube.ide.mcu.externaltools.gnu-tools-for-stm32.12.3.rel1.macos64_1.1.0.202410301201/tools/bin/../lib/gcc/arm-none-eabi/12.3.1/../../../../arm-none-eabi/lib/thumb/v7e-m+fp/hard/libc_nano.a(libc_a-memset.o)
 .ARM.attributes
                0x000006c3       0x34 /Applications/STM32CubeIDE.app/Contents/Eclipse/plugins/com.st.stm32cube.ide.mcu.externaltools.gnu-tools-for-stm32.12.3.rel1.macos64_1.1.0.202410301201/tools/bin/../lib/gcc/arm-none-eabi/12.3.1/../../../../arm-none-eabi/lib/thumb/v7e-m+fp/hard/libc_nano.a(libc_a-init.o)
 .ARM.attributes
                0x000006f7       0x34 /Applications/STM32CubeIDE.app/Contents/Eclipse/plugins/com.st.stm32cube.ide.mcu.externaltools.gnu-tools-for-stm32.12.3.rel1.macos64_1.1.0.202410301201/tools/bin/../lib/gcc/arm-none-eabi/12.3.1/../../../../arm-none-eabi/lib/thumb/v7e-m+fp/hard/libc_nano.a(libc_a-memcpy-stub.o)
 .ARM.attributes
                0x0000072b       0x22 /Applications/STM32CubeIDE.app/Contents/Eclipse/plugins/com.st.stm32cube.ide.mcu.externaltools.gnu-tools-for-stm32.12.3.rel1.macos64_1.1.0.202410301201/tools/bin/../lib/gcc/arm-none-eabi/12.3.1/thumb/v7e-m+fp/hard/libgcc.a(_aeabi_ldivmod.o)
 .ARM.attributes
                0x0000074d       0x22 /Applications/STM32CubeIDE.app/Contents/Eclipse/plugins/com.st.stm32cube.ide.mcu.externaltools.gnu-tools-for-stm32.12.3.rel1.macos64_1.1.0.202410301201/tools/bin/../lib/gcc/arm-none-eabi/12.3.1/thumb/v7e-m+fp/hard/libgcc.a(_aeabi_uldivmod.o)
 .ARM.attributes
                0x0000076f       0x34 /Applications/STM32CubeIDE.app/Contents/Eclipse/plugins/com.st.stm32cube.ide.mcu.externaltools.gnu-tools-for-stm32.12.3.rel1.macos64_1.1.0.202410301201/tools/bin/../lib/gcc/arm-none-eabi/12.3.1/thumb/v7e-m+fp/hard/libgcc.a(_udivmoddi4.o)
 .ARM.attributes
                0x000007a3       0x22 /Applications/STM32CubeIDE.app/Contents/Eclipse/plugins/com.st.stm32cube.ide.mcu.externaltools.gnu-tools-for-stm32.12.3.rel1.macos64_1.1.0.202410301201/tools/bin/../lib/gcc/arm-none-eabi/12.3.1/thumb/v7e-m+fp/hard/libgcc.a(_dvmd_tls.o)
 .ARM.attributes
                0x000007c5       0x22 /Applications/STM32CubeIDE.app/Contents/Eclipse/plugins/com.st.stm32cube.ide.mcu.externaltools.gnu-tools-for-stm32.12.3.rel1.macos64_1.1.0.202410301201/tools/bin/../lib/gcc/arm-none-eabi/12.3.1/thumb/v7e-m+fp/hard/crtn.o
OUTPUT(application.elf elf32-littlearm)
LOAD linker stubs
LOAD /Applications/STM32CubeIDE.app/Contents/Eclipse/plugins/com.st.stm32cube.ide.mcu.externaltools.gnu-tools-for-stm32.12.3.rel1.macos64_1.1.0.202410301201/tools/bin/../lib/gcc/arm-none-eabi/12.3.1/../../../../arm-none-eabi/lib/thumb/v7e-m+fp/hard/libc.a
LOAD /Applications/STM32CubeIDE.app/Contents/Eclipse/plugins/com.st.stm32cube.ide.mcu.externaltools.gnu-tools-for-stm32.12.3.rel1.macos64_1.1.0.202410301201/tools/bin/../lib/gcc/arm-none-eabi/12.3.1/../../../../arm-none-eabi/lib/thumb/v7e-m+fp/hard/libm.a
LOAD /Applications/STM32CubeIDE.app/Contents/Eclipse/plugins/com.st.stm32cube.ide.mcu.externaltools.gnu-tools-for-stm32.12.3.rel1.macos64_1.1.0.202410301201/tools/bin/../lib/gcc/arm-none-eabi/12.3.1/thumb/v7e-m+fp/hard/libgcc.a

.debug_info     0x00000000    0x208a6
 .debug_info    0x00000000      0xf76 ./Core/Src/adc.o
 .debug_info    0x00000f76      0x2d6 ./Core/Src/aes.o
 .debug_info    0x0000124c      0xc21 ./Core/Src/debug.o
 .debug_info    0x00001e6d      0x640 ./Core/Src/gpio.o
 .debug_info    0x000024ad     0x105b ./Core/Src/hal.o
 .debug_info    0x00003508      0xbe5 ./Core/Src/i2c.o
 .debug_info    0x000040ed     0x2c97 ./Core/Src/lmic.o
 .debug_info    0x00006d84     0x1e06 ./Core/Src/main.o
 .debug_info    0x00008b8a      0x4f6 ./Core/Src/oslmic.o
 .debug_info    0x00009080      0xf69 ./Core/Src/radio.o
 .debug_info    0x00009fe9      0x985 ./Core/Src/spi.o
 .debug_info    0x0000a96e      0x2c5 ./Core/Src/stm32l4xx_hal_msp.o
 .debug_info    0x0000ac33      0xb86 ./Core/Src/stm32l4xx_it.o
 .debug_info    0x0000b7b9      0x5bf ./Core/Src/system_stm32l4xx.o
 .debug_info    0x0000bd78      0xc05 ./Core/Src/tim.o
 .debug_info    0x0000c97d      0xc50 ./Core/Src/usart.o
 .debug_info    0x0000d5cd       0x30 ./Core/Startup/startup_stm32l432kcux.o
 .debug_info    0x0000d5fd      0x99e ./Drivers/STM32L4xx_HAL_Driver/Src/stm32l4xx_hal.o
 .debug_info    0x0000df9b     0x1cc4 ./Drivers/STM32L4xx_HAL_Driver/Src/stm32l4xx_hal_adc.o
 .debug_info    0x0000fc5f     0x17da ./Drivers/STM32L4xx_HAL_Driver/Src/stm32l4xx_hal_adc_ex.o
 .debug_info    0x00011439      0xd03 ./Drivers/STM32L4xx_HAL_Driver/Src/stm32l4xx_hal_cortex.o
 .debug_info    0x0001213c      0x757 ./Drivers/STM32L4xx_HAL_Driver/Src/stm32l4xx_hal_gpio.o
 .debug_info    0x00012893     0x20d2 ./Drivers/STM32L4xx_HAL_Driver/Src/stm32l4xx_hal_i2c.o
 .debug_info    0x00014965      0x981 ./Drivers/STM32L4xx_HAL_Driver/Src/stm32l4xx_hal_i2c_ex.o
 .debug_info    0x000152e6      0x920 ./Drivers/STM32L4xx_HAL_Driver/Src/stm32l4xx_hal_pwr_ex.o
 .debug_info    0x00015c06      0xbc3 ./Drivers/STM32L4xx_HAL_Driver/Src/stm32l4xx_hal_rcc.o
 .debug_info    0x000167c9      0xee5 ./Drivers/STM32L4xx_HAL_Driver/Src/stm32l4xx_hal_rcc_ex.o
 .debug_info    0x000176ae     0x1549 ./Drivers/STM32L4xx_HAL_Driver/Src/stm32l4xx_hal_spi.o
 .debug_info    0x00018bf7     0x2a9a ./Drivers/STM32L4xx_HAL_Driver/Src/stm32l4xx_hal_tim.o
 .debug_info    0x0001b691     0x169e ./Drivers/STM32L4xx_HAL_Driver/Src/stm32l4xx_hal_tim_ex.o
 .debug_info    0x0001cd2f     0x3b77 ./Drivers/STM32L4xx_HAL_Driver/Src/stm32l4xx_hal_uart.o

.debug_abbrev   0x00000000     0x459b
 .debug_abbrev  0x00000000      0x1f8 ./Core/Src/adc.o
 .debug_abbrev  0x000001f8      0x120 ./Core/Src/aes.o
 .debug_abbrev  0x00000318      0x238 ./Core/Src/debug.o
 .debug_abbrev  0x00000550      0x15b ./Core/Src/gpio.o
 .debug_abbrev  0x000006ab      0x32e ./Core/Src/hal.o
 .debug_abbrev  0x000009d9      0x212 ./Core/Src/i2c.o
 .debug_abbrev  0x00000beb      0x4f4 ./Core/Src/lmic.o
 .debug_abbrev  0x000010df      0x3a8 ./Core/Src/main.o
 .debug_abbrev  0x00001487      0x1fa ./Core/Src/oslmic.o
 .debug_abbrev  0x00001681      0x30b ./Core/Src/radio.o
 .debug_abbrev  0x0000198c      0x1fa ./Core/Src/spi.o
 .debug_abbrev  0x00001b86       0xc6 ./Core/Src/stm32l4xx_hal_msp.o
 .debug_abbrev  0x00001c4c      0x1a7 ./Core/Src/stm32l4xx_it.o
 .debug_abbrev  0x00001df3      0x11a ./Core/Src/system_stm32l4xx.o
 .debug_abbrev  0x00001f0d      0x206 ./Core/Src/tim.o
 .debug_abbrev  0x00002113      0x1f5 ./Core/Src/usart.o
 .debug_abbrev  0x00002308       0x24 ./Core/Startup/startup_stm32l432kcux.o
 .debug_abbrev  0x0000232c      0x225 ./Drivers/STM32L4xx_HAL_Driver/Src/stm32l4xx_hal.o
 .debug_abbrev  0x00002551      0x2d7 ./Drivers/STM32L4xx_HAL_Driver/Src/stm32l4xx_hal_adc.o
 .debug_abbrev  0x00002828      0x2d8 ./Drivers/STM32L4xx_HAL_Driver/Src/stm32l4xx_hal_adc_ex.o
 .debug_abbrev  0x00002b00      0x31c ./Drivers/STM32L4xx_HAL_Driver/Src/stm32l4xx_hal_cortex.o
 .debug_abbrev  0x00002e1c      0x1cb ./Drivers/STM32L4xx_HAL_Driver/Src/stm32l4xx_hal_gpio.o
 .debug_abbrev  0x00002fe7      0x261 ./Drivers/STM32L4xx_HAL_Driver/Src/stm32l4xx_hal_i2c.o
 .debug_abbrev  0x00003248      0x1c3 ./Drivers/STM32L4xx_HAL_Driver/Src/stm32l4xx_hal_i2c_ex.o
 .debug_abbrev  0x0000340b      0x1f9 ./Drivers/STM32L4xx_HAL_Driver/Src/stm32l4xx_hal_pwr_ex.o
 .debug_abbrev  0x00003604      0x2cb ./Drivers/STM32L4xx_HAL_Driver/Src/stm32l4xx_hal_rcc.o
 .debug_abbrev  0x000038cf      0x2a1 ./Drivers/STM32L4xx_HAL_Driver/Src/stm32l4xx_hal_rcc_ex.o
 .debug_abbrev  0x00003b70      0x260 ./Drivers/STM32L4xx_HAL_Driver/Src/stm32l4xx_hal_spi.o
 .debug_abbrev  0x00003dd0      0x278 ./Drivers/STM32L4xx_HAL_Driver/Src/stm32l4xx_hal_tim.o
 .debug_abbrev  0x00004048      0x283 ./Drivers/STM32L4xx_HAL_Driver/Src/stm32l4xx_hal_tim_ex.o
 .debug_abbrev  0x000042cb      0x2d0 ./Drivers/STM32L4xx_HAL_Driver/Src/stm32l4xx_hal_uart.o

.debug_aranges  0x00000000     0x1d78
 .debug_aranges
                0x00000000       0x30 ./Core/Src/adc.o
 .debug_aranges
                0x00000030       0x28 ./Core/Src/aes.o
 .debug_aranges
                0x00000058       0x88 ./Core/Src/debug.o
 .debug_aranges
                0x000000e0       0x20 ./Core/Src/gpio.o
 .debug_aranges
                0x00000100       0xa8 ./Core/Src/hal.o
 .debug_aranges
                0x000001a8       0x30 ./Core/Src/i2c.o
 .debug_aranges
                0x000001d8      0x380 ./Core/Src/lmic.o
 .debug_aranges
                0x00000558       0x90 ./Core/Src/main.o
 .debug_aranges
                0x000005e8       0x50 ./Core/Src/oslmic.o
 .debug_aranges
                0x00000638       0xc0 ./Core/Src/radio.o
 .debug_aranges
                0x000006f8       0x30 ./Core/Src/spi.o
 .debug_aranges
                0x00000728       0x20 ./Core/Src/stm32l4xx_hal_msp.o
 .debug_aranges
                0x00000748       0x80 ./Core/Src/stm32l4xx_it.o
 .debug_aranges
                0x000007c8       0x28 ./Core/Src/system_stm32l4xx.o
 .debug_aranges
                0x000007f0       0x38 ./Core/Src/tim.o
 .debug_aranges
                0x00000828       0x30 ./Core/Src/usart.o
 .debug_aranges
                0x00000858       0x28 ./Core/Startup/startup_stm32l432kcux.o
 .debug_aranges
                0x00000880      0x108 ./Drivers/STM32L4xx_HAL_Driver/Src/stm32l4xx_hal.o
 .debug_aranges
                0x00000988      0x210 ./Drivers/STM32L4xx_HAL_Driver/Src/stm32l4xx_hal_adc.o
 .debug_aranges
                0x00000b98      0x170 ./Drivers/STM32L4xx_HAL_Driver/Src/stm32l4xx_hal_adc_ex.o
 .debug_aranges
                0x00000d08      0x128 ./Drivers/STM32L4xx_HAL_Driver/Src/stm32l4xx_hal_cortex.o
 .debug_aranges
                0x00000e30       0x58 ./Drivers/STM32L4xx_HAL_Driver/Src/stm32l4xx_hal_gpio.o
 .debug_aranges
                0x00000e88      0x2a0 ./Drivers/STM32L4xx_HAL_Driver/Src/stm32l4xx_hal_i2c.o
 .debug_aranges
                0x00001128       0x48 ./Drivers/STM32L4xx_HAL_Driver/Src/stm32l4xx_hal_i2c_ex.o
 .debug_aranges
                0x00001170      0x128 ./Drivers/STM32L4xx_HAL_Driver/Src/stm32l4xx_hal_pwr_ex.o
 .debug_aranges
                0x00001298       0x90 ./Drivers/STM32L4xx_HAL_Driver/Src/stm32l4xx_hal_rcc.o
 .debug_aranges
                0x00001328       0xf0 ./Drivers/STM32L4xx_HAL_Driver/Src/stm32l4xx_hal_rcc_ex.o
 .debug_aranges
                0x00001418      0x1d8 ./Drivers/STM32L4xx_HAL_Driver/Src/stm32l4xx_hal_spi.o
 .debug_aranges
                0x000015f0      0x3e0 ./Drivers/STM32L4xx_HAL_Driver/Src/stm32l4xx_hal_tim.o
 .debug_aranges
                0x000019d0      0x180 ./Drivers/STM32L4xx_HAL_Driver/Src/stm32l4xx_hal_tim_ex.o
 .debug_aranges
                0x00001b50      0x228 ./Drivers/STM32L4xx_HAL_Driver/Src/stm32l4xx_hal_uart.o

.debug_rnglists
                0x00000000     0x1708
 .debug_rnglists
                0x00000000       0x21 ./Core/Src/adc.o
 .debug_rnglists
                0x00000021       0x1b ./Core/Src/aes.o
 .debug_rnglists
                0x0000003c       0x62 ./Core/Src/debug.o
 .debug_rnglists
                0x0000009e       0x14 ./Core/Src/gpio.o
 .debug_rnglists
                0x000000b2       0x79 ./Core/Src/hal.o
 .debug_rnglists
                0x0000012b       0x21 ./Core/Src/i2c.o
 .debug_rnglists
                0x0000014c      0x2e0 ./Core/Src/lmic.o
 .debug_rnglists
                0x0000042c       0x6b ./Core/Src/main.o
 .debug_rnglists
                0x00000497       0x37 ./Core/Src/oslmic.o
 .debug_rnglists
                0x000004ce       0x92 ./Core/Src/radio.o
 .debug_rnglists
                0x00000560       0x20 ./Core/Src/spi.o
 .debug_rnglists
                0x00000580       0x13 ./Core/Src/stm32l4xx_hal_msp.o
 .debug_rnglists
                0x00000593       0x5b ./Core/Src/stm32l4xx_it.o
 .debug_rnglists
                0x000005ee       0x1a ./Core/Src/system_stm32l4xx.o
 .debug_rnglists
                0x00000608       0x26 ./Core/Src/tim.o
 .debug_rnglists
                0x0000062e       0x20 ./Core/Src/usart.o
 .debug_rnglists
                0x0000064e       0x19 ./Core/Startup/startup_stm32l432kcux.o
 .debug_rnglists
                0x00000667       0xc1 ./Drivers/STM32L4xx_HAL_Driver/Src/stm32l4xx_hal.o
 .debug_rnglists
                0x00000728      0x196 ./Drivers/STM32L4xx_HAL_Driver/Src/stm32l4xx_hal_adc.o
 .debug_rnglists
                0x000008be      0x11a ./Drivers/STM32L4xx_HAL_Driver/Src/stm32l4xx_hal_adc_ex.o
 .debug_rnglists
                0x000009d8       0xda ./Drivers/STM32L4xx_HAL_Driver/Src/stm32l4xx_hal_cortex.o
 .debug_rnglists
                0x00000ab2       0x3f ./Drivers/STM32L4xx_HAL_Driver/Src/stm32l4xx_hal_gpio.o
 .debug_rnglists
                0x00000af1      0x228 ./Drivers/STM32L4xx_HAL_Driver/Src/stm32l4xx_hal_i2c.o
 .debug_rnglists
                0x00000d19       0x35 ./Drivers/STM32L4xx_HAL_Driver/Src/stm32l4xx_hal_i2c_ex.o
 .debug_rnglists
                0x00000d4e       0xdf ./Drivers/STM32L4xx_HAL_Driver/Src/stm32l4xx_hal_pwr_ex.o
 .debug_rnglists
                0x00000e2d       0x6d ./Drivers/STM32L4xx_HAL_Driver/Src/stm32l4xx_hal_rcc.o
 .debug_rnglists
                0x00000e9a       0xba ./Drivers/STM32L4xx_HAL_Driver/Src/stm32l4xx_hal_rcc_ex.o
 .debug_rnglists
                0x00000f54      0x178 ./Drivers/STM32L4xx_HAL_Driver/Src/stm32l4xx_hal_spi.o
 .debug_rnglists
                0x000010cc      0x328 ./Drivers/STM32L4xx_HAL_Driver/Src/stm32l4xx_hal_tim.o
 .debug_rnglists
                0x000013f4      0x139 ./Drivers/STM32L4xx_HAL_Driver/Src/stm32l4xx_hal_tim_ex.o
 .debug_rnglists
                0x0000152d      0x1db ./Drivers/STM32L4xx_HAL_Driver/Src/stm32l4xx_hal_uart.o

.debug_macro    0x00000000    0x25190
 .debug_macro   0x00000000      0x22a ./Core/Src/adc.o
 .debug_macro   0x0000022a      0xac0 ./Core/Src/adc.o
 .debug_macro   0x00000cea      0x1b9 ./Core/Src/adc.o
 .debug_macro   0x00000ea3       0x2e ./Core/Src/adc.o
 .debug_macro   0x00000ed1       0x28 ./Core/Src/adc.o
 .debug_macro   0x00000ef9       0x22 ./Core/Src/adc.o
 .debug_macro   0x00000f1b       0x8e ./Core/Src/adc.o
 .debug_macro   0x00000fa9       0x51 ./Core/Src/adc.o
 .debug_macro   0x00000ffa      0x103 ./Core/Src/adc.o
 .debug_macro   0x000010fd       0x6a ./Core/Src/adc.o
 .debug_macro   0x00001167      0x1df ./Core/Src/adc.o
 .debug_macro   0x00001346       0x1c ./Core/Src/adc.o
 .debug_macro   0x00001362       0x22 ./Core/Src/adc.o
 .debug_macro   0x00001384       0xfb ./Core/Src/adc.o
 .debug_macro   0x0000147f     0x1011 ./Core/Src/adc.o
 .debug_macro   0x00002490      0x11f ./Core/Src/adc.o
 .debug_macro   0x000025af    0x147a6 ./Core/Src/adc.o
 .debug_macro   0x00016d55       0x6d ./Core/Src/adc.o
 .debug_macro   0x00016dc2     0x38fb ./Core/Src/adc.o
 .debug_macro   0x0001a6bd      0x189 ./Core/Src/adc.o
 .debug_macro   0x0001a846       0x5c ./Core/Src/adc.o
 .debug_macro   0x0001a8a2     0x11ca ./Core/Src/adc.o
 .debug_macro   0x0001ba6c      0x53c ./Core/Src/adc.o
 .debug_macro   0x0001bfa8      0x1b9 ./Core/Src/adc.o
 .debug_macro   0x0001c161      0x122 ./Core/Src/adc.o
 .debug_macro   0x0001c283      0x26b ./Core/Src/adc.o
 .debug_macro   0x0001c4ee      0x23d ./Core/Src/adc.o
 .debug_macro   0x0001c72b      0xde6 ./Core/Src/adc.o
 .debug_macro   0x0001d511      0x61d ./Core/Src/adc.o
 .debug_macro   0x0001db2e      0x241 ./Core/Src/adc.o
 .debug_macro   0x0001dd6f      0x241 ./Core/Src/adc.o
 .debug_macro   0x0001dfb0      0x375 ./Core/Src/adc.o
 .debug_macro   0x0001e325       0xd6 ./Core/Src/adc.o
 .debug_macro   0x0001e3fb      0x22c ./Core/Src/adc.o
 .debug_macro   0x0001e627       0x61 ./Core/Src/adc.o
 .debug_macro   0x0001e688       0xa5 ./Core/Src/adc.o
 .debug_macro   0x0001e72d      0x122 ./Core/Src/adc.o
 .debug_macro   0x0001e84f      0x356 ./Core/Src/adc.o
 .debug_macro   0x0001eba5      0x2fe ./Core/Src/adc.o
 .debug_macro   0x0001eea3      0xa98 ./Core/Src/adc.o
 .debug_macro   0x0001f93b      0x12d ./Core/Src/adc.o
 .debug_macro   0x0001fa68      0x5cf ./Core/Src/adc.o
 .debug_macro   0x00020037       0x44 ./Core/Src/adc.o
 .debug_macro   0x0002007b      0x220 ./Core/Src/adc.o
 .debug_macro   0x0002029b       0x58 ./Core/Src/adc.o
 .debug_macro   0x000202f3      0x159 ./Core/Src/aes.o
 .debug_macro   0x0002044c       0x5b ./Core/Src/aes.o
 .debug_macro   0x000204a7       0x2a ./Core/Src/aes.o
 .debug_macro   0x000204d1       0x94 ./Core/Src/aes.o
 .debug_macro   0x00020565       0x43 ./Core/Src/aes.o
 .debug_macro   0x000205a8       0x34 ./Core/Src/aes.o
 .debug_macro   0x000205dc       0x16 ./Core/Src/aes.o
 .debug_macro   0x000205f2       0x43 ./Core/Src/aes.o
 .debug_macro   0x00020635       0x57 ./Core/Src/aes.o
 .debug_macro   0x0002068c       0x34 ./Core/Src/aes.o
 .debug_macro   0x000206c0       0x10 ./Core/Src/aes.o
 .debug_macro   0x000206d0       0x58 ./Core/Src/aes.o
 .debug_macro   0x00020728       0x8e ./Core/Src/aes.o
 .debug_macro   0x000207b6       0x1c ./Core/Src/aes.o
 .debug_macro   0x000207d2      0x177 ./Core/Src/aes.o
 .debug_macro   0x00020949      0x369 ./Core/Src/aes.o
 .debug_macro   0x00020cb2       0x10 ./Core/Src/aes.o
 .debug_macro   0x00020cc2       0x35 ./Core/Src/aes.o
 .debug_macro   0x00020cf7       0x20 ./Core/Src/aes.o
 .debug_macro   0x00020d17       0xe8 ./Core/Src/aes.o
 .debug_macro   0x00020dff      0x33b ./Core/Src/debug.o
 .debug_macro   0x0002113a       0x11 ./Core/Src/debug.o
 .debug_macro   0x0002114b       0x1d ./Core/Src/debug.o
 .debug_macro   0x00021168      0x22a ./Core/Src/gpio.o
 .debug_macro   0x00021392      0x34b ./Core/Src/hal.o
 .debug_macro   0x000216dd       0x56 ./Core/Src/hal.o
 .debug_macro   0x00021733      0x22a ./Core/Src/i2c.o
 .debug_macro   0x0002195d      0x1c8 ./Core/Src/lmic.o
 .debug_macro   0x00021b25      0x37b ./Core/Src/main.o
 .debug_macro   0x00021ea0      0x13a ./Core/Src/oslmic.o
 .debug_macro   0x00021fda      0x5db ./Core/Src/radio.o
 .debug_macro   0x000225b5      0x22a ./Core/Src/spi.o
 .debug_macro   0x000227df      0x220 ./Core/Src/stm32l4xx_hal_msp.o
 .debug_macro   0x000229ff      0x22a ./Core/Src/stm32l4xx_it.o
 .debug_macro   0x00022c29      0x211 ./Core/Src/system_stm32l4xx.o
 .debug_macro   0x00022e3a      0x22a ./Core/Src/tim.o
 .debug_macro   0x00023064      0x22a ./Core/Src/usart.o
 .debug_macro   0x0002328e      0x259 ./Drivers/STM32L4xx_HAL_Driver/Src/stm32l4xx_hal.o
 .debug_macro   0x000234e7      0x22e ./Drivers/STM32L4xx_HAL_Driver/Src/stm32l4xx_hal_adc.o
 .debug_macro   0x00023715      0x21d ./Drivers/STM32L4xx_HAL_Driver/Src/stm32l4xx_hal_adc_ex.o
 .debug_macro   0x00023932      0x211 ./Drivers/STM32L4xx_HAL_Driver/Src/stm32l4xx_hal_cortex.o
 .debug_macro   0x00023b43      0x218 ./Drivers/STM32L4xx_HAL_Driver/Src/stm32l4xx_hal_gpio.o
 .debug_macro   0x00023d5b      0x2dd ./Drivers/STM32L4xx_HAL_Driver/Src/stm32l4xx_hal_i2c.o
 .debug_macro   0x00024038      0x211 ./Drivers/STM32L4xx_HAL_Driver/Src/stm32l4xx_hal_i2c_ex.o
 .debug_macro   0x00024249      0x235 ./Drivers/STM32L4xx_HAL_Driver/Src/stm32l4xx_hal_pwr_ex.o
 .debug_macro   0x0002447e      0x253 ./Drivers/STM32L4xx_HAL_Driver/Src/stm32l4xx_hal_rcc.o
 .debug_macro   0x000246d1      0x247 ./Drivers/STM32L4xx_HAL_Driver/Src/stm32l4xx_hal_rcc_ex.o
 .debug_macro   0x00024918      0x219 ./Drivers/STM32L4xx_HAL_Driver/Src/stm32l4xx_hal_spi.o
 .debug_macro   0x00024b31      0x212 ./Drivers/STM32L4xx_HAL_Driver/Src/stm32l4xx_hal_tim.o
 .debug_macro   0x00024d43      0x211 ./Drivers/STM32L4xx_HAL_Driver/Src/stm32l4xx_hal_tim_ex.o
 .debug_macro   0x00024f54      0x23c ./Drivers/STM32L4xx_HAL_Driver/Src/stm32l4xx_hal_uart.o

.debug_line     0x00000000    0x21e81
 .debug_line    0x00000000      0x839 ./Core/Src/adc.o
 .debug_line    0x00000839      0x7e6 ./Core/Src/aes.o
 .debug_line    0x0000101f      0xbc8 ./Core/Src/debug.o
 .debug_line    0x00001be7      0x7ae ./Core/Src/gpio.o
 .debug_line    0x00002395      0xba9 ./Core/Src/hal.o
 .debug_line    0x00002f3e      0x816 ./Core/Src/i2c.o
 .debug_line    0x00003754     0x2456 ./Core/Src/lmic.o
 .debug_line    0x00005baa      0xbb9 ./Core/Src/main.o
 .debug_line    0x00006763      0x678 ./Core/Src/oslmic.o
 .debug_line    0x00006ddb      0xa90 ./Core/Src/radio.o
 .debug_line    0x0000786b      0x7fe ./Core/Src/spi.o
 .debug_line    0x00008069      0x785 ./Core/Src/stm32l4xx_hal_msp.o
 .debug_line    0x000087ee      0x8a9 ./Core/Src/stm32l4xx_it.o
 .debug_line    0x00009097      0x820 ./Core/Src/system_stm32l4xx.o
 .debug_line    0x000098b7      0x843 ./Core/Src/tim.o
 .debug_line    0x0000a0fa      0x807 ./Core/Src/usart.o
 .debug_line    0x0000a901       0x7a ./Core/Startup/startup_stm32l432kcux.o
 .debug_line    0x0000a97b      0xae8 ./Drivers/STM32L4xx_HAL_Driver/Src/stm32l4xx_hal.o
 .debug_line    0x0000b463     0x1d2c ./Drivers/STM32L4xx_HAL_Driver/Src/stm32l4xx_hal_adc.o
 .debug_line    0x0000d18f     0x1579 ./Drivers/STM32L4xx_HAL_Driver/Src/stm32l4xx_hal_adc_ex.o
 .debug_line    0x0000e708      0xd44 ./Drivers/STM32L4xx_HAL_Driver/Src/stm32l4xx_hal_cortex.o
 .debug_line    0x0000f44c      0xb8a ./Drivers/STM32L4xx_HAL_Driver/Src/stm32l4xx_hal_gpio.o
 .debug_line    0x0000ffd6     0x3aae ./Drivers/STM32L4xx_HAL_Driver/Src/stm32l4xx_hal_i2c.o
 .debug_line    0x00013a84      0x9a3 ./Drivers/STM32L4xx_HAL_Driver/Src/stm32l4xx_hal_i2c_ex.o
 .debug_line    0x00014427      0xc74 ./Drivers/STM32L4xx_HAL_Driver/Src/stm32l4xx_hal_pwr_ex.o
 .debug_line    0x0001509b     0x1032 ./Drivers/STM32L4xx_HAL_Driver/Src/stm32l4xx_hal_rcc.o
 .debug_line    0x000160cd     0x136d ./Drivers/STM32L4xx_HAL_Driver/Src/stm32l4xx_hal_rcc_ex.o
 .debug_line    0x0001743a     0x2051 ./Drivers/STM32L4xx_HAL_Driver/Src/stm32l4xx_hal_spi.o
 .debug_line    0x0001948b     0x3c5a ./Drivers/STM32L4xx_HAL_Driver/Src/stm32l4xx_hal_tim.o
 .debug_line    0x0001d0e5     0x1b7c ./Drivers/STM32L4xx_HAL_Driver/Src/stm32l4xx_hal_tim_ex.o
 .debug_line    0x0001ec61     0x3220 ./Drivers/STM32L4xx_HAL_Driver/Src/stm32l4xx_hal_uart.o

.debug_str      0x00000000    0xe21cc
 .debug_str     0x00000000    0xd5245 ./Core/Src/adc.o
                              0xd5864 (size before relaxing)
 .debug_str     0x000d5245     0x3a16 ./Core/Src/aes.o
                               0x6f97 (size before relaxing)
 .debug_str     0x000d8c5b      0x547 ./Core/Src/debug.o
                              0xd8ac0 (size before relaxing)
 .debug_str     0x000d91a2       0x2c ./Core/Src/gpio.o
                              0xd5182 (size before relaxing)
 .debug_str     0x000d91ce      0x737 ./Core/Src/hal.o
                              0xd8f4a (size before relaxing)
 .debug_str     0x000d9905      0x280 ./Core/Src/i2c.o
                              0xd544a (size before relaxing)
 .debug_str     0x000d9b85     0x16b9 ./Core/Src/lmic.o
                               0x889a (size before relaxing)
 .debug_str     0x000db23e      0x327 ./Core/Src/main.o
                              0xd98e9 (size before relaxing)
 .debug_str     0x000db565       0x4b ./Core/Src/oslmic.o
                               0x70e3 (size before relaxing)
 .debug_str     0x000db5b0     0x120c ./Core/Src/radio.o
                               0x863d (size before relaxing)
 .debug_str     0x000dc7bc       0x4b ./Core/Src/spi.o
                              0xd51b1 (size before relaxing)
 .debug_str     0x000dc807       0x2c ./Core/Src/stm32l4xx_hal_msp.o
                              0xd4cba (size before relaxing)
 .debug_str     0x000dc833      0x12b ./Core/Src/stm32l4xx_it.o
                              0xd5468 (size before relaxing)
 .debug_str     0x000dc95e       0xf2 ./Core/Src/system_stm32l4xx.o
                              0xd4c4d (size before relaxing)
 .debug_str     0x000dca50       0xe4 ./Core/Src/tim.o
                              0xd56f8 (size before relaxing)
 .debug_str     0x000dcb34       0x51 ./Core/Src/usart.o
                              0xd53c1 (size before relaxing)
 .debug_str     0x000dcb85       0x44 ./Core/Startup/startup_stm32l432kcux.o
                                 0x90 (size before relaxing)
 .debug_str     0x000dcbc9      0x55e ./Drivers/STM32L4xx_HAL_Driver/Src/stm32l4xx_hal.o
                              0xd55da (size before relaxing)
 .debug_str     0x000dd127      0x9e2 ./Drivers/STM32L4xx_HAL_Driver/Src/stm32l4xx_hal_adc.o
                              0xd5a30 (size before relaxing)
 .debug_str     0x000ddb09      0x568 ./Drivers/STM32L4xx_HAL_Driver/Src/stm32l4xx_hal_adc_ex.o
                              0xd585a (size before relaxing)
 .debug_str     0x000de071      0x34a ./Drivers/STM32L4xx_HAL_Driver/Src/stm32l4xx_hal_cortex.o
                              0xd53ad (size before relaxing)
 .debug_str     0x000de3bb       0xf3 ./Drivers/STM32L4xx_HAL_Driver/Src/stm32l4xx_hal_gpio.o
                              0xd4dc1 (size before relaxing)
 .debug_str     0x000de4ae      0xdee ./Drivers/STM32L4xx_HAL_Driver/Src/stm32l4xx_hal_i2c.o
                              0xd5e4b (size before relaxing)
 .debug_str     0x000df29c       0xb8 ./Drivers/STM32L4xx_HAL_Driver/Src/stm32l4xx_hal_i2c_ex.o
                              0xd515a (size before relaxing)
 .debug_str     0x000df354      0x43e ./Drivers/STM32L4xx_HAL_Driver/Src/stm32l4xx_hal_pwr_ex.o
                              0xd50f5 (size before relaxing)
 .debug_str     0x000df792      0x37b ./Drivers/STM32L4xx_HAL_Driver/Src/stm32l4xx_hal_rcc.o
                              0xd524d (size before relaxing)
 .debug_str     0x000dfb0d      0x52e ./Drivers/STM32L4xx_HAL_Driver/Src/stm32l4xx_hal_rcc_ex.o
                              0xd54ad (size before relaxing)
 .debug_str     0x000e003b      0x54a ./Drivers/STM32L4xx_HAL_Driver/Src/stm32l4xx_hal_spi.o
                              0xd5465 (size before relaxing)
 .debug_str     0x000e0585      0xe3b ./Drivers/STM32L4xx_HAL_Driver/Src/stm32l4xx_hal_tim.o
                              0xd5f8a (size before relaxing)
 .debug_str     0x000e13c0      0x57f ./Drivers/STM32L4xx_HAL_Driver/Src/stm32l4xx_hal_tim_ex.o
                              0xd589e (size before relaxing)
 .debug_str     0x000e193f      0x88d ./Drivers/STM32L4xx_HAL_Driver/Src/stm32l4xx_hal_uart.o
                              0xd59a5 (size before relaxing)

.comment        0x00000000       0x43
 .comment       0x00000000       0x43 ./Core/Src/adc.o
                                 0x44 (size before relaxing)
 .comment       0x00000043       0x44 ./Core/Src/aes.o
 .comment       0x00000043       0x44 ./Core/Src/debug.o
 .comment       0x00000043       0x44 ./Core/Src/gpio.o
 .comment       0x00000043       0x44 ./Core/Src/hal.o
 .comment       0x00000043       0x44 ./Core/Src/i2c.o
 .comment       0x00000043       0x44 ./Core/Src/lmic.o
 .comment       0x00000043       0x44 ./Core/Src/main.o
 .comment       0x00000043       0x44 ./Core/Src/oslmic.o
 .comment       0x00000043       0x44 ./Core/Src/radio.o
 .comment       0x00000043       0x44 ./Core/Src/spi.o
 .comment       0x00000043       0x44 ./Core/Src/stm32l4xx_hal_msp.o
 .comment       0x00000043       0x44 ./Core/Src/stm32l4xx_it.o
 .comment       0x00000043       0x44 ./Core/Src/system_stm32l4xx.o
 .comment       0x00000043       0x44 ./Core/Src/tim.o
 .comment       0x00000043       0x44 ./Core/Src/usart.o
 .comment       0x00000043       0x44 ./Drivers/STM32L4xx_HAL_Driver/Src/stm32l4xx_hal.o
 .comment       0x00000043       0x44 ./Drivers/STM32L4xx_HAL_Driver/Src/stm32l4xx_hal_adc.o
 .comment       0x00000043       0x44 ./Drivers/STM32L4xx_HAL_Driver/Src/stm32l4xx_hal_adc_ex.o
 .comment       0x00000043       0x44 ./Drivers/STM32L4xx_HAL_Driver/Src/stm32l4xx_hal_cortex.o
 .comment       0x00000043       0x44 ./Drivers/STM32L4xx_HAL_Driver/Src/stm32l4xx_hal_gpio.o
 .comment       0x00000043       0x44 ./Drivers/STM32L4xx_HAL_Driver/Src/stm32l4xx_hal_i2c.o
 .comment       0x00000043       0x44 ./Drivers/STM32L4xx_HAL_Driver/Src/stm32l4xx_hal_i2c_ex.o
 .comment       0x00000043       0x44 ./Drivers/STM32L4xx_HAL_Driver/Src/stm32l4xx_hal_pwr_ex.o
 .comment       0x00000043       0x44 ./Drivers/STM32L4xx_HAL_Driver/Src/stm32l4xx_hal_rcc.o
 .comment       0x00000043       0x44 ./Drivers/STM32L4xx_HAL_Driver/Src/stm32l4xx_hal_rcc_ex.o
 .comment       0x00000043       0x44 ./Drivers/STM32L4xx_HAL_Driver/Src/stm32l4xx_hal_spi.o
 .comment       0x00000043       0x44 ./Drivers/STM32L4xx_HAL_Driver/Src/stm32l4xx_hal_tim.o
 .comment       0x00000043       0x44 ./Drivers/STM32L4xx_HAL_Driver/Src/stm32l4xx_hal_tim_ex.o
 .comment       0x00000043       0x44 ./Drivers/STM32L4xx_HAL_Driver/Src/stm32l4xx_hal_uart.o

.debug_frame    0x00000000     0x7dd0
 .debug_frame   0x00000000       0x80 ./Core/Src/adc.o
 .debug_frame   0x00000080       0x60 ./Core/Src/aes.o
 .debug_frame   0x000000e0      0x204 ./Core/Src/debug.o
 .debug_frame   0x000002e4       0x34 ./Core/Src/gpio.o
 .debug_frame   0x00000318      0x270 ./Core/Src/hal.o
 .debug_frame   0x00000588       0x78 ./Core/Src/i2c.o
 .debug_frame   0x00000600      0xfd4 ./Core/Src/lmic.o
 .debug_frame   0x000015d4      0x22c ./Core/Src/main.o
 .debug_frame   0x00001800       0xfc ./Core/Src/oslmic.o
 .debug_frame   0x000018fc      0x2f8 ./Core/Src/radio.o
 .debug_frame   0x00001bf4       0x74 ./Core/Src/spi.o
 .debug_frame   0x00001c68       0x38 ./Core/Src/stm32l4xx_hal_msp.o
 .debug_frame   0x00001ca0      0x174 ./Core/Src/stm32l4xx_it.o
 .debug_frame   0x00001e14       0x58 ./Core/Src/system_stm32l4xx.o
 .debug_frame   0x00001e6c       0xa0 ./Core/Src/tim.o
 .debug_frame   0x00001f0c       0x78 ./Core/Src/usart.o
 .debug_frame   0x00001f84      0x3dc ./Drivers/STM32L4xx_HAL_Driver/Src/stm32l4xx_hal.o
 .debug_frame   0x00002360      0x9b0 ./Drivers/STM32L4xx_HAL_Driver/Src/stm32l4xx_hal_adc.o
 .debug_frame   0x00002d10      0x68c ./Drivers/STM32L4xx_HAL_Driver/Src/stm32l4xx_hal_adc_ex.o
 .debug_frame   0x0000339c      0x4e8 ./Drivers/STM32L4xx_HAL_Driver/Src/stm32l4xx_hal_cortex.o
 .debug_frame   0x00003884      0x14c ./Drivers/STM32L4xx_HAL_Driver/Src/stm32l4xx_hal_gpio.o
 .debug_frame   0x000039d0      0xc38 ./Drivers/STM32L4xx_HAL_Driver/Src/stm32l4xx_hal_i2c.o
 .debug_frame   0x00004608      0x100 ./Drivers/STM32L4xx_HAL_Driver/Src/stm32l4xx_hal_i2c_ex.o
 .debug_frame   0x00004708      0x4a4 ./Drivers/STM32L4xx_HAL_Driver/Src/stm32l4xx_hal_pwr_ex.o
 .debug_frame   0x00004bac      0x21c ./Drivers/STM32L4xx_HAL_Driver/Src/stm32l4xx_hal_rcc.o
 .debug_frame   0x00004dc8      0x3d0 ./Drivers/STM32L4xx_HAL_Driver/Src/stm32l4xx_hal_rcc_ex.o
 .debug_frame   0x00005198      0x860 ./Drivers/STM32L4xx_HAL_Driver/Src/stm32l4xx_hal_spi.o
 .debug_frame   0x000059f8     0x121c ./Drivers/STM32L4xx_HAL_Driver/Src/stm32l4xx_hal_tim.o
 .debug_frame   0x00006c14      0x6b0 ./Drivers/STM32L4xx_HAL_Driver/Src/stm32l4xx_hal_tim_ex.o
 .debug_frame   0x000072c4      0x9f4 ./Drivers/STM32L4xx_HAL_Driver/Src/stm32l4xx_hal_uart.o