Archive member included to satisfy reference by file (symbol)

/Applications/STM32CubeIDE.app/Contents/Eclipse/plugins/com.st.stm32cube.ide.mcu.externaltools.gnu-tools-for-stm32.12.3.rel1.macos64_1.1.0.202410301201/tools/bin/../lib/gcc/arm-none-eabi/12.3.1/../../../../arm-none-eabi/lib/thumb/v7e-m+fp/hard/libc_nano.a(libc_a-assert.o)
                              ./Core/Src/cayenne_lpp.o (__assert_func)
/Applications/STM32CubeIDE.app/Contents/Eclipse/plugins/com.st.stm32cube.ide.mcu.externaltools.gnu-tools-for-stm32.12.3.rel1.macos64_1.1.0.202410301201/tools/bin/../lib/gcc/arm-none-eabi/12.3.1/../../../../arm-none-eabi/lib/thumb/v7e-m+fp/hard/libc_nano.a(libc_a-exit.o)
                              /Applications/STM32CubeIDE.app/Contents/Eclipse/plugins/com.st.stm32cube.ide.mcu.externaltools.gnu-tools-for-stm32.12.3.rel1.macos64_1.1.0.202410301201/tools/bin/../lib/gcc/arm-none-eabi/12.3.1/../../../../arm-none-eabi/lib/thumb/v7e-m+fp/hard/crt0.o (exit)
/Applications/STM32CubeIDE.app/Contents/Eclipse/plugins/com.st.stm32cube.ide.mcu.externaltools.gnu-tools-for-stm32.12.3.rel1.macos64_1.1.0.202410301201/tools/bin/../lib/gcc/arm-none-eabi/12.3.1/../../../../arm-none-eabi/lib/thumb/v7e-m+fp/hard/libc_nano.a(libc_a-findfp.o)
                              /Applications/STM32CubeIDE.app/Contents/Eclipse/plugins/com.st.stm32cube.ide.mcu.externaltools.gnu-tools-for-stm32.12.3.rel1.macos64_1.1.0.202410301201/tools/bin/../lib/gcc/arm-none-eabi/12.3.1/../../../../arm-none-eabi/lib/thumb/v7e-m+fp/hard/libc_nano.a(libc_a-exit.o) (__stdio_exit_handler)
/Applications/STM32CubeIDE.app/Contents/Eclipse/plugins/com.st.stm32cube.ide.mcu.externaltools.gnu-tools-for-stm32.12.3.rel1.macos64_1.1.0.202410301201/tools/bin/../lib/gcc/arm-none-eabi/12.3.1/../../../../arm-none-eabi/lib/thumb/v7e-m+fp/hard/libc_nano.a(libc_a-fprintf.o)
                              /Applications/STM32CubeIDE.app/Contents/Eclipse/plugins/com.st.stm32cube.ide.mcu.externaltools.gnu-tools-for-stm32.12.3.rel1.macos64_1.1.0.202410301201/tools/bin/../lib/gcc/arm-none-eabi/12.3.1/../../../../arm-none-eabi/lib/thumb/v7e-m+fp/hard/libc_nano.a(libc_a-assert.o) (fiprintf)
/Applications/STM32CubeIDE.app/Contents/Eclipse/plugins/com.st.stm32cube.ide.mcu.externaltools.gnu-tools-for-stm32.12.3.rel1.macos64_1.1.0.202410301201/tools/bin/../lib/gcc/arm-none-eabi/12.3.1/../../../../arm-none-eabi/lib/thumb/v7e-m+fp/hard/libc_nano.a(libc_a-fwalk.o)
                              /Applications/STM32CubeIDE.app/Contents/Eclipse/plugins/com.st.stm32cube.ide.mcu.externaltools.gnu-tools-for-stm32.12.3.rel1.macos64_1.1.0.202410301201/tools/bin/../lib/gcc/arm-none-eabi/12.3.1/../../../../arm-none-eabi/lib/thumb/v7e-m+fp/hard/libc_nano.a(libc_a-findfp.o) (_fwalk_sglue)
/Applications/STM32CubeIDE.app/Contents/Eclipse/plugins/com.st.stm32cube.ide.mcu.externaltools.gnu-tools-for-stm32.12.3.rel1.macos64_1.1.0.202410301201/tools/bin/../lib/gcc/arm-none-eabi/12.3.1/../../../../arm-none-eabi/lib/thumb/v7e-m+fp/hard/libc_nano.a(libc_a-memset.o)
                              /Applications/STM32CubeIDE.app/Contents/Eclipse/plugins/com.st.stm32cube.ide.mcu.externaltools.gnu-tools-for-stm32.12.3.rel1.macos64_1.1.0.202410301201/tools/bin/../lib/gcc/arm-none-eabi/12.3.1/../../../../arm-none-eabi/lib/thumb/v7e-m+fp/hard/crt0.o (memset)
/Applications/STM32CubeIDE.app/Contents/Eclipse/plugins/com.st.stm32cube.ide.mcu.externaltools.gnu-tools-for-stm32.12.3.rel1.macos64_1.1.0.202410301201/tools/bin/../lib/gcc/arm-none-eabi/12.3.1/../../../../arm-none-eabi/lib/thumb/v7e-m+fp/hard/libc_nano.a(libc_a-impure.o)
                              /Applications/STM32CubeIDE.app/Contents/Eclipse/plugins/com.st.stm32cube.ide.mcu.externaltools.gnu-tools-for-stm32.12.3.rel1.macos64_1.1.0.202410301201/tools/bin/../lib/gcc/arm-none-eabi/12.3.1/../../../../arm-none-eabi/lib/thumb/v7e-m+fp/hard/libc_nano.a(libc_a-assert.o) (_impure_ptr)
/Applications/STM32CubeIDE.app/Contents/Eclipse/plugins/com.st.stm32cube.ide.mcu.externaltools.gnu-tools-for-stm32.12.3.rel1.macos64_1.1.0.202410301201/tools/bin/../lib/gcc/arm-none-eabi/12.3.1/../../../../arm-none-eabi/lib/thumb/v7e-m+fp/hard/libc_nano.a(libc_a-errno.o)
                              ./Core/Src/syscalls.o (__errno)
/Applications/STM32CubeIDE.app/Contents/Eclipse/plugins/com.st.stm32cube.ide.mcu.externaltools.gnu-tools-for-stm32.12.3.rel1.macos64_1.1.0.202410301201/tools/bin/../lib/gcc/arm-none-eabi/12.3.1/../../../../arm-none-eabi/lib/thumb/v7e-m+fp/hard/libc_nano.a(libc_a-init.o)
                              /Applications/STM32CubeIDE.app/Contents/Eclipse/plugins/com.st.stm32cube.ide.mcu.externaltools.gnu-tools-for-stm32.12.3.rel1.macos64_1.1.0.202410301201/tools/bin/../lib/gcc/arm-none-eabi/12.3.1/../../../../arm-none-eabi/lib/thumb/v7e-m+fp/hard/crt0.o (__libc_init_array)
[...]
Memory Configuration

Name             Origin             Length             Attributes
RAM              0x20000000         0x0000c000         xrw
RAM2             0x10000000         0x00004000         xrw
FLASH            0x08000000         0x00040000         xr
*default*        0x00000000         0xffffffff

Linker script and memory map

LOAD /Applications/STM32CubeIDE.app/Contents/Eclipse/plugins/com.st.stm32cube.ide.mcu.externaltools.gnu-tools-for-stm32.12.3.rel1.macos64_1.1.0.202410301201/tools/bin/../lib/gcc/arm-none-eabi/12.3.1/thumb/v7e-m+fp/hard/crti.o
LOAD /Applications/STM32CubeIDE.app/Contents/Eclipse/plugins/com.st.stm32cube.ide.mcu.externaltools.gnu-tools-for-stm32.12.3.rel1.macos64_1.1.0.202410301201/tools/bin/../lib/gcc/arm-none-eabi/12.3.1/thumb/v7e-m+fp/hard/crtbegin.o
LOAD /Applications/STM32CubeIDE.app/Contents/Eclipse/plugins/com.st.stm32cube.ide.mcu.externaltools.gnu-tools-for-stm32.12.3.rel1.macos64_1.1.0.202410301201/tools/bin/../lib/gcc/arm-none-eabi/12.3.1/../../../../arm-none-eabi/lib/thumb/v7e-m+fp/hard/crt0.o
LOAD ./Core/Src/adc.o
LOAD ./Core/Src/aes.o
LOAD ./Core/Src/bme68x.o
LOAD ./Core/Src/bme68x_necessary_functions.o
LOAD ./Core/Src/cayenne_lpp.o
LOAD ./Core/Src/debug.o
LOAD ./Core/Src/gpio.o
LOAD ./Core/Src/hal.o
LOAD ./Core/Src/i2c.o
LOAD ./Core/Src/lmic.o
LOAD ./Core/Src/main.o
LOAD ./Core/Src/oslmic.o
LOAD ./Core/Src/radio.o
LOAD ./Core/Src/spi.o
LOAD ./Core/Src/stm32l4xx_hal_msp.o
LOAD ./Core/Src/stm32l4xx_it.o
LOAD ./Core/Src/syscalls.o
LOAD ./Core/Src/sysmem.o
LOAD ./Core/Src/system_stm32l4xx.o
LOAD ./Core/Src/tim.o
LOAD ./Core/Src/usart.o
LOAD ./Core/Startup/startup_stm32l432kcux.o
LOAD ./Drivers/STM32L4xx_HAL_Driver/Src/stm32l4xx_hal.o
LOAD ./Drivers/STM32L4xx_HAL_Driver/Src/stm32l4xx_hal_adc.o
LOAD ./Drivers/STM32L4xx_HAL_Driver/Src/stm32l4xx_hal_adc_ex.o
LOAD ./Drivers/STM32L4xx_HAL_Driver/Src/stm32l4xx_hal_cortex.o
LOAD ./Drivers/STM32L4xx_HAL_Driver/Src/stm32l4xx_hal_dma.o
LOAD ./Drivers/STM32L4xx_HAL_Driver/Src/stm32l4xx_hal_dma_ex.o
LOAD ./Drivers/STM32L4xx_HAL_Driver/Src/stm32l4xx_hal_exti.o
LOAD ./Drivers/STM32L4xx_HAL_Driver/Src/stm32l4xx_hal_flash.o
LOAD ./Drivers/STM32L4xx_HAL_Driver/Src/stm32l4xx_hal_flash_ex.o
LOAD ./Drivers/STM32L4xx_HAL_Driver/Src/stm32l4xx_hal_flash_ramfunc.o
LOAD ./Drivers/STM32L4xx_HAL_Driver/Src/stm32l4xx_hal_gpio.o
LOAD ./Drivers/STM32L4xx_HAL_Driver/Src/stm32l4xx_hal_i2c.o
LOAD ./Drivers/STM32L4xx_HAL_Driver/Src/stm32l4xx_hal_i2c_ex.o
LOAD ./Drivers/STM32L4xx_HAL_Driver/Src/stm32l4xx_hal_pwr.o
LOAD ./Drivers/STM32L4xx_HAL_Driver/Src/stm32l4xx_hal_pwr_ex.o
LOAD ./Drivers/STM32L4xx_HAL_Driver/Src/stm32l4xx_hal_rcc.o
LOAD ./Drivers/STM32L4xx_HAL_Driver/Src/stm32l4xx_hal_rcc_ex.o
LOAD ./Drivers/STM32L4xx_HAL_Driver/Src/stm32l4xx_hal_spi.o
LOAD ./Drivers/STM32L4xx_HAL_Driver/Src/stm32l4xx_hal_spi_ex.o
LOAD ./Drivers/STM32L4xx_HAL_Driver/Src/stm32l4xx_hal_tim.o
LOAD ./Drivers/STM32L4xx_HAL_Driver/Src/stm32l4xx_hal_tim_ex.o
LOAD ./Drivers/STM32L4xx_HAL_Driver/Src/stm32l4xx_hal_uart.o
LOAD ./Drivers/STM32L4xx_HAL_Driver/Src/stm32l4xx_hal_uart_ex.o
START GROUP
LOAD /Applications/STM32CubeIDE.app/Contents/Eclipse/plugins/com.st.stm32cube.ide.mcu.externaltools.gnu-tools-for-stm32.12.3.rel1.macos64_1.1.0.202410301201/tools/bin/../lib/gcc/arm-none-eabi/12.3.1/../../../../arm-none-eabi/lib/thumb/v7e-m+fp/hard/libc_nano.a
LOAD /Applications/STM32CubeIDE.app/Contents/Eclipse/plugins/com.st.stm32cube.ide.mcu.externaltools.gnu-tools-for-stm32.12.3.rel1.macos64_1.1.0.202410301201/tools/bin/../lib/gcc/arm-none-eabi/12.3.1/../../../../arm-none-eabi/lib/thumb/v7e-m+fp/hard/libm.a
END GROUP
START GROUP
LOAD /Applications/STM32CubeIDE.app/Contents/Eclipse/plugins/com.st.stm32cube.ide.mcu.externaltools.gnu-tools-for-stm32.12.3.rel1.macos64_1.1.0.202410301201/tools/bin/../lib/gcc/arm-none-eabi/12.3.1/thumb/v7e-m+fp/hard/libgcc.a
LOAD /Applications/STM32CubeIDE.app/Contents/Eclipse/plugins/com.st.stm32cube.ide.mcu.externaltools.gnu-tools-for-stm32.12.3.rel1.macos64_1.1.0.202410301201/tools/bin/../lib/gcc/arm-none-eabi/12.3.1/../../../../arm-none-eabi/lib/thumb/v7e-m+fp/hard/libc_nano.a
END GROUP
START GROUP
LOAD /Applications/STM32CubeIDE.app/Contents/Eclipse/plugins/com.st.stm32cube.ide.mcu.externaltools.gnu-tools-for-stm32.12.3.rel1.macos64_1.1.0.202410301201/tools/bin/../lib/gcc/arm-none-eabi/12.3.1/thumb/v7e-m+fp/hard/libgcc.a
LOAD /Applications/STM32CubeIDE.app/Contents/Eclipse/plugins/com.st.stm32cube.ide.mcu.externaltools.gnu-tools-for-stm32.12.3.rel1.macos64_1.1.0.202410301201/tools/bin/../lib/gcc/arm-none-eabi/12.3.1/../../../../arm-none-eabi/lib/thumb/v7e-m+fp/hard/libc_nano.a
LOAD /Applications/STM32CubeIDE.app/Contents/Eclipse/plugins/com.st.stm32cube.ide.mcu.externaltools.gnu-tools-for-stm32.12.3.rel1.macos64_1.1.0.202410301201/tools/bin/../lib/gcc/arm-none-eabi/12.3.1/../../../../arm-none-eabi/lib/thumb/v7e-m+fp/hard/libnosys.a
END GROUP
START GROUP
LOAD /Applications/STM32CubeIDE.app/Contents/Eclipse/plugins/com.st.stm32cube.ide.mcu.externaltools.gnu-tools-for-stm32.12.3.rel1.macos64_1.1.0.202410301201/tools/bin/../lib/gcc/arm-none-eabi/12.3.1/thumb/v7e-m+fp/hard/libgcc.a
LOAD /Applications/STM32CubeIDE.app/Contents/Eclipse/plugins/com.st.stm32cube.ide.mcu.externaltools.gnu-tools-for-stm32.12.3.rel1.macos64_1.1.0.202410301201/tools/bin/../lib/gcc/arm-none-eabi/12.3.1/../../../../arm-none-eabi/lib/thumb/v7e-m+fp/hard/libc_nano.a
LOAD /Applications/STM32CubeIDE.app/Contents/Eclipse/plugins/com.st.stm32cube.ide.mcu.externaltools.gnu-tools-for-stm32.12.3.rel1.macos64_1.1.0.202410301201/tools/bin/../lib/gcc/arm-none-eabi/12.3.1/../../../../arm-none-eabi/lib/thumb/v7e-m+fp/hard/libnosys.a
END GROUP
LOAD /Applications/STM32CubeIDE.app/Contents/Eclipse/plugins/com.st.stm32cube.ide.mcu.externaltools.gnu-tools-for-stm32.12.3.rel1.macos64_1.1.0.202410301201/tools/bin/../lib/gcc/arm-none-eabi/12.3.1/thumb/v7e-m+fp/hard/crtend.o
LOAD /Applications/STM32CubeIDE.app/Contents/Eclipse/plugins/com.st.stm32cube.ide.mcu.externaltools.gnu-tools-for-stm32.12.3.rel1.macos64_1.1.0.202410301201/tools/bin/../lib/gcc/arm-none-eabi/12.3.1/thumb/v7e-m+fp/hard/crtn.o
                0x2000c000                        _estack = (ORIGIN (RAM) + LENGTH (RAM))
                0x00000200                        _Min_Heap_Size = 0x200
                0x00000400                        _Min_Stack_Size = 0x400

.isr_vector     0x08000000      0x18c
                0x08000000                        . = ALIGN (0x4)
 *(.isr_vector)
 .isr_vector    0x08000000      0x18c ./Core/Startup/startup_stm32l432kcux.o
                0x08000000                g_pfnVectors
                0x0800018c                        . = ALIGN (0x4)

.text           0x08000190    0x1133c
                0x08000190                        . = ALIGN (0x4)
 *(.text)
 .text          0x08000190       0x40 /Applications/STM32CubeIDE.app/Contents/Eclipse/plugins/com.st.stm32cube.ide.mcu.externaltools.gnu-tools-for-stm32.12.3.rel1.macos64_1.1.0.202410301201/tools/bin/../lib/gcc/arm-none-eabi/12.3.1/thumb/v7e-m+fp/hard/crtbegin.o
 .text          0x080001d0       0xa0 /Applications/STM32CubeIDE.app/Contents/Eclipse/plugins/com.st.stm32cube.ide.mcu.externaltools.gnu-tools-for-stm32.12.3.rel1.macos64_1.1.0.202410301201/tools/bin/../lib/gcc/arm-none-eabi/12.3.1/../../../../arm-none-eabi/lib/thumb/v7e-m+fp/hard/libc_nano.a(libc_a-memchr.o)
                0x080001d0                memchr
 .text          0x08000270      0x378 /Applications/STM32CubeIDE.app/Contents/Eclipse/plugins/com.st.stm32cube.ide.mcu.externaltools.gnu-tools-for-stm32.12.3.rel1.macos64_1.1.0.202410301201/tools/bin/../lib/gcc/arm-none-eabi/12.3.1/thumb/v7e-m+fp/hard/libgcc.a(_arm_addsubdf3.o)
                0x08000270                __aeabi_drsub
                0x08000278                __subdf3
                0x08000278                __aeabi_dsub
                0x0800027c                __aeabi_dadd
                0x0800027c                __adddf3
                0x080004f4                __aeabi_ui2d
                0x080004f4                __floatunsidf
                0x08000514                __floatsidf
                0x08000514                __aeabi_i2d
                0x08000538                __extendsfdf2
                0x08000538                __aeabi_f2d
                0x0800057c                __aeabi_ul2d
                0x0800057c                __floatundidf
                0x0800058c                __aeabi_l2d
                0x0800058c                __floatdidf
 .text          0x080005e8      0x424 /Applications/STM32CubeIDE.app/Contents/Eclipse/plugins/com.st.stm32cube.ide.mcu.externaltools.gnu-tools-for-stm32.12.3.rel1.macos64_1.1.0.202410301201/tools/bin/../lib/gcc/arm-none-eabi/12.3.1/thumb/v7e-m+fp/hard/libgcc.a(_arm_muldivdf3.o)
                0x080005e8                __aeabi_dmul
                0x080005e8                __muldf3
                0x0800083c                __aeabi_ddiv
                0x0800083c                __divdf3
 .text          0x08000a0c      0x110 /Applications/STM32CubeIDE.app/Contents/Eclipse/plugins/com.st.stm32cube.ide.mcu.externaltools.gnu-tools-for-stm32.12.3.rel1.macos64_1.1.0.202410301201/tools/bin/../lib/gcc/arm-none-eabi/12.3.1/thumb/v7e-m+fp/hard/libgcc.a(_arm_cmpdf2.o)
                0x08000a0c                __gedf2
                0x08000a0c                __gtdf2
                0x08000a14                __ledf2
                0x08000a14                __ltdf2
                0x08000a1c                __cmpdf2
                0x08000a1c                __eqdf2
                0x08000a1c                __nedf2
                0x08000a98                __aeabi_cdrcmple
                0x08000aa8                __aeabi_cdcmple
                0x08000aa8                __aeabi_cdcmpeq
                0x08000ab8                __aeabi_dcmpeq
                0x08000acc                __aeabi_dcmplt
                0x08000ae0                __aeabi_dcmple
                0x08000af4                __aeabi_dcmpge
                0x08000b08                __aeabi_dcmpgt
 .text          0x08000b1c       0x50 /Applications/STM32CubeIDE.app/Contents/Eclipse/plugins/com.st.stm32cube.ide.mcu.externaltools.gnu-tools-for-stm32.12.3.rel1.macos64_1.1.0.202410301201/tools/bin/../lib/gcc/arm-none-eabi/12.3.1/thumb/v7e-m+fp/hard/libgcc.a(_arm_fixdfsi.o)
                0x08000b1c                __fixdfsi
                0x08000b1c                __aeabi_d2iz
 .text          0x08000b6c       0xa0 /Applications/STM32CubeIDE.app/Contents/Eclipse/plugins/com.st.stm32cube.ide.mcu.externaltools.gnu-tools-for-stm32.12.3.rel1.macos64_1.1.0.202410301201/tools/bin/../lib/gcc/arm-none-eabi/12.3.1/thumb/v7e-m+fp/hard/libgcc.a(_arm_truncdfsf2.o)
                0x08000b6c                __aeabi_d2f
                0x08000b6c                __truncdfsf2
 .text          0x08000c0c       0xa0 /Applications/STM32CubeIDE.app/Contents/Eclipse/plugins/com.st.stm32cube.ide.mcu.externaltools.gnu-tools-for-stm32.12.3.rel1.macos64_1.1.0.202410301201/tools/bin/../lib/gcc/arm-none-eabi/12.3.1/thumb/v7e-m+fp/hard/libgcc.a(_aeabi_ldivmod.o)
                0x08000c0c                __aeabi_ldivmod
 .text          0x08000cac       0x30 /Applications/STM32CubeIDE.app/Contents/Eclipse/plugins/com.st.stm32cube.ide.mcu.externaltools.gnu-tools-for-stm32.12.3.rel1.macos64_1.1.0.202410301201/tools/bin/../lib/gcc/arm-none-eabi/12.3.1/thumb/v7e-m+fp/hard/libgcc.a(_aeabi_uldivmod.o)
                0x08000cac                __aeabi_uldivmod
 .text          0x08000cdc      0x2bc /Applications/STM32CubeIDE.app/Contents/Eclipse/plugins/com.st.stm32cube.ide.mcu.externaltools.gnu-tools-for-stm32.12.3.rel1.macos64_1.1.0.202410301201/tools/bin/../lib/gcc/arm-none-eabi/12.3.1/thumb/v7e-m+fp/hard/libgcc.a(_udivmoddi4.o)
                0x08000cdc                __udivmoddi4
 .text          0x08000f98        0x4 /Applications/STM32CubeIDE.app/Contents/Eclipse/plugins/com.st.stm32cube.ide.mcu.externaltools.gnu-tools-for-stm32.12.3.rel1.macos64_1.1.0.202410301201/tools/bin/../lib/gcc/arm-none-eabi/12.3.1/thumb/v7e-m+fp/hard/libgcc.a(_dvmd_tls.o)
                0x08000f98                __aeabi_ldiv0
                0x08000f98                __aeabi_idiv0
 *(.text*)
 .text.MX_ADC1_Init
                0x08000f9c       0xe8 ./Core/Src/adc.o
                0x08000f9c                MX_ADC1_Init
 .text.HAL_ADC_MspInit
                0x08001084      0x10c ./Core/Src/adc.o
                0x08001084                HAL_ADC_MspInit
 .text.aesroundkeys
                0x08001190       0xf8 ./Core/Src/aes.o
 .text.os_aes   0x08001288      0x988 ./Core/Src/aes.o
                0x08001288                os_aes
 .text.bme68x_init
                0x08001c10       0x68 ./Core/Src/bme68x.o
                0x08001c10                bme68x_init
 .text.bme68x_set_regs
                0x08001c78      0x120 ./Core/Src/bme68x.o
                0x08001c78                bme68x_set_regs
 .text.bme68x_get_regs
                0x08001d98       0x88 ./Core/Src/bme68x.o
                0x08001d98                bme68x_get_regs
 .text.bme68x_soft_reset
                0x08001e20       0x86 ./Core/Src/bme68x.o
                0x08001e20                bme68x_soft_reset
 *fill*         0x08001ea6        0x2 
 .text.bme68x_set_conf
                0x08001ea8      0x208 ./Core/Src/bme68x.o
                0x08001ea8                bme68x_set_conf
 .text.bme68x_set_op_mode
                0x080020b0       0xc2 ./Core/Src/bme68x.o
                0x080020b0                bme68x_set_op_mode
 .text.bme68x_get_op_mode
                0x08002172       0x40 ./Core/Src/bme68x.o
                0x08002172                bme68x_get_op_mode
 *fill*         0x080021b2        0x2 
 .text.bme68x_get_meas_dur
                0x080021b4       0xe8 ./Core/Src/bme68x.o
                0x080021b4                bme68x_get_meas_dur
 .text.bme68x_get_data
                0x0800229c      0x1fc ./Core/Src/bme68x.o
                0x0800229c                bme68x_get_data
 .text.bme68x_set_heatr_conf
                0x08002498      0x110 ./Core/Src/bme68x.o
                0x08002498                bme68x_set_heatr_conf
 .text.calc_temperature
                0x080025a8      0x10c ./Core/Src/bme68x.o
 .text.calc_pressure
                0x080026b4      0x284 ./Core/Src/bme68x.o
 .text.calc_humidity
                0x08002938      0x198 ./Core/Src/bme68x.o
 .text.calc_gas_resistance_low
                0x08002ad0      0x144 ./Core/Src/bme68x.o
 .text.calc_gas_resistance_high
                0x08002c14       0x74 ./Core/Src/bme68x.o
 .text.calc_res_heat
                0x08002c88      0x160 ./Core/Src/bme68x.o
 .text.calc_gas_wait
                0x08002de8       0x4a ./Core/Src/bme68x.o
 .text.read_field_data
                0x08002e32      0x288 ./Core/Src/bme68x.o
 .text.read_all_field_data
                0x080030ba      0x458 ./Core/Src/bme68x.o
 .text.set_mem_page
                0x08003512       0xca ./Core/Src/bme68x.o
 .text.get_mem_page
                0x080035dc       0x5e ./Core/Src/bme68x.o
 .text.boundary_check
                0x0800363a       0x5a ./Core/Src/bme68x.o
 .text.null_ptr_check
                0x08003694       0x3e ./Core/Src/bme68x.o
 *fill*         0x080036d2        0x2 
 .text.set_conf
                0x080036d4      0x2ac ./Core/Src/bme68x.o
 .text.calc_heatr_dur_shared
                0x08003980       0x6c ./Core/Src/bme68x.o
 .text.sort_sensor_data
                0x080039ec       0xac ./Core/Src/bme68x.o
 .text.swap_fields
                0x08003a98       0x48 ./Core/Src/bme68x.o
 .text.get_calib_data
                0x08003ae0      0x208 ./Core/Src/bme68x.o
 .text.read_variant_id
                0x08003ce8       0x3a ./Core/Src/bme68x.o
 *fill*         0x08003d22        0x2 
 .text.bme68x_start
                0x08003d24       0xa0 ./Core/Src/bme68x_necessary_functions.o
                0x08003d24                bme68x_start
 .text.bme68x_single_measure
                0x08003dc4       0x80 ./Core/Src/bme68x_necessary_functions.o
                0x08003dc4                bme68x_single_measure
 .text.bme68x_i2c_write
                0x08003e44       0x50 ./Core/Src/bme68x_necessary_functions.o
                0x08003e44                bme68x_i2c_write
 .text.bme68x_i2c_read
                0x08003e94       0x58 ./Core/Src/bme68x_necessary_functions.o
                0x08003e94                bme68x_i2c_read
 .text.bme68x_delay_us
                0x08003eec       0x28 ./Core/Src/bme68x_necessary_functions.o
                0x08003eec                bme68x_delay_us
 .text.bme68x_interface_init
                0x08003f14       0x94 ./Core/Src/bme68x_necessary_functions.o
                0x08003f14                bme68x_interface_init
 .text.bme68x_GetGasReference
                0x08003fa8       0x6c ./Core/Src/bme68x_necessary_functions.o
                0x08003fa8                bme68x_GetGasReference
 *fill*         0x08004014        0x4 
 .text.bme68x_GetHumidityScore
                0x08004018      0x178 ./Core/Src/bme68x_necessary_functions.o
                0x08004018                bme68x_GetHumidityScore
 .text.bme68x_GetGasScore
                0x08004190      0x134 ./Core/Src/bme68x_necessary_functions.o
                0x08004190                bme68x_GetGasScore
 .text.bme68x_iaq
                0x080042c4       0x8c ./Core/Src/bme68x_necessary_functions.o
                0x080042c4                bme68x_iaq
 .text.cayenne_lpp_reset
                0x08004350       0x24 ./Core/Src/cayenne_lpp.o
                0x08004350                cayenne_lpp_reset
 .text.cayenne_lpp_add_analog_output
                0x08004374       0xc0 ./Core/Src/cayenne_lpp.o
                0x08004374                cayenne_lpp_add_analog_output
 .text.cayenne_lpp_add_temperature
                0x08004434       0xbc ./Core/Src/cayenne_lpp.o
                0x08004434                cayenne_lpp_add_temperature
 .text.debug_init
                0x080044f0       0x14 ./Core/Src/debug.o
                0x080044f0                debug_init
 .text.debug_led
                0x08004504       0x24 ./Core/Src/debug.o
                0x08004504                debug_led
 .text.debug_char
                0x08004528       0x30 ./Core/Src/debug.o
                0x08004528                debug_char
 .text.debug_hex
                0x08004558       0x38 ./Core/Src/debug.o
                0x08004558                debug_hex
 .text.debug_uint
                0x08004590       0x3a ./Core/Src/debug.o
                0x08004590                debug_uint
 .text.debug_int
                0x080045ca       0x4a ./Core/Src/debug.o
                0x080045ca                debug_int
 .text.debug_str
                0x08004614       0x2a ./Core/Src/debug.o
                0x08004614                debug_str
 .text.debug_float2str
                0x0800463e       0x46 ./Core/Src/debug.o
                0x0800463e                debug_float2str
 .text.debug_valfloat
                0x08004684       0x32 ./Core/Src/debug.o
                0x08004684                debug_valfloat
 .text.debug_val
                0x080046b6       0x2a ./Core/Src/debug.o
                0x080046b6                debug_val
 .text.debug_valdec
                0x080046e0       0x2a ./Core/Src/debug.o
                0x080046e0                debug_valdec
 .text.debug_fmt
                0x0800470a       0xf0 ./Core/Src/debug.o
                0x0800470a                debug_fmt
 *fill*         0x080047fa        0x2 
 .text.debug_event
                0x080047fc       0x3c ./Core/Src/debug.o
                0x080047fc                debug_event
 .text.MX_GPIO_Init
                0x08004838      0x10c ./Core/Src/gpio.o
                0x08004838                MX_GPIO_Init
 .text.hal_io_init
                0x08004944        0xe ./Core/Src/hal.o
 .text.hal_pin_rxtx
                0x08004952       0x16 ./Core/Src/hal.o
                0x08004952                hal_pin_rxtx
 .text.hal_pin_nss
                0x08004968       0x22 ./Core/Src/hal.o
                0x08004968                hal_pin_nss
 .text.hal_pin_rst
                0x0800498a       0x6a ./Core/Src/hal.o
                0x0800498a                hal_pin_rst
 .text.HAL_GPIO_EXTI_Callback
                0x080049f4       0x2a ./Core/Src/hal.o
                0x080049f4                HAL_GPIO_EXTI_Callback
 .text.hal_spi_init
                0x08004a1e        0xe ./Core/Src/hal.o
                0x08004a1e                hal_spi_init
 .text.hal_spi  0x08004a2c       0x3c ./Core/Src/hal.o
                0x08004a2c                hal_spi
 .text.hal_time_init
                0x08004a68        0xe ./Core/Src/hal.o
 *fill*         0x08004a76        0x2 
 .text.hal_ticks
                0x08004a78       0x60 ./Core/Src/hal.o
                0x08004a78                hal_ticks
 .text.hal_ticksplusplus
                0x08004ad8       0x1c ./Core/Src/hal.o
                0x08004ad8                hal_ticksplusplus
 .text.deltaticks
                0x08004af4       0x3a ./Core/Src/hal.o
 .text.hal_waitUntil
                0x08004b2e       0x20 ./Core/Src/hal.o
                0x08004b2e                hal_waitUntil
 *fill*         0x08004b4e        0x2 
 .text.hal_checkTimer
                0x08004b50       0x7c ./Core/Src/hal.o
                0x08004b50                hal_checkTimer
 .text.hal_disableIRQs
                0x08004bcc       0x20 ./Core/Src/hal.o
                0x08004bcc                hal_disableIRQs
 .text.hal_enableIRQs
                0x08004bec       0x28 ./Core/Src/hal.o
                0x08004bec                hal_enableIRQs
 .text.hal_sleep
                0x08004c14       0x10 ./Core/Src/hal.o
                0x08004c14                hal_sleep
 .text.hal_init
                0x08004c24       0x2c ./Core/Src/hal.o
                0x08004c24                hal_init
 .text.hal_failed
                0x08004c50       0x10 ./Core/Src/hal.o
                0x08004c50                hal_failed
 .text.MX_I2C1_Init
                0x08004c60       0x80 ./Core/Src/i2c.o
                0x08004c60                MX_I2C1_Init
 .text.HAL_I2C_MspInit
                0x08004ce0       0xb0 ./Core/Src/i2c.o
                0x08004ce0                HAL_I2C_MspInit
 .text.getSf    0x08004d90       0x20 ./Core/Src/lmic.o
                0x08004d90                getSf
 .text.getBw    0x08004db0       0x24 ./Core/Src/lmic.o
                0x08004db0                getBw
 .text.getCr    0x08004dd4       0x24 ./Core/Src/lmic.o
                0x08004dd4                getCr
 .text.setCr    0x08004df8       0x32 ./Core/Src/lmic.o
                0x08004df8                setCr
 .text.getNocrc
                0x08004e2a       0x20 ./Core/Src/lmic.o
                0x08004e2a                getNocrc
 .text.setNocrc
                0x08004e4a       0x2e ./Core/Src/lmic.o
                0x08004e4a                setNocrc
 .text.getIh    0x08004e78       0x1e ./Core/Src/lmic.o
                0x08004e78                getIh
 .text.setIh    0x08004e96       0x2c ./Core/Src/lmic.o
                0x08004e96                setIh
 *fill*         0x08004ec2        0x2 
 .text.updr2rps
                0x08004ec4       0x24 ./Core/Src/lmic.o
                0x08004ec4                updr2rps
 .text.dndr2rps
                0x08004ee8       0x26 ./Core/Src/lmic.o
                0x08004ee8                dndr2rps
 *fill*         0x08004f0e        0x2 
 .text.decDR    0x08004f10       0x30 ./Core/Src/lmic.o
                0x08004f10                decDR
 .text.validDR  0x08004f40       0x2c ./Core/Src/lmic.o
                0x08004f40                validDR
 .text.lowerDR  0x08004f6c       0x32 ./Core/Src/lmic.o
                0x08004f6c                lowerDR
 .text.os_rlsbf2
                0x08004f9e       0x2a ./Core/Src/lmic.o
                0x08004f9e                os_rlsbf2
 .text.os_rlsbf4
                0x08004fc8       0x3a ./Core/Src/lmic.o
                0x08004fc8                os_rlsbf4
 .text.os_rmsbf4
                0x08005002       0x3a ./Core/Src/lmic.o
                0x08005002                os_rmsbf4
 .text.os_wlsbf2
                0x0800503c       0x2e ./Core/Src/lmic.o
                0x0800503c                os_wlsbf2
 .text.os_wlsbf4
                0x0800506a       0x42 ./Core/Src/lmic.o
                0x0800506a                os_wlsbf4
 .text.os_wmsbf4
                0x080050ac       0x42 ./Core/Src/lmic.o
                0x080050ac                os_wmsbf4
 .text.os_getBattLevel
                0x080050ee       0x10 ./Core/Src/lmic.o
                0x080050ee                os_getBattLevel
 .text.os_crc16
                0x080050fe       0x7e ./Core/Src/lmic.o
                0x080050fe                os_crc16
 .text.micB0    0x0800517c       0x68 ./Core/Src/lmic.o
 .text.aes_verifyMic
                0x080051e4       0x58 ./Core/Src/lmic.o
 .text.aes_appendMic
                0x0800523c       0x50 ./Core/Src/lmic.o
 .text.aes_appendMic0
                0x0800528c       0x3c ./Core/Src/lmic.o
 .text.aes_verifyMic0
                0x080052c8       0x44 ./Core/Src/lmic.o
 .text.aes_encrypt
                0x0800530c       0x2c ./Core/Src/lmic.o
 .text.aes_cipher
                0x08005338       0x88 ./Core/Src/lmic.o
 .text.aes_sessKeys
                0x080053c0       0x78 ./Core/Src/lmic.o
 .text.getSensitivity
                0x08005438       0x40 ./Core/Src/lmic.o
                0x08005438                getSensitivity
 .text.calcAirTime
                0x08005478      0x130 ./Core/Src/lmic.o
                0x08005478                calcAirTime
 .text.calcRxWindow
                0x080055a8       0xa8 ./Core/Src/lmic.o
 .text.calcBcnRxWindowFromMillis
                0x08005650      0x10c ./Core/Src/lmic.o
 .text.rxschedInit
                0x0800575c       0xdc ./Core/Src/lmic.o
 .text.rxschedNext
                0x08005838       0x9c ./Core/Src/lmic.o
 .text.rndDelay
                0x080058d4       0x7c ./Core/Src/lmic.o
 .text.txDelay  0x08005950       0x5c ./Core/Src/lmic.o
 .text.setDrJoin
                0x080059ac       0x28 ./Core/Src/lmic.o
 .text.setDrTxpow
                0x080059d4       0x5c ./Core/Src/lmic.o
 .text.initDefaultChannels
                0x08005a30      0x10c ./Core/Src/lmic.o
 .text.LMIC_setupChannel
                0x08005b3c       0xf4 ./Core/Src/lmic.o
                0x08005b3c                LMIC_setupChannel
 .text.convFreq
                0x08005c30       0x44 ./Core/Src/lmic.o
 .text.mapChannels
                0x08005c74       0x94 ./Core/Src/lmic.o
 .text.updateTx
                0x08005d08       0x94 ./Core/Src/lmic.o
 .text.nextTx   0x08005d9c      0x138 ./Core/Src/lmic.o
 .text.setBcnRxParams
                0x08005ed4       0x4c ./Core/Src/lmic.o
 .text.initJoinLoop
                0x08005f20       0x6c ./Core/Src/lmic.o
 .text.nextJoinState
                0x08005f8c       0xd0 ./Core/Src/lmic.o
 .text.runEngineUpdate
                0x0800605c       0x14 ./Core/Src/lmic.o
 .text.reportEvent
                0x08006070       0x1e ./Core/Src/lmic.o
 .text.runReset
                0x0800608e       0x1e ./Core/Src/lmic.o
 .text.stateJustJoined
                0x080060ac       0xcc ./Core/Src/lmic.o
 .text.decodeBeacon
                0x08006178      0x128 ./Core/Src/lmic.o
 .text.decodeFrame
                0x080062a0      0x66c ./Core/Src/lmic.o
 .text.setupRx2
                0x0800690c       0x40 ./Core/Src/lmic.o
 .text.schedRx2
                0x0800694c       0x50 ./Core/Src/lmic.o
 .text.setupRx1
                0x0800699c       0x44 ./Core/Src/lmic.o
 .text.txDone   0x080069e0       0xa4 ./Core/Src/lmic.o
 .text.onJoinFailed
                0x08006a84       0x16 ./Core/Src/lmic.o
 *fill*         0x08006a9a        0x2 
 .text.processJoinAccept
                0x08006a9c      0x294 ./Core/Src/lmic.o
 .text.processRx2Jacc
                0x08006d30       0x2c ./Core/Src/lmic.o
 .text.setupRx2Jacc
                0x08006d5c       0x24 ./Core/Src/lmic.o
 .text.processRx1Jacc
                0x08006d80       0x38 ./Core/Src/lmic.o
 .text.setupRx1Jacc
                0x08006db8       0x1c ./Core/Src/lmic.o
 .text.jreqDone
                0x08006dd4       0x20 ./Core/Src/lmic.o
 .text.processRx2DnDataDelay
                0x08006df4       0x14 ./Core/Src/lmic.o
 .text.processRx2DnData
                0x08006e08       0x54 ./Core/Src/lmic.o
 .text.setupRx2DnData
                0x08006e5c       0x24 ./Core/Src/lmic.o
 .text.processRx1DnData
                0x08006e80       0x48 ./Core/Src/lmic.o
 .text.setupRx1DnData
                0x08006ec8       0x1c ./Core/Src/lmic.o
 .text.updataDone
                0x08006ee4       0x30 ./Core/Src/lmic.o
 .text.buildDataFrame
                0x08006f14      0x3cc ./Core/Src/lmic.o
 .text.onBcnRx  0x080072e0       0xa8 ./Core/Src/lmic.o
 .text.startScan
                0x08007388       0xb0 ./Core/Src/lmic.o
 .text.buildJoinRequest
                0x08007438       0x6c ./Core/Src/lmic.o
 .text.startJoining
                0x080074a4       0x16 ./Core/Src/lmic.o
 *fill*         0x080074ba        0x2 
 .text.LMIC_startJoining
                0x080074bc       0x94 ./Core/Src/lmic.o
                0x080074bc                LMIC_startJoining
 .text.processPingRx
                0x08007550       0x3c ./Core/Src/lmic.o
 .text.processDnData
                0x0800758c      0x1e8 ./Core/Src/lmic.o
 .text.processBeacon
                0x08007774      0x218 ./Core/Src/lmic.o
 .text.startRxBcn
                0x0800798c       0x24 ./Core/Src/lmic.o
 .text.startRxPing
                0x080079b0       0x24 ./Core/Src/lmic.o
 .text.engineUpdate
                0x080079d4      0x394 ./Core/Src/lmic.o
 .text.LMIC_reset
                0x08007d68       0x9c ./Core/Src/lmic.o
                0x08007d68                LMIC_reset
 .text.LMIC_init
                0x08007e04       0x1c ./Core/Src/lmic.o
                0x08007e04                LMIC_init
 .text.LMIC_setTxData
                0x08007e20       0x38 ./Core/Src/lmic.o
                0x08007e20                LMIC_setTxData
 .text.LMIC_setTxData2
                0x08007e58       0x64 ./Core/Src/lmic.o
                0x08007e58                LMIC_setTxData2
 .text.os_getArtEui
                0x08007ebc       0x28 ./Core/Src/main.o
                0x08007ebc                os_getArtEui
 .text.os_getDevEui
                0x08007ee4       0x28 ./Core/Src/main.o
                0x08007ee4                os_getDevEui
 .text.os_getDevKey
                0x08007f0c       0x28 ./Core/Src/main.o
                0x08007f0c                os_getDevKey
 .text.initsensor
                0x08007f34       0x14 ./Core/Src/main.o
                0x08007f34                initsensor
 .text.initsensor_bme
                0x08007f48       0x18 ./Core/Src/main.o
                0x08007f48                initsensor_bme
 .text.initfunc
                0x08007f60       0x20 ./Core/Src/main.o
                0x08007f60                initfunc
 .text.readsensor_bme
                0x08007f80       0x28 ./Core/Src/main.o
                0x08007f80                readsensor_bme
 .text.reportfunc_bme
                0x08007fa8      0x128 ./Core/Src/main.o
 .text.blinkfunc
                0x080080d0       0x4c ./Core/Src/main.o
 .text.onEvent  0x0800811c      0x1a8 ./Core/Src/main.o
                0x0800811c                onEvent
 .text.main     0x080082c4       0x90 ./Core/Src/main.o
                0x080082c4                main
 .text.SystemClock_Config
                0x08008354       0xa2 ./Core/Src/main.o
                0x08008354                SystemClock_Config
 *fill*         0x080083f6        0x2 
 .text.HAL_TIM_PeriodElapsedCallback
                0x080083f8       0x3c ./Core/Src/main.o
                0x080083f8                HAL_TIM_PeriodElapsedCallback
 .text.HAL_ADC_ConvCpltCallback
                0x08008434       0x84 ./Core/Src/main.o
                0x08008434                HAL_ADC_ConvCpltCallback
 .text.Error_Handler
                0x080084b8        0xc ./Core/Src/main.o
                0x080084b8                Error_Handler
 .text.os_init  0x080084c4       0x24 ./Core/Src/oslmic.o
                0x080084c4                os_init
 .text.os_getTime
                0x080084e8        0xe ./Core/Src/oslmic.o
                0x080084e8                os_getTime
 .text.unlinkjob
                0x080084f6       0x3e ./Core/Src/oslmic.o
 .text.os_clearCallback
                0x08008534       0x3c ./Core/Src/oslmic.o
                0x08008534                os_clearCallback
 .text.os_setCallback
                0x08008570       0x4c ./Core/Src/oslmic.o
                0x08008570                os_setCallback
 .text.os_setTimedCallback
                0x080085bc       0x6c ./Core/Src/oslmic.o
                0x080085bc                os_setTimedCallback
 .text.os_runloop
                0x08008628       0x6c ./Core/Src/oslmic.o
                0x08008628                os_runloop
 .text.writeReg
                0x08008694       0x3a ./Core/Src/radio.o
 .text.readReg  0x080086ce       0x38 ./Core/Src/radio.o
 .text.writeBuf
                0x08008706       0x54 ./Core/Src/radio.o
 .text.readBuf  0x0800875a       0x56 ./Core/Src/radio.o
 .text.opmode   0x080087b0       0x34 ./Core/Src/radio.o
 .text.opmodeLora
                0x080087e4       0x24 ./Core/Src/radio.o
 .text.opmodeFSK
                0x08008808       0x24 ./Core/Src/radio.o
 .text.configLoraModem
                0x0800882c      0x15c ./Core/Src/radio.o
 .text.configChannel
                0x08008988       0x7c ./Core/Src/radio.o
 .text.configPower
                0x08008a04       0x60 ./Core/Src/radio.o
 .text.txfsk    0x08008a64       0xdc ./Core/Src/radio.o
 .text.txlora   0x08008b40       0xb4 ./Core/Src/radio.o
 .text.starttx  0x08008bf4       0x3c ./Core/Src/radio.o
 .text.rxlora   0x08008c30       0xf8 ./Core/Src/radio.o
 .text.rxfsk    0x08008d28       0xe0 ./Core/Src/radio.o
 .text.startrx  0x08008e08       0x4c ./Core/Src/radio.o
 .text.radio_init
                0x08008e54       0xe8 ./Core/Src/radio.o
                0x08008e54                radio_init
 .text.radio_rand1
                0x08008f3c       0x4c ./Core/Src/radio.o
                0x08008f3c                radio_rand1
 .text.radio_irq_handler
                0x08008f88      0x1ac ./Core/Src/radio.o
                0x08008f88                radio_irq_handler
 .text.os_radio
                0x08009134       0x58 ./Core/Src/radio.o
                0x08009134                os_radio
 .text.MX_SPI3_Init
                0x0800918c       0x7c ./Core/Src/spi.o
                0x0800918c                MX_SPI3_Init
 .text.HAL_SPI_MspInit
                0x08009208       0x88 ./Core/Src/spi.o
                0x08009208                HAL_SPI_MspInit
 .text.HAL_MspInit
                0x08009290       0x48 ./Core/Src/stm32l4xx_hal_msp.o
                0x08009290                HAL_MspInit
 .text.NMI_Handler
                0x080092d8        0x8 ./Core/Src/stm32l4xx_it.o
                0x080092d8                NMI_Handler
 .text.HardFault_Handler
                0x080092e0        0x8 ./Core/Src/stm32l4xx_it.o
                0x080092e0                HardFault_Handler
 .text.MemManage_Handler
                0x080092e8        0x8 ./Core/Src/stm32l4xx_it.o
                0x080092e8                MemManage_Handler
 .text.BusFault_Handler
                0x080092f0        0x8 ./Core/Src/stm32l4xx_it.o
                0x080092f0                BusFault_Handler
 .text.UsageFault_Handler
                0x080092f8        0x8 ./Core/Src/stm32l4xx_it.o
                0x080092f8                UsageFault_Handler
 .text.SVC_Handler
                0x08009300        0xe ./Core/Src/stm32l4xx_it.o
                0x08009300                SVC_Handler
 .text.DebugMon_Handler
                0x0800930e        0xe ./Core/Src/stm32l4xx_it.o
                0x0800930e                DebugMon_Handler
 .text.PendSV_Handler
                0x0800931c        0xe ./Core/Src/stm32l4xx_it.o
                0x0800931c                PendSV_Handler
 .text.SysTick_Handler
                0x0800932a        0xc ./Core/Src/stm32l4xx_it.o
                0x0800932a                SysTick_Handler
 *fill*         0x08009336        0x2 
 .text.ADC1_IRQHandler
                0x08009338       0x14 ./Core/Src/stm32l4xx_it.o
                0x08009338                ADC1_IRQHandler
 .text.EXTI9_5_IRQHandler
                0x0800934c       0x14 ./Core/Src/stm32l4xx_it.o
                0x0800934c                EXTI9_5_IRQHandler
 .text.TIM6_DAC_IRQHandler
                0x08009360       0x14 ./Core/Src/stm32l4xx_it.o
                0x08009360                TIM6_DAC_IRQHandler
 .text.TIM7_IRQHandler
                0x08009374       0x14 ./Core/Src/stm32l4xx_it.o
                0x08009374                TIM7_IRQHandler
 .text._getpid  0x08009388       0x10 ./Core/Src/syscalls.o
                0x08009388                _getpid
 .text._kill    0x08009398       0x20 ./Core/Src/syscalls.o
                0x08009398                _kill
 .text._exit    0x080093b8       0x16 ./Core/Src/syscalls.o
                0x080093b8                _exit
 .text._read    0x080093ce       0x3a ./Core/Src/syscalls.o
                0x080093ce                _read
 .text._write   0x08009408       0x38 ./Core/Src/syscalls.o
                0x08009408                _write
 .text._close   0x08009440       0x18 ./Core/Src/syscalls.o
                0x08009440                _close
 .text._fstat   0x08009458       0x20 ./Core/Src/syscalls.o
                0x08009458                _fstat
 .text._isatty  0x08009478       0x16 ./Core/Src/syscalls.o
                0x08009478                _isatty
 .text._lseek   0x0800948e       0x1a ./Core/Src/syscalls.o
                0x0800948e                _lseek
 .text._sbrk    0x080094a8       0x6c ./Core/Src/sysmem.o
                0x080094a8                _sbrk
 .text.SystemInit
                0x08009514       0x24 ./Core/Src/system_stm32l4xx.o
                0x08009514                SystemInit
 .text.MX_TIM6_Init
                0x08009538       0x70 ./Core/Src/tim.o
                0x08009538                MX_TIM6_Init
 .text.MX_TIM7_Init
                0x080095a8       0x70 ./Core/Src/tim.o
                0x080095a8                MX_TIM7_Init
 .text.HAL_TIM_Base_MspInit
                0x08009618       0x84 ./Core/Src/tim.o
                0x08009618                HAL_TIM_Base_MspInit
 .text.MX_USART2_UART_Init
                0x0800969c       0x60 ./Core/Src/usart.o
                0x0800969c                MX_USART2_UART_Init
 .text.HAL_UART_MspInit
                0x080096fc       0xb0 ./Core/Src/usart.o
                0x080096fc                HAL_UART_MspInit
 .text.Reset_Handler
                0x080097ac       0x50 ./Core/Startup/startup_stm32l432kcux.o
                0x080097ac                Reset_Handler
 .text.Default_Handler
                0x080097fc        0x2 ./Core/Startup/startup_stm32l432kcux.o
                0x080097fc                TIM1_BRK_TIM15_IRQHandler
                0x080097fc                EXTI2_IRQHandler
                0x080097fc                TIM1_CC_IRQHandler
                0x080097fc                TSC_IRQHandler
                0x080097fc                TAMP_STAMP_IRQHandler
                0x080097fc                EXTI3_IRQHandler
                0x080097fc                LPTIM2_IRQHandler
                0x080097fc                I2C3_ER_IRQHandler
                0x080097fc                EXTI0_IRQHandler
                0x080097fc                CAN1_RX0_IRQHandler
                0x080097fc                FPU_IRQHandler
                0x080097fc                TIM1_UP_TIM16_IRQHandler
                0x080097fc                SPI1_IRQHandler
                0x080097fc                DMA2_Channel2_IRQHandler
                0x080097fc                DMA1_Channel4_IRQHandler
                0x080097fc                DMA1_Channel7_IRQHandler
                0x080097fc                CAN1_RX1_IRQHandler
                0x080097fc                DMA2_Channel1_IRQHandler
                0x080097fc                QUADSPI_IRQHandler
                0x080097fc                I2C1_EV_IRQHandler
                0x080097fc                DMA1_Channel6_IRQHandler
                0x080097fc                DMA2_Channel4_IRQHandler
                0x080097fc                RCC_IRQHandler
                0x080097fc                TIM1_TRG_COM_IRQHandler
                0x080097fc                DMA1_Channel1_IRQHandler
                0x080097fc                Default_Handler
                0x080097fc                DMA2_Channel7_IRQHandler
                0x080097fc                EXTI15_10_IRQHandler
                0x080097fc                I2C3_EV_IRQHandler
                0x080097fc                USB_IRQHandler
                0x080097fc                RTC_WKUP_IRQHandler
                0x080097fc                PVD_PVM_IRQHandler
                0x080097fc                CAN1_TX_IRQHandler
                0x080097fc                DMA2_Channel5_IRQHandler
                0x080097fc                CRS_IRQHandler
                0x080097fc                DMA1_Channel5_IRQHandler
                0x080097fc                EXTI4_IRQHandler
                0x080097fc                RNG_IRQHandler
                0x080097fc                DMA1_Channel3_IRQHandler
                0x080097fc                COMP_IRQHandler
                0x080097fc                WWDG_IRQHandler
                0x080097fc                LPUART1_IRQHandler
                0x080097fc                DMA2_Channel6_IRQHandler
                0x080097fc                TIM2_IRQHandler
                0x080097fc                EXTI1_IRQHandler
                0x080097fc                USART2_IRQHandler
                0x080097fc                DMA1_Channel2_IRQHandler
                0x080097fc                CAN1_SCE_IRQHandler
                0x080097fc                FLASH_IRQHandler
                0x080097fc                USART1_IRQHandler
                0x080097fc                SPI3_IRQHandler
                0x080097fc                I2C1_ER_IRQHandler
                0x080097fc                SWPMI1_IRQHandler
                0x080097fc                LPTIM1_IRQHandler
                0x080097fc                SAI1_IRQHandler
                0x080097fc                DMA2_Channel3_IRQHandler
                0x080097fc                RTC_Alarm_IRQHandler
 .text.HAL_Init
                0x080097fe       0x30 ./Drivers/STM32L4xx_HAL_Driver/Src/stm32l4xx_hal.o
                0x080097fe                HAL_Init
 *fill*         0x0800982e        0x2 
 .text.HAL_InitTick
                0x08009830       0x78 ./Drivers/STM32L4xx_HAL_Driver/Src/stm32l4xx_hal.o
                0x08009830                HAL_InitTick
 .text.HAL_IncTick
                0x080098a8       0x28 ./Drivers/STM32L4xx_HAL_Driver/Src/stm32l4xx_hal.o
                0x080098a8                HAL_IncTick
 .text.HAL_GetTick
                0x080098d0       0x18 ./Drivers/STM32L4xx_HAL_Driver/Src/stm32l4xx_hal.o
                0x080098d0                HAL_GetTick
 .text.HAL_Delay
                0x080098e8       0x48 ./Drivers/STM32L4xx_HAL_Driver/Src/stm32l4xx_hal.o
                0x080098e8                HAL_Delay
 .text.LL_ADC_SetCommonClock
                0x08009930       0x26 ./Drivers/STM32L4xx_HAL_Driver/Src/stm32l4xx_hal_adc.o
 .text.LL_ADC_SetCommonPathInternalCh
                0x08009956       0x26 ./Drivers/STM32L4xx_HAL_Driver/Src/stm32l4xx_hal_adc.o
 .text.LL_ADC_GetCommonPathInternalCh
                0x0800997c       0x1c ./Drivers/STM32L4xx_HAL_Driver/Src/stm32l4xx_hal_adc.o
 .text.LL_ADC_SetOffset
                0x08009998       0x48 ./Drivers/STM32L4xx_HAL_Driver/Src/stm32l4xx_hal_adc.o
 .text.LL_ADC_GetOffsetChannel
                0x080099e0       0x2c ./Drivers/STM32L4xx_HAL_Driver/Src/stm32l4xx_hal_adc.o
 .text.LL_ADC_SetOffsetState
                0x08009a0c       0x36 ./Drivers/STM32L4xx_HAL_Driver/Src/stm32l4xx_hal_adc.o
 .text.LL_ADC_REG_IsTriggerSourceSWStart
                0x08009a42       0x26 ./Drivers/STM32L4xx_HAL_Driver/Src/stm32l4xx_hal_adc.o
 .text.LL_ADC_REG_SetSequencerRanks
                0x08009a68       0x58 ./Drivers/STM32L4xx_HAL_Driver/Src/stm32l4xx_hal_adc.o
 .text.LL_ADC_INJ_IsTriggerSourceSWStart
                0x08009ac0       0x26 ./Drivers/STM32L4xx_HAL_Driver/Src/stm32l4xx_hal_adc.o
 .text.LL_ADC_SetChannelSamplingTime
                0x08009ae6       0x56 ./Drivers/STM32L4xx_HAL_Driver/Src/stm32l4xx_hal_adc.o
 .text.LL_ADC_SetChannelSingleDiff
                0x08009b3c       0x48 ./Drivers/STM32L4xx_HAL_Driver/Src/stm32l4xx_hal_adc.o
 .text.LL_ADC_DisableDeepPowerDown
                0x08009b84       0x24 ./Drivers/STM32L4xx_HAL_Driver/Src/stm32l4xx_hal_adc.o
 .text.LL_ADC_IsDeepPowerDownEnabled
                0x08009ba8       0x28 ./Drivers/STM32L4xx_HAL_Driver/Src/stm32l4xx_hal_adc.o
 .text.LL_ADC_EnableInternalRegulator
                0x08009bd0       0x28 ./Drivers/STM32L4xx_HAL_Driver/Src/stm32l4xx_hal_adc.o
 .text.LL_ADC_IsInternalRegulatorEnabled
                0x08009bf8       0x28 ./Drivers/STM32L4xx_HAL_Driver/Src/stm32l4xx_hal_adc.o
 .text.LL_ADC_Enable
                0x08009c20       0x28 ./Drivers/STM32L4xx_HAL_Driver/Src/stm32l4xx_hal_adc.o
 .text.LL_ADC_Disable
                0x08009c48       0x28 ./Drivers/STM32L4xx_HAL_Driver/Src/stm32l4xx_hal_adc.o
 .text.LL_ADC_IsEnabled
                0x08009c70       0x26 ./Drivers/STM32L4xx_HAL_Driver/Src/stm32l4xx_hal_adc.o
 .text.LL_ADC_IsDisableOngoing
                0x08009c96       0x26 ./Drivers/STM32L4xx_HAL_Driver/Src/stm32l4xx_hal_adc.o
 .text.LL_ADC_REG_StartConversion
                0x08009cbc       0x28 ./Drivers/STM32L4xx_HAL_Driver/Src/stm32l4xx_hal_adc.o
 .text.LL_ADC_REG_IsConversionOngoing
                0x08009ce4       0x26 ./Drivers/STM32L4xx_HAL_Driver/Src/stm32l4xx_hal_adc.o
 .text.LL_ADC_INJ_IsConversionOngoing
                0x08009d0a       0x26 ./Drivers/STM32L4xx_HAL_Driver/Src/stm32l4xx_hal_adc.o
 .text.HAL_ADC_Init
                0x08009d30      0x284 ./Drivers/STM32L4xx_HAL_Driver/Src/stm32l4xx_hal_adc.o
                0x08009d30                HAL_ADC_Init
 .text.HAL_ADC_Start_IT
                0x08009fb4      0x168 ./Drivers/STM32L4xx_HAL_Driver/Src/stm32l4xx_hal_adc.o
                0x08009fb4                HAL_ADC_Start_IT
 .text.HAL_ADC_GetValue
                0x0800a11c       0x1a ./Drivers/STM32L4xx_HAL_Driver/Src/stm32l4xx_hal_adc.o
                0x0800a11c                HAL_ADC_GetValue
 .text.HAL_ADC_IRQHandler
                0x0800a136      0x368 ./Drivers/STM32L4xx_HAL_Driver/Src/stm32l4xx_hal_adc.o
                0x0800a136                HAL_ADC_IRQHandler
 .text.HAL_ADC_LevelOutOfWindowCallback
                0x0800a49e       0x14 ./Drivers/STM32L4xx_HAL_Driver/Src/stm32l4xx_hal_adc.o
                0x0800a49e                HAL_ADC_LevelOutOfWindowCallback
 .text.HAL_ADC_ErrorCallback
                0x0800a4b2       0x14 ./Drivers/STM32L4xx_HAL_Driver/Src/stm32l4xx_hal_adc.o
                0x0800a4b2                HAL_ADC_ErrorCallback
 *fill*         0x0800a4c6        0x2 
 .text.HAL_ADC_ConfigChannel
                0x0800a4c8      0x7c4 ./Drivers/STM32L4xx_HAL_Driver/Src/stm32l4xx_hal_adc.o
                0x0800a4c8                HAL_ADC_ConfigChannel
 .text.ADC_Enable
                0x0800ac8c      0x10c ./Drivers/STM32L4xx_HAL_Driver/Src/stm32l4xx_hal_adc.o
                0x0800ac8c                ADC_Enable
 .text.ADC_Disable
                0x0800ad98       0xbe ./Drivers/STM32L4xx_HAL_Driver/Src/stm32l4xx_hal_adc.o
                0x0800ad98                ADC_Disable
 .text.LL_ADC_StartCalibration
                0x0800ae56       0x32 ./Drivers/STM32L4xx_HAL_Driver/Src/stm32l4xx_hal_adc_ex.o
 .text.LL_ADC_IsCalibrationOnGoing
                0x0800ae88       0x28 ./Drivers/STM32L4xx_HAL_Driver/Src/stm32l4xx_hal_adc_ex.o
 .text.HAL_ADCEx_Calibration_Start
                0x0800aeb0       0xc0 ./Drivers/STM32L4xx_HAL_Driver/Src/stm32l4xx_hal_adc_ex.o
                0x0800aeb0                HAL_ADCEx_Calibration_Start
 .text.HAL_ADCEx_InjectedConvCpltCallback
                0x0800af70       0x14 ./Drivers/STM32L4xx_HAL_Driver/Src/stm32l4xx_hal_adc_ex.o
                0x0800af70                HAL_ADCEx_InjectedConvCpltCallback
 .text.HAL_ADCEx_InjectedQueueOverflowCallback
                0x0800af84       0x14 ./Drivers/STM32L4xx_HAL_Driver/Src/stm32l4xx_hal_adc_ex.o
                0x0800af84                HAL_ADCEx_InjectedQueueOverflowCallback
 .text.HAL_ADCEx_LevelOutOfWindow2Callback
                0x0800af98       0x14 ./Drivers/STM32L4xx_HAL_Driver/Src/stm32l4xx_hal_adc_ex.o
                0x0800af98                HAL_ADCEx_LevelOutOfWindow2Callback
 .text.HAL_ADCEx_LevelOutOfWindow3Callback
                0x0800afac       0x14 ./Drivers/STM32L4xx_HAL_Driver/Src/stm32l4xx_hal_adc_ex.o
                0x0800afac                HAL_ADCEx_LevelOutOfWindow3Callback
 .text.HAL_ADCEx_EndOfSamplingCallback
                0x0800afc0       0x14 ./Drivers/STM32L4xx_HAL_Driver/Src/stm32l4xx_hal_adc_ex.o
                0x0800afc0                HAL_ADCEx_EndOfSamplingCallback
 .text.__NVIC_SetPriorityGrouping
                0x0800afd4       0x48 ./Drivers/STM32L4xx_HAL_Driver/Src/stm32l4xx_hal_cortex.o
 .text.__NVIC_GetPriorityGrouping
                0x0800b01c       0x1c ./Drivers/STM32L4xx_HAL_Driver/Src/stm32l4xx_hal_cortex.o
 .text.__NVIC_EnableIRQ
                0x0800b038       0x3c ./Drivers/STM32L4xx_HAL_Driver/Src/stm32l4xx_hal_cortex.o
 .text.__NVIC_SetPriority
                0x0800b074       0x54 ./Drivers/STM32L4xx_HAL_Driver/Src/stm32l4xx_hal_cortex.o
 .text.NVIC_EncodePriority
                0x0800b0c8       0x66 ./Drivers/STM32L4xx_HAL_Driver/Src/stm32l4xx_hal_cortex.o
 *fill*         0x0800b12e        0x2 
 .text.SysTick_Config
                0x0800b130       0x44 ./Drivers/STM32L4xx_HAL_Driver/Src/stm32l4xx_hal_cortex.o
 .text.HAL_NVIC_SetPriorityGrouping
                0x0800b174       0x16 ./Drivers/STM32L4xx_HAL_Driver/Src/stm32l4xx_hal_cortex.o
                0x0800b174                HAL_NVIC_SetPriorityGrouping
 .text.HAL_NVIC_SetPriority
                0x0800b18a       0x38 ./Drivers/STM32L4xx_HAL_Driver/Src/stm32l4xx_hal_cortex.o
                0x0800b18a                HAL_NVIC_SetPriority
 .text.HAL_NVIC_EnableIRQ
                0x0800b1c2       0x1c ./Drivers/STM32L4xx_HAL_Driver/Src/stm32l4xx_hal_cortex.o
                0x0800b1c2                HAL_NVIC_EnableIRQ
 .text.HAL_SYSTICK_Config
                0x0800b1de       0x18 ./Drivers/STM32L4xx_HAL_Driver/Src/stm32l4xx_hal_cortex.o
                0x0800b1de                HAL_SYSTICK_Config
 *fill*         0x0800b1f6        0x2 
 .text.HAL_GPIO_Init
                0x0800b1f8      0x2d4 ./Drivers/STM32L4xx_HAL_Driver/Src/stm32l4xx_hal_gpio.o
                0x0800b1f8                HAL_GPIO_Init
 .text.HAL_GPIO_WritePin
                0x0800b4cc       0x30 ./Drivers/STM32L4xx_HAL_Driver/Src/stm32l4xx_hal_gpio.o
                0x0800b4cc                HAL_GPIO_WritePin
 .text.HAL_GPIO_EXTI_IRQHandler
                0x0800b4fc       0x30 ./Drivers/STM32L4xx_HAL_Driver/Src/stm32l4xx_hal_gpio.o
                0x0800b4fc                HAL_GPIO_EXTI_IRQHandler
 .text.HAL_I2C_Init
                0x0800b52c      0x136 ./Drivers/STM32L4xx_HAL_Driver/Src/stm32l4xx_hal_i2c.o
                0x0800b52c                HAL_I2C_Init
 *fill*         0x0800b662        0x2 
 .text.HAL_I2C_Mem_Write
                0x0800b664      0x228 ./Drivers/STM32L4xx_HAL_Driver/Src/stm32l4xx_hal_i2c.o
                0x0800b664                HAL_I2C_Mem_Write
 .text.HAL_I2C_Mem_Read
                0x0800b88c      0x234 ./Drivers/STM32L4xx_HAL_Driver/Src/stm32l4xx_hal_i2c.o
                0x0800b88c                HAL_I2C_Mem_Read
 .text.HAL_I2C_IsDeviceReady
                0x0800bac0      0x1d8 ./Drivers/STM32L4xx_HAL_Driver/Src/stm32l4xx_hal_i2c.o
                0x0800bac0                HAL_I2C_IsDeviceReady
 .text.I2C_RequestMemoryWrite
                0x0800bc98       0xa8 ./Drivers/STM32L4xx_HAL_Driver/Src/stm32l4xx_hal_i2c.o
 .text.I2C_RequestMemoryRead
                0x0800bd40       0xa8 ./Drivers/STM32L4xx_HAL_Driver/Src/stm32l4xx_hal_i2c.o
 .text.I2C_Flush_TXDR
                0x0800bde8       0x48 ./Drivers/STM32L4xx_HAL_Driver/Src/stm32l4xx_hal_i2c.o
 .text.I2C_WaitOnFlagUntilTimeout
                0x0800be30       0xb2 ./Drivers/STM32L4xx_HAL_Driver/Src/stm32l4xx_hal_i2c.o
 .text.I2C_WaitOnTXISFlagUntilTimeout
                0x0800bee2       0x8e ./Drivers/STM32L4xx_HAL_Driver/Src/stm32l4xx_hal_i2c.o
 .text.I2C_WaitOnSTOPFlagUntilTimeout
                0x0800bf70       0x86 ./Drivers/STM32L4xx_HAL_Driver/Src/stm32l4xx_hal_i2c.o
 *fill*         0x0800bff6        0x2 
 .text.I2C_IsErrorOccurred
                0x0800bff8      0x1c0 ./Drivers/STM32L4xx_HAL_Driver/Src/stm32l4xx_hal_i2c.o
 .text.I2C_TransferConfig
                0x0800c1b8       0x64 ./Drivers/STM32L4xx_HAL_Driver/Src/stm32l4xx_hal_i2c.o
 .text.HAL_I2CEx_ConfigAnalogFilter
                0x0800c21c       0x96 ./Drivers/STM32L4xx_HAL_Driver/Src/stm32l4xx_hal_i2c_ex.o
                0x0800c21c                HAL_I2CEx_ConfigAnalogFilter
 .text.HAL_I2CEx_ConfigDigitalFilter
                0x0800c2b2       0x98 ./Drivers/STM32L4xx_HAL_Driver/Src/stm32l4xx_hal_i2c_ex.o
                0x0800c2b2                HAL_I2CEx_ConfigDigitalFilter
 *fill*         0x0800c34a        0x2 
 .text.HAL_PWREx_GetVoltageRange
                0x0800c34c       0x1c ./Drivers/STM32L4xx_HAL_Driver/Src/stm32l4xx_hal_pwr_ex.o
                0x0800c34c                HAL_PWREx_GetVoltageRange
 .text.HAL_PWREx_ControlVoltageScaling
                0x0800c368       0xac ./Drivers/STM32L4xx_HAL_Driver/Src/stm32l4xx_hal_pwr_ex.o
                0x0800c368                HAL_PWREx_ControlVoltageScaling
 .text.HAL_RCC_OscConfig
                0x0800c414      0x828 ./Drivers/STM32L4xx_HAL_Driver/Src/stm32l4xx_hal_rcc.o
                0x0800c414                HAL_RCC_OscConfig
 .text.HAL_RCC_ClockConfig
                0x0800cc3c      0x200 ./Drivers/STM32L4xx_HAL_Driver/Src/stm32l4xx_hal_rcc.o
                0x0800cc3c                HAL_RCC_ClockConfig
 .text.HAL_RCC_GetSysClockFreq
                0x0800ce3c      0x118 ./Drivers/STM32L4xx_HAL_Driver/Src/stm32l4xx_hal_rcc.o
                0x0800ce3c                HAL_RCC_GetSysClockFreq
 .text.HAL_RCC_GetHCLKFreq
                0x0800cf54       0x18 ./Drivers/STM32L4xx_HAL_Driver/Src/stm32l4xx_hal_rcc.o
                0x0800cf54                HAL_RCC_GetHCLKFreq
 .text.HAL_RCC_GetPCLK1Freq
                0x0800cf6c       0x2c ./Drivers/STM32L4xx_HAL_Driver/Src/stm32l4xx_hal_rcc.o
                0x0800cf6c                HAL_RCC_GetPCLK1Freq
 .text.HAL_RCC_GetPCLK2Freq
                0x0800cf98       0x2c ./Drivers/STM32L4xx_HAL_Driver/Src/stm32l4xx_hal_rcc.o
                0x0800cf98                HAL_RCC_GetPCLK2Freq
 .text.RCC_SetFlashLatencyFromMSIRange
                0x0800cfc4       0xc0 ./Drivers/STM32L4xx_HAL_Driver/Src/stm32l4xx_hal_rcc.o
 .text.HAL_RCCEx_PeriphCLKConfig
                0x0800d084      0x3ec ./Drivers/STM32L4xx_HAL_Driver/Src/stm32l4xx_hal_rcc_ex.o
                0x0800d084                HAL_RCCEx_PeriphCLKConfig
 .text.RCCEx_PLLSAI1_Config
                0x0800d470      0x1e4 ./Drivers/STM32L4xx_HAL_Driver/Src/stm32l4xx_hal_rcc_ex.o
 .text.HAL_SPI_Init
                0x0800d654      0x146 ./Drivers/STM32L4xx_HAL_Driver/Src/stm32l4xx_hal_spi.o
                0x0800d654                HAL_SPI_Init
 .text.HAL_SPI_TransmitReceive
                0x0800d79a      0x43e ./Drivers/STM32L4xx_HAL_Driver/Src/stm32l4xx_hal_spi.o
                0x0800d79a                HAL_SPI_TransmitReceive
 .text.SPI_WaitFlagStateUntilTimeout
                0x0800dbd8      0x110 ./Drivers/STM32L4xx_HAL_Driver/Src/stm32l4xx_hal_spi.o
 .text.SPI_WaitFifoStateUntilTimeout
                0x0800dce8      0x12c ./Drivers/STM32L4xx_HAL_Driver/Src/stm32l4xx_hal_spi.o
 .text.SPI_EndRxTxTransaction
                0x0800de14       0x8c ./Drivers/STM32L4xx_HAL_Driver/Src/stm32l4xx_hal_spi.o
 .text.HAL_TIM_Base_Init
                0x0800dea0       0xae ./Drivers/STM32L4xx_HAL_Driver/Src/stm32l4xx_hal_tim.o
                0x0800dea0                HAL_TIM_Base_Init
 *fill*         0x0800df4e        0x2 
 .text.HAL_TIM_Base_Start_IT
                0x0800df50       0xa8 ./Drivers/STM32L4xx_HAL_Driver/Src/stm32l4xx_hal_tim.o
                0x0800df50                HAL_TIM_Base_Start_IT
 .text.HAL_TIM_IRQHandler
                0x0800dff8      0x20e ./Drivers/STM32L4xx_HAL_Driver/Src/stm32l4xx_hal_tim.o
                0x0800dff8                HAL_TIM_IRQHandler
 .text.HAL_TIM_OC_DelayElapsedCallback
                0x0800e206       0x14 ./Drivers/STM32L4xx_HAL_Driver/Src/stm32l4xx_hal_tim.o
                0x0800e206                HAL_TIM_OC_DelayElapsedCallback
 .text.HAL_TIM_IC_CaptureCallback
                0x0800e21a       0x14 ./Drivers/STM32L4xx_HAL_Driver/Src/stm32l4xx_hal_tim.o
                0x0800e21a                HAL_TIM_IC_CaptureCallback
 .text.HAL_TIM_PWM_PulseFinishedCallback
                0x0800e22e       0x14 ./Drivers/STM32L4xx_HAL_Driver/Src/stm32l4xx_hal_tim.o
                0x0800e22e                HAL_TIM_PWM_PulseFinishedCallback
 .text.HAL_TIM_TriggerCallback
                0x0800e242       0x14 ./Drivers/STM32L4xx_HAL_Driver/Src/stm32l4xx_hal_tim.o
                0x0800e242                HAL_TIM_TriggerCallback
 *fill*         0x0800e256        0x2 
 .text.TIM_Base_SetConfig
                0x0800e258       0xe0 ./Drivers/STM32L4xx_HAL_Driver/Src/stm32l4xx_hal_tim.o
                0x0800e258                TIM_Base_SetConfig
 .text.HAL_TIMEx_MasterConfigSynchronization
                0x0800e338       0xcc ./Drivers/STM32L4xx_HAL_Driver/Src/stm32l4xx_hal_tim_ex.o
                0x0800e338                HAL_TIMEx_MasterConfigSynchronization
 .text.HAL_TIMEx_CommutCallback
                0x0800e404       0x14 ./Drivers/STM32L4xx_HAL_Driver/Src/stm32l4xx_hal_tim_ex.o
                0x0800e404                HAL_TIMEx_CommutCallback
 .text.HAL_TIMEx_BreakCallback
                0x0800e418       0x14 ./Drivers/STM32L4xx_HAL_Driver/Src/stm32l4xx_hal_tim_ex.o
                0x0800e418                HAL_TIMEx_BreakCallback
 .text.HAL_TIMEx_Break2Callback
                0x0800e42c       0x14 ./Drivers/STM32L4xx_HAL_Driver/Src/stm32l4xx_hal_tim_ex.o
                0x0800e42c                HAL_TIMEx_Break2Callback
 .text.HAL_UART_Init
                0x0800e440       0x9c ./Drivers/STM32L4xx_HAL_Driver/Src/stm32l4xx_hal_uart.o
                0x0800e440                HAL_UART_Init
 .text.HAL_UART_Transmit
                0x0800e4dc      0x112 ./Drivers/STM32L4xx_HAL_Driver/Src/stm32l4xx_hal_uart.o
                0x0800e4dc                HAL_UART_Transmit
 *fill*         0x0800e5ee        0x2 
 .text.UART_SetConfig
                0x0800e5f0      0x458 ./Drivers/STM32L4xx_HAL_Driver/Src/stm32l4xx_hal_uart.o
                0x0800e5f0                UART_SetConfig
 .text.UART_AdvFeatureConfig
                0x0800ea48      0x144 ./Drivers/STM32L4xx_HAL_Driver/Src/stm32l4xx_hal_uart.o
                0x0800ea48                UART_AdvFeatureConfig
 .text.UART_CheckIdleState
                0x0800eb8c      0x150 ./Drivers/STM32L4xx_HAL_Driver/Src/stm32l4xx_hal_uart.o
                0x0800eb8c                UART_CheckIdleState
 .text.UART_WaitOnFlagUntilTimeout
                0x0800ecdc       0xda ./Drivers/STM32L4xx_HAL_Driver/Src/stm32l4xx_hal_uart.o
                0x0800ecdc                UART_WaitOnFlagUntilTimeout
 .text.UART_EndRxTransfer
                0x0800edb6       0xc8 ./Drivers/STM32L4xx_HAL_Driver/Src/stm32l4xx_hal_uart.o
 *fill*         0x0800ee7e        0x2 
 .text.__assert_func
                0x0800ee80       0x3c /Applications/STM32CubeIDE.app/Contents/Eclipse/plugins/com.st.stm32cube.ide.mcu.externaltools.gnu-tools-for-stm32.12.3.rel1.macos64_1.1.0.202410301201/tools/bin/../lib/gcc/arm-none-eabi/12.3.1/../../../../arm-none-eabi/lib/thumb/v7e-m+fp/hard/libc_nano.a(libc_a-assert.o)
                0x0800ee80                __assert_func
 .text.std      0x0800eebc       0x6c /Applications/STM32CubeIDE.app/Contents/Eclipse/plugins/com.st.stm32cube.ide.mcu.externaltools.gnu-tools-for-stm32.12.3.rel1.macos64_1.1.0.202410301201/tools/bin/../lib/gcc/arm-none-eabi/12.3.1/../../../../arm-none-eabi/lib/thumb/v7e-m+fp/hard/libc_nano.a(libc_a-findfp.o)
 .text.stdio_exit_handler
                0x0800ef28       0x18 /Applications/STM32CubeIDE.app/Contents/Eclipse/plugins/com.st.stm32cube.ide.mcu.externaltools.gnu-tools-for-stm32.12.3.rel1.macos64_1.1.0.202410301201/tools/bin/../lib/gcc/arm-none-eabi/12.3.1/../../../../arm-none-eabi/lib/thumb/v7e-m+fp/hard/libc_nano.a(libc_a-findfp.o)
 .text.cleanup_stdio
                0x0800ef40       0x40 /Applications/STM32CubeIDE.app/Contents/Eclipse/plugins/com.st.stm32cube.ide.mcu.externaltools.gnu-tools-for-stm32.12.3.rel1.macos64_1.1.0.202410301201/tools/bin/../lib/gcc/arm-none-eabi/12.3.1/../../../../arm-none-eabi/lib/thumb/v7e-m+fp/hard/libc_nano.a(libc_a-findfp.o)
 .text.global_stdio_init.part.0
                0x0800ef80       0x3c /Applications/STM32CubeIDE.app/Contents/Eclipse/plugins/com.st.stm32cube.ide.mcu.externaltools.gnu-tools-for-stm32.12.3.rel1.macos64_1.1.0.202410301201/tools/bin/../lib/gcc/arm-none-eabi/12.3.1/../../../../arm-none-eabi/lib/thumb/v7e-m+fp/hard/libc_nano.a(libc_a-findfp.o)
 .text.__sfp_lock_acquire
                0x0800efbc        0xc /Applications/STM32CubeIDE.app/Contents/Eclipse/plugins/com.st.stm32cube.ide.mcu.externaltools.gnu-tools-for-stm32.12.3.rel1.macos64_1.1.0.202410301201/tools/bin/../lib/gcc/arm-none-eabi/12.3.1/../../../../arm-none-eabi/lib/thumb/v7e-m+fp/hard/libc_nano.a(libc_a-findfp.o)
                0x0800efbc                __sfp_lock_acquire
 .text.__sfp_lock_release
                0x0800efc8        0xc /Applications/STM32CubeIDE.app/Contents/Eclipse/plugins/com.st.stm32cube.ide.mcu.externaltools.gnu-tools-for-stm32.12.3.rel1.macos64_1.1.0.202410301201/tools/bin/../lib/gcc/arm-none-eabi/12.3.1/../../../../arm-none-eabi/lib/thumb/v7e-m+fp/hard/libc_nano.a(libc_a-findfp.o)
                0x0800efc8                __sfp_lock_release
 .text.__sinit  0x0800efd4       0x30 /Applications/STM32CubeIDE.app/Contents/Eclipse/plugins/com.st.stm32cube.ide.mcu.externaltools.gnu-tools-for-stm32.12.3.rel1.macos64_1.1.0.202410301201/tools/bin/../lib/gcc/arm-none-eabi/12.3.1/../../../../arm-none-eabi/lib/thumb/v7e-m+fp/hard/libc_nano.a(libc_a-findfp.o)
                0x0800efd4                __sinit
 .text.fprintf  0x0800f004       0x24 /Applications/STM32CubeIDE.app/Contents/Eclipse/plugins/com.st.stm32cube.ide.mcu.externaltools.gnu-tools-for-stm32.12.3.rel1.macos64_1.1.0.202410301201/tools/bin/../lib/gcc/arm-none-eabi/12.3.1/../../../../arm-none-eabi/lib/thumb/v7e-m+fp/hard/libc_nano.a(libc_a-fprintf.o)
                0x0800f004                fprintf
                0x0800f004                fiprintf
 .text._fwalk_sglue
                0x0800f028       0x3c /Applications/STM32CubeIDE.app/Contents/Eclipse/plugins/com.st.stm32cube.ide.mcu.externaltools.gnu-tools-for-stm32.12.3.rel1.macos64_1.1.0.202410301201/tools/bin/../lib/gcc/arm-none-eabi/12.3.1/../../../../arm-none-eabi/lib/thumb/v7e-m+fp/hard/libc_nano.a(libc_a-fwalk.o)
                0x0800f028                _fwalk_sglue
 .text.memset   0x0800f064       0x10 /Applications/STM32CubeIDE.app/Contents/Eclipse/plugins/com.st.stm32cube.ide.mcu.externaltools.gnu-tools-for-stm32.12.3.rel1.macos64_1.1.0.202410301201/tools/bin/../lib/gcc/arm-none-eabi/12.3.1/../../../../arm-none-eabi/lib/thumb/v7e-m+fp/hard/libc_nano.a(libc_a-memset.o)
                0x0800f064                memset
 .text.__errno  0x0800f074        0xc /Applications/STM32CubeIDE.app/Contents/Eclipse/plugins/com.st.stm32cube.ide.mcu.externaltools.gnu-tools-for-stm32.12.3.rel1.macos64_1.1.0.202410301201/tools/bin/../lib/gcc/arm-none-eabi/12.3.1/../../../../arm-none-eabi/lib/thumb/v7e-m+fp/hard/libc_nano.a(libc_a-errno.o)
                0x0800f074                __errno
 .text.__libc_init_array
                0x0800f080       0x48 /Applications/STM32CubeIDE.app/Contents/Eclipse/plugins/com.st.stm32cube.ide.mcu.externaltools.gnu-tools-for-stm32.12.3.rel1.macos64_1.1.0.202410301201/tools/bin/../lib/gcc/arm-none-eabi/12.3.1/../../../../arm-none-eabi/lib/thumb/v7e-m+fp/hard/libc_nano.a(libc_a-init.o)
                0x0800f080                __libc_init_array
 .text.__retarget_lock_init_recursive
                0x0800f0c8        0x2 /Applications/STM32CubeIDE.app/Contents/Eclipse/plugins/com.st.stm32cube.ide.mcu.externaltools.gnu-tools-for-stm32.12.3.rel1.macos64_1.1.0.202410301201/tools/bin/../lib/gcc/arm-none-eabi/12.3.1/../../../../arm-none-eabi/lib/thumb/v7e-m+fp/hard/libc_nano.a(libc_a-lock.o)
                0x0800f0c8                __retarget_lock_init_recursive
 .text.__retarget_lock_acquire_recursive
                0x0800f0ca        0x2 /Applications/STM32CubeIDE.app/Contents/Eclipse/plugins/com.st.stm32cube.ide.mcu.externaltools.gnu-tools-for-stm32.12.3.rel1.macos64_1.1.0.202410301201/tools/bin/../lib/gcc/arm-none-eabi/12.3.1/../../../../arm-none-eabi/lib/thumb/v7e-m+fp/hard/libc_nano.a(libc_a-lock.o)
                0x0800f0ca                __retarget_lock_acquire_recursive
 .text.__retarget_lock_release_recursive
                0x0800f0cc        0x2 /Applications/STM32CubeIDE.app/Contents/Eclipse/plugins/com.st.stm32cube.ide.mcu.externaltools.gnu-tools-for-stm32.12.3.rel1.macos64_1.1.0.202410301201/tools/bin/../lib/gcc/arm-none-eabi/12.3.1/../../../../arm-none-eabi/lib/thumb/v7e-m+fp/hard/libc_nano.a(libc_a-lock.o)
                0x0800f0cc                __retarget_lock_release_recursive
 *fill*         0x0800f0ce        0x2 
 .text.gcvt     0x0800f0d0       0x58 /Applications/STM32CubeIDE.app/Contents/Eclipse/plugins/com.st.stm32cube.ide.mcu.externaltools.gnu-tools-for-stm32.12.3.rel1.macos64_1.1.0.202410301201/tools/bin/../lib/gcc/arm-none-eabi/12.3.1/../../../../arm-none-eabi/lib/thumb/v7e-m+fp/hard/libc_nano.a(libc_a-efgcvt.o)
                0x0800f0d0                gcvt
 .text.memcpy   0x0800f128       0x1c /Applications/STM32CubeIDE.app/Contents/Eclipse/plugins/com.st.stm32cube.ide.mcu.externaltools.gnu-tools-for-stm32.12.3.rel1.macos64_1.1.0.202410301201/tools/bin/../lib/gcc/arm-none-eabi/12.3.1/../../../../arm-none-eabi/lib/thumb/v7e-m+fp/hard/libc_nano.a(libc_a-memcpy-stub.o)
                0x0800f128                memcpy
 .text.abort    0x0800f144        0xe /Applications/STM32CubeIDE.app/Contents/Eclipse/plugins/com.st.stm32cube.ide.mcu.externaltools.gnu-tools-for-stm32.12.3.rel1.macos64_1.1.0.202410301201/tools/bin/../lib/gcc/arm-none-eabi/12.3.1/../../../../arm-none-eabi/lib/thumb/v7e-m+fp/hard/libc_nano.a(libc_a-abort.o)
                0x0800f144                abort
 .text.__sfputc_r
                0x0800f152       0x2e /Applications/STM32CubeIDE.app/Contents/Eclipse/plugins/com.st.stm32cube.ide.mcu.externaltools.gnu-tools-for-stm32.12.3.rel1.macos64_1.1.0.202410301201/tools/bin/../lib/gcc/arm-none-eabi/12.3.1/../../../../arm-none-eabi/lib/thumb/v7e-m+fp/hard/libc_nano.a(libc_a-nano-vfprintf.o)
 .text.__sfputs_r
                0x0800f180       0x24 /Applications/STM32CubeIDE.app/Contents/Eclipse/plugins/com.st.stm32cube.ide.mcu.externaltools.gnu-tools-for-stm32.12.3.rel1.macos64_1.1.0.202410301201/tools/bin/../lib/gcc/arm-none-eabi/12.3.1/../../../../arm-none-eabi/lib/thumb/v7e-m+fp/hard/libc_nano.a(libc_a-nano-vfprintf.o)
                0x0800f180                __sfputs_r
 .text._vfprintf_r
                0x0800f1a4      0x230 /Applications/STM32CubeIDE.app/Contents/Eclipse/plugins/com.st.stm32cube.ide.mcu.externaltools.gnu-tools-for-stm32.12.3.rel1.macos64_1.1.0.202410301201/tools/bin/../lib/gcc/arm-none-eabi/12.3.1/../../../../arm-none-eabi/lib/thumb/v7e-m+fp/hard/libc_nano.a(libc_a-nano-vfprintf.o)
                0x0800f1a4                _vfiprintf_r
                0x0800f1a4                _vfprintf_r
 .text.sbrk_aligned
                0x0800f3d4       0x44 /Applications/STM32CubeIDE.app/Contents/Eclipse/plugins/com.st.stm32cube.ide.mcu.externaltools.gnu-tools-for-stm32.12.3.rel1.macos64_1.1.0.202410301201/tools/bin/../lib/gcc/arm-none-eabi/12.3.1/../../../../arm-none-eabi/lib/thumb/v7e-m+fp/hard/libc_nano.a(libc_a-mallocr.o)
 .text._malloc_r
                0x0800f418      0x100 /Applications/STM32CubeIDE.app/Contents/Eclipse/plugins/com.st.stm32cube.ide.mcu.externaltools.gnu-tools-for-stm32.12.3.rel1.macos64_1.1.0.202410301201/tools/bin/../lib/gcc/arm-none-eabi/12.3.1/../../../../arm-none-eabi/lib/thumb/v7e-m+fp/hard/libc_nano.a(libc_a-mallocr.o)
                0x0800f418                _malloc_r
 .text._printf_common
                0x0800f518       0xda /Applications/STM32CubeIDE.app/Contents/Eclipse/plugins/com.st.stm32cube.ide.mcu.externaltools.gnu-tools-for-stm32.12.3.rel1.macos64_1.1.0.202410301201/tools/bin/../lib/gcc/arm-none-eabi/12.3.1/../../../../arm-none-eabi/lib/thumb/v7e-m+fp/hard/libc_nano.a(libc_a-nano-vfprintf_i.o)
                0x0800f518                _printf_common
 *fill*         0x0800f5f2        0x2 
 .text._printf_i
                0x0800f5f4      0x240 /Applications/STM32CubeIDE.app/Contents/Eclipse/plugins/com.st.stm32cube.ide.mcu.externaltools.gnu-tools-for-stm32.12.3.rel1.macos64_1.1.0.202410301201/tools/bin/../lib/gcc/arm-none-eabi/12.3.1/../../../../arm-none-eabi/lib/thumb/v7e-m+fp/hard/libc_nano.a(libc_a-nano-vfprintf_i.o)
                0x0800f5f4                _printf_i
 .text.__sflush_r
                0x0800f834      0x108 /Applications/STM32CubeIDE.app/Contents/Eclipse/plugins/com.st.stm32cube.ide.mcu.externaltools.gnu-tools-for-stm32.12.3.rel1.macos64_1.1.0.202410301201/tools/bin/../lib/gcc/arm-none-eabi/12.3.1/../../../../arm-none-eabi/lib/thumb/v7e-m+fp/hard/libc_nano.a(libc_a-fflush.o)
                0x0800f834                __sflush_r
 .text._fflush_r
                0x0800f93c       0x50 /Applications/STM32CubeIDE.app/Contents/Eclipse/plugins/com.st.stm32cube.ide.mcu.externaltools.gnu-tools-for-stm32.12.3.rel1.macos64_1.1.0.202410301201/tools/bin/../lib/gcc/arm-none-eabi/12.3.1/../../../../arm-none-eabi/lib/thumb/v7e-m+fp/hard/libc_nano.a(libc_a-fflush.o)
                0x0800f93c                _fflush_r
 .text.__malloc_lock
                0x0800f98c        0xc /Applications/STM32CubeIDE.app/Contents/Eclipse/plugins/com.st.stm32cube.ide.mcu.externaltools.gnu-tools-for-stm32.12.3.rel1.macos64_1.1.0.202410301201/tools/bin/../lib/gcc/arm-none-eabi/12.3.1/../../../../arm-none-eabi/lib/thumb/v7e-m+fp/hard/libc_nano.a(libc_a-mlock.o)
                0x0800f98c                __malloc_lock
 .text.__malloc_unlock
                0x0800f998        0xc /Applications/STM32CubeIDE.app/Contents/Eclipse/plugins/com.st.stm32cube.ide.mcu.externaltools.gnu-tools-for-stm32.12.3.rel1.macos64_1.1.0.202410301201/tools/bin/../lib/gcc/arm-none-eabi/12.3.1/../../../../arm-none-eabi/lib/thumb/v7e-m+fp/hard/libc_nano.a(libc_a-mlock.o)
                0x0800f998                __malloc_unlock
 .text.__sread  0x0800f9a4       0x22 /Applications/STM32CubeIDE.app/Contents/Eclipse/plugins/com.st.stm32cube.ide.mcu.externaltools.gnu-tools-for-stm32.12.3.rel1.macos64_1.1.0.202410301201/tools/bin/../lib/gcc/arm-none-eabi/12.3.1/../../../../arm-none-eabi/lib/thumb/v7e-m+fp/hard/libc_nano.a(libc_a-stdio.o)
                0x0800f9a4                __sread
 .text.__swrite
                0x0800f9c6       0x38 /Applications/STM32CubeIDE.app/Contents/Eclipse/plugins/com.st.stm32cube.ide.mcu.externaltools.gnu-tools-for-stm32.12.3.rel1.macos64_1.1.0.202410301201/tools/bin/../lib/gcc/arm-none-eabi/12.3.1/../../../../arm-none-eabi/lib/thumb/v7e-m+fp/hard/libc_nano.a(libc_a-stdio.o)
                0x0800f9c6                __swrite
 .text.__sseek  0x0800f9fe       0x24 /Applications/STM32CubeIDE.app/Contents/Eclipse/plugins/com.st.stm32cube.ide.mcu.externaltools.gnu-tools-for-stm32.12.3.rel1.macos64_1.1.0.202410301201/tools/bin/../lib/gcc/arm-none-eabi/12.3.1/../../../../arm-none-eabi/lib/thumb/v7e-m+fp/hard/libc_nano.a(libc_a-stdio.o)
                0x0800f9fe                __sseek
 .text.__sclose
                0x0800fa22        0x8 /Applications/STM32CubeIDE.app/Contents/Eclipse/plugins/com.st.stm32cube.ide.mcu.externaltools.gnu-tools-for-stm32.12.3.rel1.macos64_1.1.0.202410301201/tools/bin/../lib/gcc/arm-none-eabi/12.3.1/../../../../arm-none-eabi/lib/thumb/v7e-m+fp/hard/libc_nano.a(libc_a-stdio.o)
                0x0800fa22                __sclose
 .text.__swbuf_r
                0x0800fa2a       0x7c /Applications/STM32CubeIDE.app/Contents/Eclipse/plugins/com.st.stm32cube.ide.mcu.externaltools.gnu-tools-for-stm32.12.3.rel1.macos64_1.1.0.202410301201/tools/bin/../lib/gcc/arm-none-eabi/12.3.1/../../../../arm-none-eabi/lib/thumb/v7e-m+fp/hard/libc_nano.a(libc_a-wbuf.o)
                0x0800fa2a                __swbuf_r
 *fill*         0x0800faa6        0x2 
 .text.__swsetup_r
                0x0800faa8       0xac /Applications/STM32CubeIDE.app/Contents/Eclipse/plugins/com.st.stm32cube.ide.mcu.externaltools.gnu-tools-for-stm32.12.3.rel1.macos64_1.1.0.202410301201/tools/bin/../lib/gcc/arm-none-eabi/12.3.1/../../../../arm-none-eabi/lib/thumb/v7e-m+fp/hard/libc_nano.a(libc_a-wsetup.o)
                0x0800faa8                __swsetup_r
 .text.__swhatbuf_r
                0x0800fb54       0x4c /Applications/STM32CubeIDE.app/Contents/Eclipse/plugins/com.st.stm32cube.ide.mcu.externaltools.gnu-tools-for-stm32.12.3.rel1.macos64_1.1.0.202410301201/tools/bin/../lib/gcc/arm-none-eabi/12.3.1/../../../../arm-none-eabi/lib/thumb/v7e-m+fp/hard/libc_nano.a(libc_a-makebuf.o)
                0x0800fb54                __swhatbuf_r
 .text.__smakebuf_r
                0x0800fba0       0x78 /Applications/STM32CubeIDE.app/Contents/Eclipse/plugins/com.st.stm32cube.ide.mcu.externaltools.gnu-tools-for-stm32.12.3.rel1.macos64_1.1.0.202410301201/tools/bin/../lib/gcc/arm-none-eabi/12.3.1/../../../../arm-none-eabi/lib/thumb/v7e-m+fp/hard/libc_nano.a(libc_a-makebuf.o)
                0x0800fba0                __smakebuf_r
 .text._close_r
                0x0800fc18       0x20 /Applications/STM32CubeIDE.app/Contents/Eclipse/plugins/com.st.stm32cube.ide.mcu.externaltools.gnu-tools-for-stm32.12.3.rel1.macos64_1.1.0.202410301201/tools/bin/../lib/gcc/arm-none-eabi/12.3.1/../../../../arm-none-eabi/lib/thumb/v7e-m+fp/hard/libc_nano.a(libc_a-closer.o)
                0x0800fc18                _close_r
 .text._fstat_r
                0x0800fc38       0x24 /Applications/STM32CubeIDE.app/Contents/Eclipse/plugins/com.st.stm32cube.ide.mcu.externaltools.gnu-tools-for-stm32.12.3.rel1.macos64_1.1.0.202410301201/tools/bin/../lib/gcc/arm-none-eabi/12.3.1/../../../../arm-none-eabi/lib/thumb/v7e-m+fp/hard/libc_nano.a(libc_a-fstatr.o)
                0x0800fc38                _fstat_r
 .text._isatty_r
                0x0800fc5c       0x20 /Applications/STM32CubeIDE.app/Contents/Eclipse/plugins/com.st.stm32cube.ide.mcu.externaltools.gnu-tools-for-stm32.12.3.rel1.macos64_1.1.0.202410301201/tools/bin/../lib/gcc/arm-none-eabi/12.3.1/../../../../arm-none-eabi/lib/thumb/v7e-m+fp/hard/libc_nano.a(libc_a-isattyr.o)
                0x0800fc5c                _isatty_r
 .text._lseek_r
                0x0800fc7c       0x24 /Applications/STM32CubeIDE.app/Contents/Eclipse/plugins/com.st.stm32cube.ide.mcu.externaltools.gnu-tools-for-stm32.12.3.rel1.macos64_1.1.0.202410301201/tools/bin/../lib/gcc/arm-none-eabi/12.3.1/../../../../arm-none-eabi/lib/thumb/v7e-m+fp/hard/libc_nano.a(libc_a-lseekr.o)
                0x0800fc7c                _lseek_r
 .text._raise_r
                0x0800fca0       0x50 /Applications/STM32CubeIDE.app/Contents/Eclipse/plugins/com.st.stm32cube.ide.mcu.externaltools.gnu-tools-for-stm32.12.3.rel1.macos64_1.1.0.202410301201/tools/bin/../lib/gcc/arm-none-eabi/12.3.1/../../../../arm-none-eabi/lib/thumb/v7e-m+fp/hard/libc_nano.a(libc_a-signal.o)
                0x0800fca0                _raise_r
 .text.raise    0x0800fcf0       0x10 /Applications/STM32CubeIDE.app/Contents/Eclipse/plugins/com.st.stm32cube.ide.mcu.externaltools.gnu-tools-for-stm32.12.3.rel1.macos64_1.1.0.202410301201/tools/bin/../lib/gcc/arm-none-eabi/12.3.1/../../../../arm-none-eabi/lib/thumb/v7e-m+fp/hard/libc_nano.a(libc_a-signal.o)
                0x0800fcf0                raise
 .text._read_r  0x0800fd00       0x24 /Applications/STM32CubeIDE.app/Contents/Eclipse/plugins/com.st.stm32cube.ide.mcu.externaltools.gnu-tools-for-stm32.12.3.rel1.macos64_1.1.0.202410301201/tools/bin/../lib/gcc/arm-none-eabi/12.3.1/../../../../arm-none-eabi/lib/thumb/v7e-m+fp/hard/libc_nano.a(libc_a-readr.o)
                0x0800fd00                _read_r
 .text._kill_r  0x0800fd24       0x24 /Applications/STM32CubeIDE.app/Contents/Eclipse/plugins/com.st.stm32cube.ide.mcu.externaltools.gnu-tools-for-stm32.12.3.rel1.macos64_1.1.0.202410301201/tools/bin/../lib/gcc/arm-none-eabi/12.3.1/../../../../arm-none-eabi/lib/thumb/v7e-m+fp/hard/libc_nano.a(libc_a-signalr.o)
                0x0800fd24                _kill_r
 .text._getpid_r
                0x0800fd48        0x4 /Applications/STM32CubeIDE.app/Contents/Eclipse/plugins/com.st.stm32cube.ide.mcu.externaltools.gnu-tools-for-stm32.12.3.rel1.macos64_1.1.0.202410301201/tools/bin/../lib/gcc/arm-none-eabi/12.3.1/../../../../arm-none-eabi/lib/thumb/v7e-m+fp/hard/libc_nano.a(libc_a-signalr.o)
                0x0800fd48                _getpid_r
 .text._sbrk_r  0x0800fd4c       0x20 /Applications/STM32CubeIDE.app/Contents/Eclipse/plugins/com.st.stm32cube.ide.mcu.externaltools.gnu-tools-for-stm32.12.3.rel1.macos64_1.1.0.202410301201/tools/bin/../lib/gcc/arm-none-eabi/12.3.1/../../../../arm-none-eabi/lib/thumb/v7e-m+fp/hard/libc_nano.a(libc_a-sbrkr.o)
                0x0800fd4c                _sbrk_r
 .text._write_r
                0x0800fd6c       0x24 /Applications/STM32CubeIDE.app/Contents/Eclipse/plugins/com.st.stm32cube.ide.mcu.externaltools.gnu-tools-for-stm32.12.3.rel1.macos64_1.1.0.202410301201/tools/bin/../lib/gcc/arm-none-eabi/12.3.1/../../../../arm-none-eabi/lib/thumb/v7e-m+fp/hard/libc_nano.a(libc_a-writer.o)
                0x0800fd6c                _write_r
 .text.print_e  0x0800fd90       0xe4 /Applications/STM32CubeIDE.app/Contents/Eclipse/plugins/com.st.stm32cube.ide.mcu.externaltools.gnu-tools-for-stm32.12.3.rel1.macos64_1.1.0.202410301201/tools/bin/../lib/gcc/arm-none-eabi/12.3.1/../../../../arm-none-eabi/lib/thumb/v7e-m+fp/hard/libc_nano.a(libc_a-ecvtbuf.o)
 *fill*         0x0800fe74        0x4 
 .text._gcvt    0x0800fe78      0x188 /Applications/STM32CubeIDE.app/Contents/Eclipse/plugins/com.st.stm32cube.ide.mcu.externaltools.gnu-tools-for-stm32.12.3.rel1.macos64_1.1.0.202410301201/tools/bin/../lib/gcc/arm-none-eabi/12.3.1/../../../../arm-none-eabi/lib/thumb/v7e-m+fp/hard/libc_nano.a(libc_a-ecvtbuf.o)
                0x0800fe78                _gcvt
 .text.strcpy   0x08010000       0x10 /Applications/STM32CubeIDE.app/Contents/Eclipse/plugins/com.st.stm32cube.ide.mcu.externaltools.gnu-tools-for-stm32.12.3.rel1.macos64_1.1.0.202410301201/tools/bin/../lib/gcc/arm-none-eabi/12.3.1/../../../../arm-none-eabi/lib/thumb/v7e-m+fp/hard/libc_nano.a(libc_a-strcpy.o)
                0x08010000                strcpy
 .text.quorem   0x08010010      0x110 /Applications/STM32CubeIDE.app/Contents/Eclipse/plugins/com.st.stm32cube.ide.mcu.externaltools.gnu-tools-for-stm32.12.3.rel1.macos64_1.1.0.202410301201/tools/bin/../lib/gcc/arm-none-eabi/12.3.1/../../../../arm-none-eabi/lib/thumb/v7e-m+fp/hard/libc_nano.a(libc_a-dtoa.o)
 .text._dtoa_r  0x08010120      0xb88 /Applications/STM32CubeIDE.app/Contents/Eclipse/plugins/com.st.stm32cube.ide.mcu.externaltools.gnu-tools-for-stm32.12.3.rel1.macos64_1.1.0.202410301201/tools/bin/../lib/gcc/arm-none-eabi/12.3.1/../../../../arm-none-eabi/lib/thumb/v7e-m+fp/hard/libc_nano.a(libc_a-dtoa.o)
                0x08010120                _dtoa_r
 .text._free_r  0x08010ca8       0x94 /Applications/STM32CubeIDE.app/Contents/Eclipse/plugins/com.st.stm32cube.ide.mcu.externaltools.gnu-tools-for-stm32.12.3.rel1.macos64_1.1.0.202410301201/tools/bin/../lib/gcc/arm-none-eabi/12.3.1/../../../../arm-none-eabi/lib/thumb/v7e-m+fp/hard/libc_nano.a(libc_a-freer.o)
                0x08010ca8                _free_r
 .text.malloc   0x08010d3c       0x10 /Applications/STM32CubeIDE.app/Contents/Eclipse/plugins/com.st.stm32cube.ide.mcu.externaltools.gnu-tools-for-stm32.12.3.rel1.macos64_1.1.0.202410301201/tools/bin/../lib/gcc/arm-none-eabi/12.3.1/../../../../arm-none-eabi/lib/thumb/v7e-m+fp/hard/libc_nano.a(libc_a-malloc.o)
                0x08010d3c                malloc
 .text._Balloc  0x08010d4c       0x80 /Applications/STM32CubeIDE.app/Contents/Eclipse/plugins/com.st.stm32cube.ide.mcu.externaltools.gnu-tools-for-stm32.12.3.rel1.macos64_1.1.0.202410301201/tools/bin/../lib/gcc/arm-none-eabi/12.3.1/../../../../arm-none-eabi/lib/thumb/v7e-m+fp/hard/libc_nano.a(libc_a-mprec.o)
                0x08010d4c                _Balloc
 .text._Bfree   0x08010dcc       0x44 /Applications/STM32CubeIDE.app/Contents/Eclipse/plugins/com.st.stm32cube.ide.mcu.externaltools.gnu-tools-for-stm32.12.3.rel1.macos64_1.1.0.202410301201/tools/bin/../lib/gcc/arm-none-eabi/12.3.1/../../../../arm-none-eabi/lib/thumb/v7e-m+fp/hard/libc_nano.a(libc_a-mprec.o)
                0x08010dcc                _Bfree
 .text.__multadd
                0x08010e10       0x8c /Applications/STM32CubeIDE.app/Contents/Eclipse/plugins/com.st.stm32cube.ide.mcu.externaltools.gnu-tools-for-stm32.12.3.rel1.macos64_1.1.0.202410301201/tools/bin/../lib/gcc/arm-none-eabi/12.3.1/../../../../arm-none-eabi/lib/thumb/v7e-m+fp/hard/libc_nano.a(libc_a-mprec.o)
                0x08010e10                __multadd
 .text.__hi0bits
                0x08010e9c       0x3e /Applications/STM32CubeIDE.app/Contents/Eclipse/plugins/com.st.stm32cube.ide.mcu.externaltools.gnu-tools-for-stm32.12.3.rel1.macos64_1.1.0.202410301201/tools/bin/../lib/gcc/arm-none-eabi/12.3.1/../../../../arm-none-eabi/lib/thumb/v7e-m+fp/hard/libc_nano.a(libc_a-mprec.o)
                0x08010e9c                __hi0bits
 .text.__lo0bits
                0x08010eda       0x5a /Applications/STM32CubeIDE.app/Contents/Eclipse/plugins/com.st.stm32cube.ide.mcu.externaltools.gnu-tools-for-stm32.12.3.rel1.macos64_1.1.0.202410301201/tools/bin/../lib/gcc/arm-none-eabi/12.3.1/../../../../arm-none-eabi/lib/thumb/v7e-m+fp/hard/libc_nano.a(libc_a-mprec.o)
                0x08010eda                __lo0bits
 .text.__i2b    0x08010f34       0x2c /Applications/STM32CubeIDE.app/Contents/Eclipse/plugins/com.st.stm32cube.ide.mcu.externaltools.gnu-tools-for-stm32.12.3.rel1.macos64_1.1.0.202410301201/tools/bin/../lib/gcc/arm-none-eabi/12.3.1/../../../../arm-none-eabi/lib/thumb/v7e-m+fp/hard/libc_nano.a(libc_a-mprec.o)
                0x08010f34                __i2b
 .text.__multiply
                0x08010f60      0x154 /Applications/STM32CubeIDE.app/Contents/Eclipse/plugins/com.st.stm32cube.ide.mcu.externaltools.gnu-tools-for-stm32.12.3.rel1.macos64_1.1.0.202410301201/tools/bin/../lib/gcc/arm-none-eabi/12.3.1/../../../../arm-none-eabi/lib/thumb/v7e-m+fp/hard/libc_nano.a(libc_a-mprec.o)
                0x08010f60                __multiply
 .text.__pow5mult
                0x080110b4       0xb4 /Applications/STM32CubeIDE.app/Contents/Eclipse/plugins/com.st.stm32cube.ide.mcu.externaltools.gnu-tools-for-stm32.12.3.rel1.macos64_1.1.0.202410301201/tools/bin/../lib/gcc/arm-none-eabi/12.3.1/../../../../arm-none-eabi/lib/thumb/v7e-m+fp/hard/libc_nano.a(libc_a-mprec.o)
                0x080110b4                __pow5mult
 .text.__lshift
                0x08011168       0xd8 /Applications/STM32CubeIDE.app/Contents/Eclipse/plugins/com.st.stm32cube.ide.mcu.externaltools.gnu-tools-for-stm32.12.3.rel1.macos64_1.1.0.202410301201/tools/bin/../lib/gcc/arm-none-eabi/12.3.1/../../../../arm-none-eabi/lib/thumb/v7e-m+fp/hard/libc_nano.a(libc_a-mprec.o)
                0x08011168                __lshift
 .text.__mcmp   0x08011240       0x36 /Applications/STM32CubeIDE.app/Contents/Eclipse/plugins/com.st.stm32cube.ide.mcu.externaltools.gnu-tools-for-stm32.12.3.rel1.macos64_1.1.0.202410301201/tools/bin/../lib/gcc/arm-none-eabi/12.3.1/../../../../arm-none-eabi/lib/thumb/v7e-m+fp/hard/libc_nano.a(libc_a-mprec.o)
                0x08011240                __mcmp
 *fill*         0x08011276        0x2 
 .text.__mdiff  0x08011278      0x128 /Applications/STM32CubeIDE.app/Contents/Eclipse/plugins/com.st.stm32cube.ide.mcu.externaltools.gnu-tools-for-stm32.12.3.rel1.macos64_1.1.0.202410301201/tools/bin/../lib/gcc/arm-none-eabi/12.3.1/../../../../arm-none-eabi/lib/thumb/v7e-m+fp/hard/libc_nano.a(libc_a-mprec.o)
                0x08011278                __mdiff
 .text.__d2b    0x080113a0       0xb0 /Applications/STM32CubeIDE.app/Contents/Eclipse/plugins/com.st.stm32cube.ide.mcu.externaltools.gnu-tools-for-stm32.12.3.rel1.macos64_1.1.0.202410301201/tools/bin/../lib/gcc/arm-none-eabi/12.3.1/../../../../arm-none-eabi/lib/thumb/v7e-m+fp/hard/libc_nano.a(libc_a-mprec.o)
                0x080113a0                __d2b
 .text._mprec_log10
                0x08011450       0x3c /Applications/STM32CubeIDE.app/Contents/Eclipse/plugins/com.st.stm32cube.ide.mcu.externaltools.gnu-tools-for-stm32.12.3.rel1.macos64_1.1.0.202410301201/tools/bin/../lib/gcc/arm-none-eabi/12.3.1/../../../../arm-none-eabi/lib/thumb/v7e-m+fp/hard/libc_nano.a(libc_a-mprec.o)
                0x08011450                _mprec_log10
 .text._calloc_r
                0x0801148c       0x28 /Applications/STM32CubeIDE.app/Contents/Eclipse/plugins/com.st.stm32cube.ide.mcu.externaltools.gnu-tools-for-stm32.12.3.rel1.macos64_1.1.0.202410301201/tools/bin/../lib/gcc/arm-none-eabi/12.3.1/../../../../arm-none-eabi/lib/thumb/v7e-m+fp/hard/libc_nano.a(libc_a-callocr.o)
                0x0801148c                _calloc_r
 *(.glue_7)
 .glue_7        0x080114b4        0x0 linker stubs
 *(.glue_7t)
 .glue_7t       0x080114b4        0x0 linker stubs
 *(.eh_frame)
 .eh_frame      0x080114b4        0x0 /Applications/STM32CubeIDE.app/Contents/Eclipse/plugins/com.st.stm32cube.ide.mcu.externaltools.gnu-tools-for-stm32.12.3.rel1.macos64_1.1.0.202410301201/tools/bin/../lib/gcc/arm-none-eabi/12.3.1/thumb/v7e-m+fp/hard/crtbegin.o
 *(.init)
 .init          0x080114b4        0x4 /Applications/STM32CubeIDE.app/Contents/Eclipse/plugins/com.st.stm32cube.ide.mcu.externaltools.gnu-tools-for-stm32.12.3.rel1.macos64_1.1.0.202410301201/tools/bin/../lib/gcc/arm-none-eabi/12.3.1/thumb/v7e-m+fp/hard/crti.o
                0x080114b4                _init
 .init          0x080114b8        0x8 /Applications/STM32CubeIDE.app/Contents/Eclipse/plugins/com.st.stm32cube.ide.mcu.externaltools.gnu-tools-for-stm32.12.3.rel1.macos64_1.1.0.202410301201/tools/bin/../lib/gcc/arm-none-eabi/12.3.1/thumb/v7e-m+fp/hard/crtn.o
 *(.fini)
 .fini          0x080114c0        0x4 /Applications/STM32CubeIDE.app/Contents/Eclipse/plugins/com.st.stm32cube.ide.mcu.externaltools.gnu-tools-for-stm32.12.3.rel1.macos64_1.1.0.202410301201/tools/bin/../lib/gcc/arm-none-eabi/12.3.1/thumb/v7e-m+fp/hard/crti.o
                0x080114c0                _fini
 .fini          0x080114c4        0x8 /Applications/STM32CubeIDE.app/Contents/Eclipse/plugins/com.st.stm32cube.ide.mcu.externaltools.gnu-tools-for-stm32.12.3.rel1.macos64_1.1.0.202410301201/tools/bin/../lib/gcc/arm-none-eabi/12.3.1/thumb/v7e-m+fp/hard/crtn.o
                0x080114cc                        . = ALIGN (0x4)
                0x080114cc                        _etext = .

.vfp11_veneer   0x080114cc        0x0
 .vfp11_veneer  0x080114cc        0x0 linker stubs

.v4_bx          0x080114cc        0x0
 .v4_bx         0x080114cc        0x0 linker stubs

.iplt           0x080114cc        0x0
 .iplt          0x080114cc        0x0 /Applications/STM32CubeIDE.app/Contents/Eclipse/plugins/com.st.stm32cube.ide.mcu.externaltools.gnu-tools-for-stm32.12.3.rel1.macos64_1.1.0.202410301201/tools/bin/../lib/gcc/arm-none-eabi/12.3.1/thumb/v7e-m+fp/hard/crtbegin.o

.rodata         0x080114d0     0x1be0
                0x080114d0                        . = ALIGN (0x4)
 *(.rodata)
 .rodata        0x080114d0       0x9a ./Core/Src/bme68x.o
 *fill*         0x0801156a        0x2 
 .rodata        0x0801156c      0x3bf ./Core/Src/cayenne_lpp.o
 *fill*         0x0801192b        0x1 
 .rodata        0x0801192c      0x11f ./Core/Src/debug.o
 *fill*         0x08011a4b        0x1 
 .rodata        0x08011a4c      0x19c ./Core/Src/main.o
 *(.rodata*)
 .rodata.AES_RCON
                0x08011be8       0x28 ./Core/Src/aes.o
 .rodata.AES_S  0x08011c10      0x100 ./Core/Src/aes.o
 .rodata.AES_E1
                0x08011d10      0x400 ./Core/Src/aes.o
 .rodata.AES_E2
                0x08012110      0x400 ./Core/Src/aes.o
 .rodata.AES_E3
                0x08012510      0x400 ./Core/Src/aes.o
 .rodata.AES_E4
                0x08012910      0x400 ./Core/Src/aes.o
 .rodata.__func__.8
                0x08012d10       0x1e ./Core/Src/cayenne_lpp.o
 *fill*         0x08012d2e        0x2 
 .rodata.__func__.5
                0x08012d30       0x1c ./Core/Src/cayenne_lpp.o
 .rodata._DR2RPS_CRC
                0x08012d4c        0xa ./Core/Src/lmic.o
                0x08012d4c                _DR2RPS_CRC
 *fill*         0x08012d56        0x2 
 .rodata.TXPOWLEVELS
                0x08012d58       0x10 ./Core/Src/lmic.o
 .rodata.SENSITIVITY
                0x08012d68       0x15 ./Core/Src/lmic.o
 *fill*         0x08012d7d        0x3 
 .rodata.DRADJUST
                0x08012d80        0xa ./Core/Src/lmic.o
 *fill*         0x08012d8a        0x2 
 .rodata.DR2HSYM_osticks
                0x08012d8c       0x20 ./Core/Src/lmic.o
 .rodata.iniChannelFreq
                0x08012dac       0x30 ./Core/Src/lmic.o
 .rodata.APPEUI
                0x08012ddc        0x8 ./Core/Src/main.o
 .rodata.DEVEUI
                0x08012de4        0x8 ./Core/Src/main.o
 .rodata.DEVKEY
                0x08012dec       0x10 ./Core/Src/main.o
 .rodata.rxlorairqmask
                0x08012dfc        0x3 ./Core/Src/radio.o
 *fill*         0x08012dff        0x1 
 .rodata.LORA_RXDONE_FIXUP
                0x08012e00        0xe ./Core/Src/radio.o
 *fill*         0x08012e0e        0x2 
 .rodata.AHBPrescTable
                0x08012e10       0x10 ./Core/Src/system_stm32l4xx.o
                0x08012e10                AHBPrescTable
 .rodata.APBPrescTable
                0x08012e20        0x8 ./Core/Src/system_stm32l4xx.o
                0x08012e20                APBPrescTable
 .rodata.MSIRangeTable
                0x08012e28       0x30 ./Core/Src/system_stm32l4xx.o
                0x08012e28                MSIRangeTable
 .rodata.__assert_func.str1.1
                0x08012e58       0x3c /Applications/STM32CubeIDE.app/Contents/Eclipse/plugins/com.st.stm32cube.ide.mcu.externaltools.gnu-tools-for-stm32.12.3.rel1.macos64_1.1.0.202410301201/tools/bin/../lib/gcc/arm-none-eabi/12.3.1/../../../../arm-none-eabi/lib/thumb/v7e-m+fp/hard/libc_nano.a(libc_a-assert.o)
                                 0x3d (size before relaxing)
 .rodata._vfprintf_r.str1.1
                0x08012e94       0x11 /Applications/STM32CubeIDE.app/Contents/Eclipse/plugins/com.st.stm32cube.ide.mcu.externaltools.gnu-tools-for-stm32.12.3.rel1.macos64_1.1.0.202410301201/tools/bin/../lib/gcc/arm-none-eabi/12.3.1/../../../../arm-none-eabi/lib/thumb/v7e-m+fp/hard/libc_nano.a(libc_a-nano-vfprintf.o)
 .rodata._printf_i.str1.1
                0x08012ea5       0x22 /Applications/STM32CubeIDE.app/Contents/Eclipse/plugins/com.st.stm32cube.ide.mcu.externaltools.gnu-tools-for-stm32.12.3.rel1.macos64_1.1.0.202410301201/tools/bin/../lib/gcc/arm-none-eabi/12.3.1/../../../../arm-none-eabi/lib/thumb/v7e-m+fp/hard/libc_nano.a(libc_a-nano-vfprintf_i.o)
 .rodata._dtoa_r.str1.1
                0x08012ec7       0x8f /Applications/STM32CubeIDE.app/Contents/Eclipse/plugins/com.st.stm32cube.ide.mcu.externaltools.gnu-tools-for-stm32.12.3.rel1.macos64_1.1.0.202410301201/tools/bin/../lib/gcc/arm-none-eabi/12.3.1/../../../../arm-none-eabi/lib/thumb/v7e-m+fp/hard/libc_nano.a(libc_a-dtoa.o)
 .rodata._Balloc.str1.1
                0x08012f56       0x59 /Applications/STM32CubeIDE.app/Contents/Eclipse/plugins/com.st.stm32cube.ide.mcu.externaltools.gnu-tools-for-stm32.12.3.rel1.macos64_1.1.0.202410301201/tools/bin/../lib/gcc/arm-none-eabi/12.3.1/../../../../arm-none-eabi/lib/thumb/v7e-m+fp/hard/libc_nano.a(libc_a-mprec.o)
                                 0x70 (size before relaxing)
 .rodata.__multadd.str1.1
                0x08012faf       0x11 /Applications/STM32CubeIDE.app/Contents/Eclipse/plugins/com.st.stm32cube.ide.mcu.externaltools.gnu-tools-for-stm32.12.3.rel1.macos64_1.1.0.202410301201/tools/bin/../lib/gcc/arm-none-eabi/12.3.1/../../../../arm-none-eabi/lib/thumb/v7e-m+fp/hard/libc_nano.a(libc_a-mprec.o)
 *fill*         0x08012faf        0x1 
 .rodata.p05.0  0x08012fb0        0xc /Applications/STM32CubeIDE.app/Contents/Eclipse/plugins/com.st.stm32cube.ide.mcu.externaltools.gnu-tools-for-stm32.12.3.rel1.macos64_1.1.0.202410301201/tools/bin/../lib/gcc/arm-none-eabi/12.3.1/../../../../arm-none-eabi/lib/thumb/v7e-m+fp/hard/libc_nano.a(libc_a-mprec.o)
 *fill*         0x08012fbc        0x4 
 .rodata.__mprec_bigtens
                0x08012fc0       0x28 /Applications/STM32CubeIDE.app/Contents/Eclipse/plugins/com.st.stm32cube.ide.mcu.externaltools.gnu-tools-for-stm32.12.3.rel1.macos64_1.1.0.202410301201/tools/bin/../lib/gcc/arm-none-eabi/12.3.1/../../../../arm-none-eabi/lib/thumb/v7e-m+fp/hard/libc_nano.a(libc_a-mprec.o)
                0x08012fc0                __mprec_bigtens
 .rodata.__mprec_tens
                0x08012fe8       0xc8 /Applications/STM32CubeIDE.app/Contents/Eclipse/plugins/com.st.stm32cube.ide.mcu.externaltools.gnu-tools-for-stm32.12.3.rel1.macos64_1.1.0.202410301201/tools/bin/../lib/gcc/arm-none-eabi/12.3.1/../../../../arm-none-eabi/lib/thumb/v7e-m+fp/hard/libc_nano.a(libc_a-mprec.o)
                0x08012fe8                __mprec_tens
                0x080130b0                        . = ALIGN (0x4)

.ARM.extab      0x080130b0        0x0
                0x080130b0                        . = ALIGN (0x4)
 *(.ARM.extab* .gnu.linkonce.armextab.*)
                0x080130b0                        . = ALIGN (0x4)

.ARM            0x080130b0        0x8