../Core/Src/hal.c:56:13:hal_io_init	4	static
../Core/Src/hal.c:62:6:hal_pin_rxtx	16	static
../Core/Src/hal.c:73:6:hal_pin_nss	16	static
../Core/Src/hal.c:79:6:hal_pin_rst	56	static
../Core/Src/hal.c:102:6:HAL_GPIO_EXTI_Callback	16	static
../Core/Src/hal.c:123:6:hal_spi_init	4	static
../Core/Src/hal.c:129:6:hal_spi	32	static
../Core/Src/hal.c:141:13:hal_time_init	4	static
../Core/Src/hal.c:146:6:hal_ticks	16	static
../Core/Src/hal.c:161:6:hal_ticksplusplus	4	static
../Core/Src/hal.c:167:13:deltaticks	24	static
../Core/Src/hal.c:178:6:hal_waitUntil	16	static
../Core/Src/hal.c:185:6:hal_checkTimer	24	static
../Core/Src/hal.c:203:6:hal_disableIRQs	4	static,ignoring_inline_asm
../Core/Src/hal.c:210:6:hal_enableIRQs	4	static,ignoring_inline_asm
../Core/Src/hal.c:218:6:hal_sleep	4	static,ignoring_inline_asm
../Core/Src/hal.c:230:6:hal_init	8	static
../Core/Src/hal.c:243:6:hal_failed	8	static
