../Core/Inc/lorabase.h:467:13:getSf	16	static
../Core/Inc/lorabase.h:471:14:setSf	16	static
../Core/Inc/lorabase.h:475:13:getBw	16	static
../Core/Inc/lorabase.h:479:14:setBw	16	static
../Core/Inc/lorabase.h:483:13:getCr	16	static
../Core/Inc/lorabase.h:487:14:setCr	16	static
../Core/Inc/lorabase.h:491:12:getNocrc	16	static
../Core/Inc/lorabase.h:495:14:setNocrc	16	static
../Core/Inc/lorabase.h:499:12:getIh	16	static
../Core/Inc/lorabase.h:503:14:setIh	16	static
../Core/Inc/lorabase.h:507:14:makeRps	16	static
../Core/Inc/lorabase.h:514:12:sameSfBw	16	static
../Core/Inc/lorabase.h:520:14:updr2rps	16	static
../Core/Inc/lorabase.h:524:14:dndr2rps	16	static
../Core/Inc/lorabase.h:528:12:isFasterDR	16	static
../Core/Inc/lorabase.h:532:12:isSlowerDR	16	static
../Core/Inc/lorabase.h:536:13:incDR	16	static
../Core/Inc/lorabase.h:540:13:decDR	16	static
../Core/Inc/lorabase.h:544:13:assertDR	16	static
../Core/Inc/lorabase.h:548:14:validDR	16	static
../Core/Inc/lorabase.h:552:13:lowerDR	16	static
../Core/Src/lmic.c:74:6:os_rlsbf2	16	static
../Core/Src/lmic.c:81:6:os_rlsbf4	16	static
../Core/Src/lmic.c:89:6:os_rmsbf4	16	static
../Core/Src/lmic.c:97:6:os_wlsbf2	16	static
../Core/Src/lmic.c:105:6:os_wlsbf4	16	static
../Core/Src/lmic.c:115:6:os_wmsbf4	16	static
../Core/Src/lmic.c:125:6:os_getBattLevel	4	static
../Core/Src/lmic.c:133:6:os_crc16	32	static
../Core/Src/lmic.c:158:13:micB0	24	static
../Core/Src/lmic.c:168:12:aes_verifyMic	32	static
../Core/Src/lmic.c:176:13:aes_appendMic	32	static
../Core/Src/lmic.c:185:13:aes_appendMic0	24	static
../Core/Src/lmic.c:191:12:aes_verifyMic0	24	static
../Core/Src/lmic.c:197:13:aes_encrypt	16	static
../Core/Src/lmic.c:203:13:aes_cipher	24	static
../Core/Src/lmic.c:217:13:aes_sessKeys	24	static
../Core/Src/lmic.c:295:5:getSensitivity	24	static
../Core/Src/lmic.c:300:10:calcAirTime	40	static
../Core/Src/lmic.c:408:17:calcRxWindow	32	static
../Core/Src/lmic.c:428:13:calcBcnRxWindowFromMillis	64	static
../Core/Src/lmic.c:443:13:rxschedInit	32	static
../Core/Src/lmic.c:460:14:rxschedNext	32	static
../Core/Src/lmic.c:477:17:rndDelay	32	static
../Core/Src/lmic.c:488:13:txDelay	16	static
../Core/Src/lmic.c:497:13:setDrJoin	16	static
../Core/Src/lmic.c:509:13:setDrTxpow	16	static
../Core/Src/lmic.c:527:6:LMIC_stopPingable	4	static
../Core/Src/lmic.c:532:6:LMIC_setPingable	16	static
../Core/Src/lmic.c:559:13:initDefaultChannels	24	static
../Core/Src/lmic.c:590:7:LMIC_setupBand	24	static
../Core/Src/lmic.c:603:7:LMIC_setupChannel	16	static
../Core/Src/lmic.c:627:6:LMIC_disableChannel	16	static
../Core/Src/lmic.c:634:13:convFreq	24	static
../Core/Src/lmic.c:642:13:mapChannels	24	static
../Core/Src/lmic.c:655:13:updateTx	32	static
../Core/Src/lmic.c:669:17:nextTx	32	static
../Core/Src/lmic.c:698:13:setBcnRxParams	8	static
../Core/Src/lmic.c:707:13:initJoinLoop	16	static
../Core/Src/lmic.c:721:17:nextJoinState	16	static
../Core/Src/lmic.c:916:13:runEngineUpdate	16	static
../Core/Src/lmic.c:921:13:reportEvent	16	static
../Core/Src/lmic.c:930:13:runReset	16	static
../Core/Src/lmic.c:938:13:stateJustJoined	4	static
../Core/Src/lmic.c:958:12:decodeBeacon	24	static
../Core/Src/lmic.c:994:14:decodeFrame	120	static
../Core/Src/lmic.c:1290:13:setupRx2	8	static
../Core/Src/lmic.c:1299:13:schedRx2	16	static
../Core/Src/lmic.c:1307:13:setupRx1	16	static
../Core/Src/lmic.c:1318:13:txDone	16	static
../Core/Src/lmic.c:1346:13:onJoinFailed	16	static
../Core/Src/lmic.c:1353:14:processJoinAccept	32	static
../Core/Src/lmic.c:1455:13:processRx2Jacc	16	static
../Core/Src/lmic.c:1462:13:setupRx2Jacc	16	static
../Core/Src/lmic.c:1468:13:processRx1Jacc	16	static
../Core/Src/lmic.c:1474:13:setupRx1Jacc	16	static
../Core/Src/lmic.c:1479:13:jreqDone	16	static
../Core/Src/lmic.c:1489:13:processRx2DnDataDelay	16	static
../Core/Src/lmic.c:1494:13:processRx2DnData	24	static
../Core/Src/lmic.c:1508:13:setupRx2DnData	16	static
../Core/Src/lmic.c:1514:13:processRx1DnData	16	static
../Core/Src/lmic.c:1521:13:setupRx1DnData	16	static
../Core/Src/lmic.c:1526:13:updataDone	16	static
../Core/Src/lmic.c:1533:13:buildDataFrame	40	static
../Core/Src/lmic.c:1652:13:onBcnRx	16	static
../Core/Src/lmic.c:1685:13:startScan	8	static
../Core/Src/lmic.c:1700:7:LMIC_enableTracking	16	static
../Core/Src/lmic.c:1711:6:LMIC_disableTracking	8	static
../Core/Src/lmic.c:1724:13:buildJoinRequest	24	static
../Core/Src/lmic.c:1748:13:startJoining	16	static
../Core/Src/lmic.c:1754:7:LMIC_startJoining	8	static
../Core/Src/lmic.c:1780:13:processPingRx	16	static
../Core/Src/lmic.c:1793:14:processDnData	8	static
../Core/Src/lmic.c:1857:13:processBeacon	40	static
../Core/Src/lmic.c:1920:13:startRxBcn	16	static
../Core/Src/lmic.c:1926:13:startRxPing	16	static
../Core/Src/lmic.c:1933:13:engineUpdate	32	static
../Core/Src/lmic.c:2082:6:LMIC_setAdrMode	16	static
../Core/Src/lmic.c:2088:6:LMIC_setDrTxpow	16	static
../Core/Src/lmic.c:2093:6:LMIC_shutdown	8	static
../Core/Src/lmic.c:2100:6:LMIC_reset	16	static
../Core/Src/lmic.c:2126:6:LMIC_init	4	static
../Core/Src/lmic.c:2131:6:LMIC_clrTxData	8	static
../Core/Src/lmic.c:2142:6:LMIC_setTxData	8	static
../Core/Src/lmic.c:2151:5:LMIC_setTxData2	16	static
../Core/Src/lmic.c:2165:6:LMIC_sendAlive	8	static
../Core/Src/lmic.c:2172:6:LMIC_tryRejoin	8	static
../Core/Src/lmic.c:2192:6:LMIC_setSession	32	static
../Core/Src/lmic.c:2221:6:LMIC_setLinkCheckMode	16	static
