../Core/Src/main.c:85:6:os_getArtEui	16	static
../Core/Src/main.c:91:6:os_getDevEui	16	static
../Core/Src/main.c:97:6:os_getDevKey	24	static
../Core/Src/main.c:102:6:initsensor	8	static
../Core/Src/main.c:109:6:initfunc	16	static
../Core/Src/main.c:120:6:readsensor	16	static
../Core/Src/main.c:132:13:reportfunc	24	static
../Core/Src/main.c:155:13:hellofunc	16	static
../Core/Src/main.c:169:13:blinkfunc	16	static
../Core/Src/main.c:181:6:onEvent	16	static
../Core/Src/main.c:255:5:main	24	static
../Core/Src/main.c:320:6:SystemClock_Config	96	static
../Core/Src/main.c:364:6:HAL_TIM_PeriodElapsedCallback	16	static
../Core/Src/main.c:374:6:HAL_ADC_ConvCpltCallback	16	static
../Core/Src/main.c:387:6:Error_Handler	4	static,ignoring_inline_asm
