../Core/Src/main.c:76:6:os_getArtEui	16	static
../Core/Src/main.c:82:6:os_getDevEui	16	static
../Core/Src/main.c:88:6:os_getDevKey	24	static
../Core/Src/main.c:93:6:initsensor	8	static
../Core/Src/main.c:99:6:initfunc	16	static
../Core/Src/main.c:110:6:readsensor	16	static
../Core/Src/main.c:118:13:reportfunc	24	static
../Core/Src/main.c:140:13:hellofunc	16	static
../Core/Src/main.c:154:13:blinkfunc	16	static
../Core/Src/main.c:166:6:onEvent	16	static
../Core/Src/main.c:240:5:main	24	static
../Core/Src/main.c:303:6:SystemClock_Config	96	static
../Core/Src/main.c:347:6:HAL_TIM_PeriodElapsedCallback	16	static
../Core/Src/main.c:357:6:HAL_ADC_ConvCpltCallback	16	static
../Core/Src/main.c:370:6:Error_Handler	4	static,ignoring_inline_asm
