../Core/Src/radio.c:272:13:writeReg	16	static
../Core/Src/radio.c:280:13:readReg	24	static
../Core/Src/radio.c:289:13:writeBuf	24	static
../Core/Src/radio.c:299:13:readBuf	32	static
../Core/Src/radio.c:309:13:opmode	16	static
../Core/Src/radio.c:314:13:opmodeLora	16	static
../Core/Src/radio.c:323:13:opmodeFSK	16	static
../Core/Src/radio.c:333:13:configLoraModem	16	static
../Core/Src/radio.c:427:13:configChannel	24	static
../Core/Src/radio.c:436:13:configPower	16	static
../Core/Src/radio.c:464:13:txfsk	8	static
../Core/Src/radio.c:509:13:txlora	8	static
../Core/Src/radio.c:552:13:starttx	8	static
../Core/Src/radio.c:573:13:rxlora	16	static
../Core/Src/radio.c:628:13:rxfsk	16	static
../Core/Src/radio.c:681:13:startrx	16	static
../Core/Src/radio.c:694:6:radio_init	32	static
../Core/Src/radio.c:760:6:radio_rand1	16	static
../Core/Src/radio.c:773:6:radio_rssi	16	static
../Core/Src/radio.c:792:6:radio_irq_handler	24	static
../Core/Src/radio.c:868:6:os_radio	16	static
